map(name="APP_GSD_FUSA_App_Management",bgImage="",bgColor="#003366",w="166",h="726",acl="*")
button(legend="Count",arc diameter="10",type="rounded",url="",datasource="NCOMS",label="FUSA OpsReporting Infrastructure",font color="black",y="310",x="130",w="30",entity="APP_OpsReporting_Infrastructure",font="Helvetica",size="10",flash="true",action="Lightweight Event List (LEL)",h="18",style="p",target="main",name="APP_OpsReporting_Infrastructure")
button(legend="Count",arc diameter="10",type="rounded",url="",datasource="NCOMS",label="FUSA Xcheck Infrastructure",font color="black",y="288",x="130",w="30",entity="APP_Xcheck_Infrastructure",font="Helvetica",size="10",flash="true",action="Lightweight Event List (LEL)",h="18",style="p",target="main",name="APP_Xcheck_Infrastructure_4")
button(legend="Count",arc diameter="10",type="rounded",url="",datasource="NCOMS",label="FUSA Scribe Infrastructure",font color="black",y="267",x="130",w="30",entity="APP_Scribe_Infrastructure",font="Helvetica",size="10",flash="true",action="Lightweight Event List (LEL)",h="18",style="p",target="main",name="APP_Scribe_Infrastructure_3")
button(legend="Count",arc diameter="10",type="rounded",url="",datasource="NCOMS",label="FUSA OpsReporting Application",font color="black",y="310",x="95",w="30",entity="APP_OpsReporting_Application",font="Helvetica",size="10",flash="true",action="Active Event List (AEL)",h="18",style="p",target="main",name="APP_OpsReporting_Application_5")
button(legend="Count",arc diameter="10",type="rounded",url="",datasource="NCOMS",label="FUSA Xcheck Application",font color="black",y="288",x="95",w="30",entity="APP_Xcheck_Application",font="Helvetica",size="10",flash="true",action="Active Event List (AEL)",h="18",style="p",target="main",name="APP_Xcheck_Application_4")
button(legend="Count",arc diameter="10",type="rounded",url="",datasource="NCOMS",label="FUSA Scribe Application",font color="black",y="267",x="95",w="30",entity="APP_Scribe_Application",font="Helvetica",size="10",flash="true",action="Active Event List (AEL)",h="18",style="p",target="main",name="APP_Scribe_Application_3")
text(datasource="NCOMS",action="Open URL",flash="true",target="main",entity="",justify="center",font="Helvetica",color="white",label="Ops Reporting",style="p",y="320",url="",size="12",name="APP_FUSA_OpsReporting_Label",x="6")
text(datasource="NCOMS",action="Open URL",flash="true",target="main",entity="",justify="center",font="Helvetica",color="white",label="Xcheck",style="p",y="300",url="",size="12",name="APP_FUSA_Xcheck_Label",x="34")
text(datasource="NCOMS",action="Open URL",flash="true",target="main",entity="",justify="center",font="Helvetica",color="white",label="Scribe",style="p",y="281",url="",size="12",name="APP_FUSA_Scribe_Label",x="39")
button(legend="Count",arc diameter="10",type="rounded",url="",datasource="NCOMS",label="FUSA OWX Infrastructure",font color="black",y="246",x="130",w="30",entity="APP_OWX_Infrastructure",font="Helvetica",size="10",flash="true",action="Lightweight Event List (LEL)",h="18",style="p",target="main",name="APP_OWX_Infrastructure_2")
button(legend="Count",arc diameter="10",type="rounded",url="",datasource="NCOMS",label="FUSA OWX Application",font color="black",y="246",x="95",w="30",entity="APP_OWX_Application",font="Helvetica",size="10",flash="true",action="Active Event List (AEL)",h="18",style="p",target="main",name="APP_OWX_Application_2")
text(datasource="NCOMS",action="Open URL",flash="true",target="main",entity="",justify="center",font="Helvetica",color="white",label="OWX",style="p",y="260",url="",size="12",name="APP_FUSA_OWX_Label_3",x="47")
text(datasource="NCOMS",action="Open URL",flash="true",target="main",entity="",justify="center",font="Helvetica",color="white",label="Thunderhead",style="p",y="0",url="",size="12",name="APP_FUSA_Thunderhead_Label_2",x="0")
button(legend="Count",arc diameter="10",type="rounded",url="",datasource="NCOMS",label="FUSA Thunderhead Infrastructure",font color="black",y="224",x="130",w="30",entity="APP_Thunderhead_Infrastructure",font="Helvetica",size="10",flash="true",action="Lightweight Event List (LEL)",h="18",style="p",target="main",name="APP_Thunderhead_Infrastructure_1")
button(legend="Count",arc diameter="10",type="rounded",url="",datasource="NCOMS",label="FUSA Thunderhead Application",font color="black",y="224",x="95",w="30",entity="APP_Thunderhead_Application",font="Helvetica",size="10",flash="true",action="Active Event List (AEL)",h="18",style="p",target="main",name="APP_Thunderhead_Application_1")
text(datasource="NCOMS",action="Open URL",flash="true",target="main",entity="",justify="center",font="Helvetica",color="white",label="Thunderhead",style="p",y="238",url="",size="12",name="APP_FUSA_Thunderhead_Label_1",x="1")
button(legend="Count",arc diameter="10",type="rounded",url="",datasource="NCOMS",label="FUSA Bridges Infrastructure",font color="black",y="204",x="130",w="30",entity="APP_Bridges_Infrastructure",font="Helvetica",size="10",flash="true",action="Lightweight Event List (LEL)",h="18",style="p",target="main",name="APP_Bridges_Infrastructure")
button(legend="Count",arc diameter="10",type="rounded",url="",datasource="NCOMS",label="FUSA Bridges Application",font color="black",y="204",x="95",w="30",entity="APP_Bridges_Application",font="Helvetica",size="10",flash="true",action="Active Event List (AEL)",h="18",style="p",target="main",name="APP_Bridges_Application")
button(legend="Count",arc diameter="10",type="rounded",url="",datasource="NCOMS",label="ORCA Infrastructure",font color="black",y="184",x="130",w="30",entity="APP_ORCA_Infrastructure",font="Helvetica",size="10",flash="true",action="Lightweight Event List (LEL)",h="18",style="p",target="main",name="APP_ORCA_Infrastructure")
button(legend="Count",arc diameter="10",type="rounded",url="",datasource="NCOMS",label="FUSA ORCA Application",font color="black",y="184",x="95",w="30",entity="APP_ORCA_Application",font="Helvetica",size="10",flash="true",action="Active Event List (AEL)",h="18",style="p",target="main",name="APP_ORCA_Application")
text(datasource="NCOMS",action="Open URL",flash="true",target="main",entity="",justify="center",font="Helvetica",color="white",label="Bridges",style="p",y="218",url="",size="12",name="APP_FUSA_Bridges_Label",x="32")
text(datasource="NCOMS",action="Open URL",flash="true",target="main",entity="",justify="center",font="Helvetica",color="white",label="ORCA",style="p",y="198",url="",size="12",name="APP_FUSA_ORCA_Label",x="40")
button(legend="Count",arc diameter="10",type="rounded",url="",datasource="NCOMS",label="FUSA Boxer Infrastructure",font color="black",y="164",x="130",w="30",entity="APP_Boxer_Infrastructure",font="Helvetica",size="10",flash="true",action="Lightweight Event List (LEL)",h="18",style="p",target="main",name="APP_Boxer_Infrastructure")
button(legend="Count",arc diameter="10",type="rounded",url="",datasource="NCOMS",label="FUSA Boxer Application",font color="black",y="164",x="95",w="30",entity="APP_Boxer_Application",font="Helvetica",size="10",flash="true",action="Active Event List (AEL)",h="18",style="p",target="main",name="APP_Boxer_Application")
text(datasource="NCOMS",action="Open URL",flash="true",target="main",entity="",justify="center",font="Helvetica",color="white",label="Boxer",style="p",y="178",url="",size="12",name="APP_FUSA_Boxer_Label",x="42")
button(legend="Label",arc diameter="20",type="rectangle",url="",datasource="NCOMS",label="FUSA",font color="#330000",y="141",x="0",w="163",font="Helvetica",size="12",action="Open URL",color="#ccccff",h="19",transparent="false",target="main",name="APP_FUSA_Label")
text(datasource="NCOMS",action="Open URL",flash="true",target="",entity="",justify="center",font="Helvetica",color="white",label="Infra",style="p",y="139",url="",size="12",name="APP_GSD_FUSA_Application_Management_Infra_Label",x="133")
text(datasource="NCOMS",action="Open URL",flash="true",target="",entity="",justify="center",font="Helvetica",color="white",label="App",style="p",y="138",url="",size="12",name="APP_GSD_FUSA_Application_Management_App_Label",x="100")
monitor(show highest="false",type="lavalamp",url="",show lowest="false",show highest severity as border="true",datasource="NCOMS",label="untitled",show total="true",y="80",x="42",w="115",entity="APP_GSD_FUSA_Application_Management_AllEvents",font="Helvetica",size="9",flash="true",action="Active Event List (AEL)",show label="false",h="47",foreground color="black",style="p",background color="lightGray",show metric="false",target="main",name="visual_1")
monitor(show highest="false",type="lavalamp",url="",show lowest="false",show highest severity as border="true",datasource="NCOMS",label="untitled",show total="true",y="32",x="42",w="115",entity="APP_GSD_FUSA_Application_Management_UnAcknowledged",font="Helvetica",size="9",flash="true",action="Active Event List (AEL)",show label="false",h="47",foreground color="black",style="p",background color="lightGray",show metric="false",target="main",name="visual_2")
text(datasource="NCOMS",action="Open URL",flash="true",target="main",entity="",justify="center",font="Helvetica",color="white",label="Events",style="p",y="116",url="",size="12",name="APP_GSD_FUSA_APP_Mgmt_AllEvents",x="4")
text(datasource="NCOMS",action="Open URL",flash="true",target="main",entity="",justify="center",font="Helvetica",color="white",label="All",style="p",y="102",url="",size="12",name="APP_GSD_FUSA_App_Mgmt",x="5")
text(datasource="NCOMS",action="Open URL",flash="true",target="main",entity="",justify="center",font="Helvetica",color="white",label="UnAck",style="p",y="57",url="",size="12",name="APP_GSD_FUSA_App_Mgmt_UnAck",x="3")
button(legend="Count",arc diameter="10",type="rounded",url="",datasource="NCOMS",label="FUSA SLA Miss",font color="black",y="0",x="135",w="25",entity="APP_GSD_FUSA_SLAMiss",font="Helvetica",size="10",flash="true",action="Active Event List (AEL)",h="15",style="p",target="main",name="APP_FUSA_SLAMiss")
text(datasource="NCOMS",action="Open URL",flash="true",target="main",entity="",justify="center",font="Helvetica",color="white",label="SLA",style="p",y="12",url="",size="12",name="APP_GSD_FUSA_App_Mgmt_Unack_1",x="108")
text(datasource="NCOMS",action="Open URL",flash="true",target="main",entity="",justify="center",font="Helvetica",color="white",label="GSD FUSA",style="p",y="12",url="",size="12",name="APP_GSD_Operations_Label",x="1")
text(datasource="NCOMS",action="Open URL",flash="true",target="_self",entity="",justify="center",font="Helvetica",color="black",label="untitled",style="p",y="735",url="",size="10",name="visual_3",x="314")
text(datasource="NCOMS",action="Open URL",flash="true",target="main",entity="",justify="center",font="Helvetica",color="white",label="Application Management",style="p",y="25",url="",size="12",name="APP_GSD_FUSA_Label2",x="0")
