map(name="APP_GSD_IBD_IT_GLOBAL_NI_QA",bgImage="NI_QA.gif",bgColor="white",w="230",h="605",acl="*")
button(legend="Count",arc diameter="20",type="ellipse",url="",datasource="NCOMS",label="New_Issues_QA_Big_IP",font color="black",y="188",x="105",w="18",entity="IBD_IT_NEW_ISSUES_QA_BIG_IP",font="Helvetica",size="10",flash="true",action="Active Event List (AEL)",h="18",style="p",target="_self",name="New_Issues_QA_Big_IP_1")
button(legend="Count",arc diameter="20",type="ellipse",url="",datasource="NCOMS",label="New_Issues_QA_Big_IP",font color="black",y="306",x="105",w="18",entity="IBD_IT_NEW_ISSUES_QA_BIG_IP",font="Helvetica",size="10",flash="true",action="Active Event List (AEL)",h="18",style="p",target="_self",name="New_Issues_QA_Big_IP")
button(legend="Count",arc diameter="20",type="ellipse",url="",datasource="NCOMS",label="sldn0212dww",font color="black",y="413",x="28",w="18",entity="IBD_IT_SLDN0212DWW",font="Helvetica",size="10",flash="true",action="Active Event List (AEL)",h="18",style="p",target="_self",name="sldn0212dww")
button(legend="Count",arc diameter="20",type="ellipse",url="",datasource="NCOMS",label="sldn0212dww_1",font color="black",y="414",x="182",w="18",entity="IBD_IT_SLDN0212DWW",font="Helvetica",size="10",flash="true",action="Active Event List (AEL)",h="18",style="p",target="_self",name="sldn0212dww_1")
button(legend="Count",arc diameter="20",type="ellipse",url="",datasource="NCOMS",label="sldn0603dsy",font color="black",y="558",x="105",w="18",entity="IBD_IT_SLDN0603DSY",font="Helvetica",size="10",flash="true",action="Active Event List (AEL)",h="18",style="p",target="_self",name="sldn0603dsy")
