map(name="APP_HR_APPS",bgImage="HRIT_Applications.jpg",bgColor="white",w=650,h=505,acl="*")
button(name="APAC_Regional_Apps",label="none",x=397,y=188,action="Open URL",url="$(SERVER)/applications/HR_IT_GSD_Global/apac_apps.html",target="_self",w=204,h=42,color="white",type="rectangle",arc diameter=20,transparent=true,legend=None,font="Helvetica",size=10,font color="black")
button(name="BTS",label="untitled",x=319,y=322,action="Open URL",url="$(SERVER)/applications/GSD_BTS/index.html",target="_new",w=74,h=34,color="white",type="rectangle",arc diameter=20,transparent=true,legend=None,font="Helvetica",size=10,font color="black")
text(name="Link Enterprise & IAM Interfaces",label="Link Enterprise & IAM Interfaces",x=22,y=71,action="Open URL",url="file://ldnroot/data/ESSOC/IT_ESSOC/HUMAN_RES/GSD/2_Infrastructure/Architecture_Diagrams/HRIT_Interfaces/IAM_LINK_Interface_overview.jpg",target="_new",entity="",datasource="NCOMS",flash="true",font="Helvetica",size=11,justify="center",style="b",color="#0000cc")
text(name="HRIT Major Interfaces overview",label="HRIT Major Interfaces overview",x=22,y=56,action="Open URL",url="file://ldnroot/data/ESSOC/IT_ESSOC/HUMAN_RES/GSD/2_Infrastructure/Architecture_Diagrams/HRIT_Interfaces/HRIT_Interfaces_Overview.jpg",target="_new",entity="",datasource="NCOMS",flash="true",font="Helvetica",size=11,justify="center",style="b",color="#0000cc")
button(name="IB Small Apps",label="none",x=375,y=238,action="Open URL",url="$(SERVER)/applications/HR_IT_GSD_Global/iam_link_ibsmallapps.html",target="_self",w=256,h=112,color="white",type="rectangle",arc diameter=20,transparent=true,legend=None,font="Helvetica",size=10,font color="black")
button(name="360 Online (ETS)",label="untitled",x=199,y=348,action="Open URL",url="https://www.etsplc.com/ubs.asp",target="_new",w=93,h=22,color="white",type="rectangle",arc diameter=20,transparent=true,legend=None,font="Helvetica",size=10,font color="black")
button(name="IAM",label="untitled",x=371,y=141,action="Open URL",url="$(SERVER)/applications/HR_IT_GSD_Global/iam_link_ibsmallapps.html",target="_self",w=79,h=40,color="white",type="rectangle",arc diameter=20,transparent=true,legend=None,font="Helvetica",size=10,font color="black")
button(name="CEFS US",label="CEFS US",x=114,y=383,action="Open URL",url="https://grouphroperations.swissbank.com/web/cefs/index.jsp",target="_new",w=70,h=27,color="white",type="rectangle",arc diameter=20,transparent=true,legend=None,font="Helvetica",size=10,font color="black")
button(name="Benefits UK",label="untitled",x=22,y=348,action="Open URL",url="http:///benefits",target="_new",w=89,h=32,color="white",type="rectangle",arc diameter=20,transparent=true,legend=None,font="Helvetica",size=10,font color="black")
button(name="Benefits US",label="Benefits US",x=24,y=383,action="Open URL",url="http://us-benefits",target="_new",w=82,h=27,color="white",type="rectangle",arc diameter=20,transparent=true,legend=None,font="Helvetica",size=10,font color="black")
button(name="Benefits WMUS",label="Benefits WMUS",x=113,y=347,action="Open URL",url="http://401kplusplan/",target="_new",w=72,h=34,color="white",type="rectangle",arc diameter=20,transparent=true,legend=None,font="Helvetica",size=10,font color="black")
button(name="Milestones",label="untitled",x=199,y=372,action="Open URL",url="http://milestones.ldn.swissbank.com",target="_new",w=93,h=22,color="white",type="rectangle",arc diameter=20,transparent=true,legend=None,font="Helvetica",size=10,font color="black")
button(name="RMT",label="untitled",x=224,y=255,action="Open URL",url="$(SERVER)/applications/HR_IT_GSD_Global/RMT.html",target="_new",w=73,h=39,color="white",type="rectangle",arc diameter=20,transparent=true,legend=None,font="Helvetica",size=10,font color="black")
button(name="Hewitts_RMT_SSO",label="untitled",x=489,y=77,action="Open URL",url="$(SERVER)/applications/HR_IT_GSD_Global/HRSSO.html",target="_self",w=118,h=53,color="white",type="rectangle",arc diameter=20,transparent=true,legend=None,font="Helvetica",size=10,font color="black")
button(name="Self-Certification",label="untitled",x=434,y=396,action="Open URL",url="http://wfapps/ukemployeehandbook/app/",target="_new",w=118,h=25,color="white",type="rectangle",arc diameter=20,transparent=true,legend=None,font="Helvetica",size=10,font color="black")
button(name="Hayes",label="untitled",x=47,y=415,action="Open URL",url="http://www.professionalrecruiting-ubs.com",target="_new",w=116,h=28,color="white",type="rectangle",arc diameter=20,transparent=true,legend=None,font="Helvetica",size=10,font color="black")
button(name="ThankYou",label="untitled",x=195,y=399,action="Open URL",url="https://www.recognizingextraordinaryeffort.com",target="_new",w=97,h=38,color="white",type="rectangle",arc diameter=20,transparent=true,legend=None,font="Helvetica",size=10,font color="black")
button(name="LINK",label="untitled",x=366,y=82,action="Open URL",url="$(SERVER)/applications/HR_IT_GSD_Global/iam_link_ibsmallapps.html",target="_self",w=81,h=53,color="white",type="rectangle",arc diameter=20,transparent=true,legend=None,font="Helvetica",size=10,font color="black")
button(name="MDIT",label="untitled",x=30,y=259,action="Open URL",url="$(SERVER)/applications/HR_IT_GSD_Global/grw_hc_midas.html",target="_self",w=92,h=43,color="white",type="rectangle",arc diameter=20,transparent=true,legend=None,font="Helvetica",size=10,font color="black")
button(name="GRW",label="untitled",x=18,y=181,action="Open URL",url="$(SERVER)/applications/HR_IT_GSD_Global/grw_hc_midas.html",target="_self",w=111,h=57,color="white",type="rectangle",arc diameter=20,transparent=true,legend=None,font="Helvetica",size=10,font color="black")
button(name="HRi",label="untitled",x=219,y=188,action="Open URL",url="$(SERVER)/applications/HR_IT_GSD_Global/hri_pmm.html",target="_self",w=89,h=41,color="white",type="rectangle",arc diameter=20,transparent=true,legend=None,font="Helvetica",size=10,font color="black")
button(name="PMM",label="untitled",x=160,y=104,action="Open URL",url="$(SERVER)/applications/HR_IT_GSD_Global/hri_pmm.html",target="_self",w=89,h=41,color="white",type="rectangle",arc diameter=20,transparent=true,legend=None,font="Helvetica",size=10,font color="black")
button(name="CPi",label="untitled",x=31,y=106,action="Open URL",url="$(SERVER)/applications/HR_IT_GSD_Global/cpi_new.html",target="_self",w=84,h=41,color="white",type="rectangle",arc diameter=20,transparent=true,legend=None,font="Helvetica",size=10,font color="black")
