map(name="APP_CENTRAL_OPS",bgImage="",bgColor="#003366",w="140",h="635",acl="*")
text(datasource="NCOMS",action="Open URL",flash="true",target="_self",entity="",justify="center",font="Helvetica",color="#ff3333",label="Applications",style="b",y="40",url="",size="15",name="app_name_1",x="30")
text(datasource="NCOMS",action="Open URL",flash="true",target="_self",entity="",justify="center",font="Helvetica",color="white",label="GMS",style="b",y="343",url="",size="14",name="visual_4",x="50")
monitor(show highest="false",type="lavalamp",url="$(SERVER)/lwsel/lwsel.jsp?entityname=GMS_GLOBAL",show lowest="false",show highest severity as border="false",datasource="NCOMS",label="untitled",show total="true",y="259",x="11",w="118",entity="GMS_GLOBAL",font="Helvetica",size="10",flash="true",action="Active Event List (AEL)",style="p",show label="false",h="54",foreground color="black",background color="lightGray",show metric="false",target="main",name="visual_12")
monitor(show highest="false",type="lavalamp",url="$(SERVER)/lwsel/lwsel.jsp?entityname=CENTRAL_OPS_CRITICAL",show lowest="false",show highest severity as border="false",datasource="NCOMS",label="untitled",show total="true",y="135",x="11",w="118",entity="CENTRAL_OPS_CRITICAL",font="Helvetica",size="10",flash="true",action="Open URL",style="p",show label="false",h="54",foreground color="black",background color="lightGray",show metric="false",target="main",name="visual_6")
monitor(show highest="false",type="lavalamp",url="$(SERVER)/lwsel/lwsel.jsp?entityname=CENTRAL_OPS_ALL",show lowest="false",show highest severity as border="false",datasource="NCOMS",label="untitled",show total="true",y="55",x="10",w="118",entity="CENTRAL_OPS_ALL",font="Helvetica",size="10",flash="true",action="Open URL",style="p",show label="false",h="54",foreground color="black",background color="lightGray",show metric="false",target="main",name="visual_3")
text(datasource="NCOMS",action="Open URL",flash="true",target="_self",entity="",justify="center",font="Helvetica",color="white",label="All Critical Events",y="204",style="b",url="",size="14",name="visual_10",x="9")
text(datasource="NCOMS",action="Open URL",flash="true",target="_self",entity="",justify="center",font="Helvetica",color="white",label="All Events",y="125",style="b",url="",size="14",name="visual_2",x="35")
text(datasource="NCOMS",action="Open URL",flash="true",target="_self",entity="",justify="center",font="Helvetica",color="#ff3333",label="Netcool Monitored",y="20",style="b",url="",size="15",name="app_name",x="5")
