map(name="APP_ERDQtreesShared_Infra_map",bgImage="ERD_QtreesShared_Infra_Map.gif",bgColor="white",w="960",h="680",acl="RESEARCH_APPLICATION_SUPPORT")
text(datasource="NCOMS",action="Open URL",flash="true",target="_self",entity="",justify="center",font="TimesRoman",color="white",label="ER&D Shared Qtrees",y="17",style="b",url="",size="20",name="visual_1",x="395")
button(legend="Count",arc diameter="20",type="rectangle",url="",datasource="NCOMS",label="untitled",font color="black",y="483",x="783",w="40",entity="APP_ERDQtree_ldn_wintel5",font="Helvetica",size="10",flash="false",action="Active Event List (AEL)",h="36",style="p",target="main",name="APP_ERDQtree_ldn_wintel5")
button(legend="Count",arc diameter="20",type="rectangle",url="",datasource="NCOMS",label="untitled",font color="black",y="484",x="676",w="40",entity="APP_ERDQtree_ldn_wintel4",font="Helvetica",size="10",flash="false",action="Active Event List (AEL)",h="36",style="p",target="main",name="APP_ERDQtree_ldn_wintel4")
button(legend="Count",arc diameter="20",type="rectangle",url="",datasource="NCOMS",label="untitled",font color="black",y="314",x="881",w="40",entity="APP_ERDQtree_ldn_wintel3",font="Helvetica",size="10",flash="false",action="Active Event List (AEL)",h="36",style="p",target="main",name="APP_ERDQtree_ldn_wintel3")
button(legend="Count",arc diameter="20",type="rectangle",url="",datasource="NCOMS",label="untitled",font color="black",y="314",x="779",w="40",entity="APP_ERDQtree_ldn_wintel2",font="Helvetica",size="10",flash="false",action="Active Event List (AEL)",h="36",style="p",target="main",name="APP_ERDQtree_ldn_wintel2")
button(legend="Count",arc diameter="20",type="rectangle",url="",datasource="NCOMS",label="untitled",font color="black",y="316",x="675",w="40",entity="APP_ERDQtree_ldn_wintel",font="Helvetica",size="10",flash="false",action="Active Event List (AEL)",h="36",style="p",target="main",name="APP_ERDQtree_ldn_wintel")
button(legend="Count",arc diameter="20",type="rectangle",url="",datasource="NCOMS",label="untitled",font color="black",y="101",x="878",w="40",entity="APP_ERDQtree_ldn_app3",font="Helvetica",size="10",flash="false",action="Active Event List (AEL)",h="36",style="p",target="main",name="APP_ERDQtree_ldn_app3")
button(legend="Count",arc diameter="20",type="rectangle",url="",datasource="NCOMS",label="untitled",font color="black",y="101",x="774",w="40",entity="APP_ERDQtree_ldn_app2",font="Helvetica",size="10",flash="false",action="Active Event List (AEL)",h="36",style="p",target="main",name="APP_ERDQtree_ldn_app2")
button(legend="Count",arc diameter="20",type="rectangle",url="",datasource="NCOMS",label="untitled",font color="black",y="101",x="671",w="40",entity="APP_ERDQtree_ldn_app",font="Helvetica",size="10",flash="false",action="Active Event List (AEL)",h="36",style="p",target="main",name="APP_ERDQtree_ldn_app")
button(legend="Count",arc diameter="20",type="rectangle",url="",datasource="NCOMS",label="untitled",font color="black",y="484",x="567",w="40",entity="APP_ERDQtree_nyc_wintel6",font="Helvetica",size="10",flash="false",action="Active Event List (AEL)",h="36",style="p",target="main",name="APP_ERDQtree_nyc_wintel6")
button(legend="Count",arc diameter="20",type="rectangle",url="",datasource="NCOMS",label="untitled",font color="black",y="484",x="465",w="40",entity="APP_ERDQtree_nyc_wintel5",font="Helvetica",size="10",flash="false",action="Active Event List (AEL)",h="36",style="p",target="main",name="APP_ERDQtree_nyc_wintel5")
button(legend="Count",arc diameter="20",type="rectangle",url="",datasource="NCOMS",label="untitled",font color="black",y="486",x="361",w="40",entity="APP_ERDQtree_nyc_wintel4",font="Helvetica",size="10",flash="false",action="Active Event List (AEL)",h="36",style="p",target="main",name="APP_ERDQtree_nyc_wintel4")
button(legend="Count",arc diameter="20",type="rectangle",url="",datasource="NCOMS",label="untitled",font color="black",y="316",x="569",w="40",entity="APP_ERDQtree_nyc_wintel3",font="Helvetica",size="10",flash="false",action="Active Event List (AEL)",h="36",style="p",target="main",name="APP_ERDQtree_nyc_wintel3")
button(legend="Count",arc diameter="20",type="rectangle",url="",datasource="NCOMS",label="untitled",font color="black",y="316",x="465",w="40",entity="APP_ERDQtree_nyc_wintel2",font="Helvetica",size="10",flash="false",action="Active Event List (AEL)",h="36",style="p",target="main",name="APP_ERDQtree_nyc_wintel2")
button(legend="Count",arc diameter="20",type="rectangle",url="",datasource="NCOMS",label="untitled",font color="black",y="319",x="362",w="40",entity="APP_ERDQtree_nyc_wintel",font="Helvetica",size="10",flash="false",action="Active Event List (AEL)",h="36",style="p",target="main",name="APP_ERDQtree_nyc_wintel")
button(legend="Count",arc diameter="20",type="rectangle",url="",datasource="NCOMS",label="untitled",font color="black",y="100",x="569",w="40",entity="APP_ERDQtree_stm_wintel3",font="Helvetica",size="10",flash="false",action="Active Event List (AEL)",h="36",style="p",target="main",name="APP_ERDQtree_stm_wintel3")
button(legend="Count",arc diameter="20",type="rectangle",url="",datasource="NCOMS",label="untitled",font color="black",y="100",x="465",w="40",entity="APP_ERDQtree_stm_wintel2",font="Helvetica",size="10",flash="false",action="Active Event List (AEL)",h="36",style="p",target="main",name="APP_ERDQtree_stm_wintel2")
button(legend="Count",arc diameter="20",type="rectangle",url="",datasource="NCOMS",label="untitled",font color="black",y="102",x="362",w="40",entity="APP_ERDQtree_stm_wintel",font="Helvetica",size="10",flash="false",action="Active Event List (AEL)",h="36",style="p",target="main",name="APP_ERDQtree_stm_wintel")
button(legend="Count",arc diameter="20",type="rectangle",url="",datasource="NCOMS",label="untitled",font color="black",y="548",x="245",w="40",entity="APP_ERDQtree_tky_wintel",font="Helvetica",size="10",flash="false",action="Active Event List (AEL)",h="36",style="p",target="main",name="APP_ERDQtree_tky_wintel")
button(legend="Count",arc diameter="20",type="rectangle",url="",datasource="NCOMS",label="untitled",font color="black",y="546",x="146",w="40",entity="APP_ERDQtree_tky_app2",font="Helvetica",size="10",flash="false",action="Active Event List (AEL)",h="36",style="p",target="main",name="APP_ERDQtree_tky_app2")
button(legend="Count",arc diameter="20",type="rectangle",url="",datasource="NCOMS",label="untitled",font color="black",y="546",x="49",w="40",entity="APP_ERDQtree_tky_app",font="Helvetica",size="10",flash="false",action="Active Event List (AEL)",h="36",style="p",target="main",name="APP_ERDQtree_tky_app")
button(legend="Count",arc diameter="20",type="rectangle",url="",datasource="NCOMS",label="untitled",font color="black",y="381",x="261",w="40",entity="APP_ERDQtree_hkg_wintel2",font="Helvetica",size="10",flash="false",action="Active Event List (AEL)",h="36",style="p",target="main",name="APP_ERDQtree_hkg_wintel2")
button(legend="Count",arc diameter="20",type="rectangle",url="",datasource="NCOMS",label="untitled",font color="black",y="381",x="175",w="40",entity="APP_ERDQtree_hkg_wintel",font="Helvetica",size="10",flash="false",action="Active Event List (AEL)",h="36",style="p",target="main",name="APP_ERDQtree_hkg_wintel")
button(legend="Count",arc diameter="20",type="rectangle",url="",datasource="NCOMS",label="untitled",font color="black",y="381",x="95",w="40",entity="APP_ERDQtree_hkg_app2",font="Helvetica",size="10",flash="false",action="Active Event List (AEL)",h="36",style="p",target="main",name="APP_ERDQtree_hkg_app2")
button(legend="Count",arc diameter="20",type="rectangle",url="",datasource="NCOMS",label="untitled",font color="black",y="380",x="23",w="40",entity="APP_ERDQtree_hkg_app",font="Helvetica",size="10",flash="false",action="Active Event List (AEL)",h="36",style="p",target="main",name="APP_ERDQtree_hkg_app")
button(legend="Count",arc diameter="20",type="rectangle",url="",datasource="NCOMS",label="untitled",font color="black",y="217",x="255",w="40",entity="APP_ERDQtree_syd_wintel",font="Helvetica",size="10",flash="false",action="Active Event List (AEL)",h="36",style="p",target="main",name="APP_ERDQtree_sng_app_4")
button(legend="Count",arc diameter="20",type="rectangle",url="",datasource="NCOMS",label="untitled",font color="black",y="217",x="152",w="40",entity="APP_ERDQtree_syd_app2",font="Helvetica",size="10",flash="false",action="Active Event List (AEL)",h="36",style="p",target="main",name="APP_ERDQtree_syd_app2")
button(legend="Count",arc diameter="20",type="rectangle",url="",datasource="NCOMS",label="untitled",font color="black",y="218",x="50",w="40",entity="APP_ERDQtree_syd_app",font="Helvetica",size="10",flash="false",action="Active Event List (AEL)",h="36",style="p",target="main",name="APP_ERDQtree_syd_app")
button(legend="Count",arc diameter="20",type="rectangle",url="",datasource="NCOMS",label="untitled",font color="black",y="59",x="243",w="40",entity="APP_ERDQtree_sng_wintel",font="Helvetica",size="10",flash="false",action="Active Event List (AEL)",h="36",style="p",target="main",name="APP_ERDQtree_sng_wintel")
button(legend="Count",arc diameter="20",type="rectangle",url="",datasource="NCOMS",label="untitled",font color="black",y="60",x="141",w="40",entity="APP_ERDQtree_sng_app",font="Helvetica",size="10",flash="false",action="Active Event List (AEL)",h="36",style="p",target="main",name="APP_ERDQtree_sng_app")
