map(name="APP_PnL_Tools",bgImage="",bgColor="#003366",w="160",h="750",acl="*")
button(legend="Count",arc diameter="10",type="rounded",url="",datasource="NCOMS",label="SCT Infrastructure",font color="black",y="475",x="130",w="30",entity="APP_SCT_Infrastructure",font="Helvetica",size="10",flash="true",action="Lightweight Event List (LEL)",h="18",style="+_fontStyle+",target="main",name="APP_SCT_Infrastructure")
button(legend="Count",arc diameter="10",type="rounded",url="",datasource="NCOMS",label="SCT Application",font color="black",y="475",x="95",w="30",entity="APP_SCT_APP",font="Helvetica",size="10",flash="true",action="Active Event List (AEL)",h="18",style="+_fontStyle+",target="main",name="APP_SCT_Application")
text(datasource="NCOMS",name="APP_SCT_Consol_Label",url="",style="b",font="Helvetica",justify="center",action="Open URL",color="white",entity="",flash="true",target="",y="485",x="5",label="Single Cost Tool",size="10")
text(datasource="NCOMS",name="APP_SWISS_CMIS_Label_13",url="",style="b",font="Helvetica",justify="center",action="Open URL",color="white",entity="",flash="true",target="",y="720",x="5",label="PnL Checks",size="10")
button(legend="Count",arc diameter="10",type="rounded",url="",datasource="NCOMS",label="PnLChecks",font color="black",y="710",x="120",w="30",entity="APP_PnL_Checkpoint",font="Helvetica",size="10",flash="true",action="Active Event List (AEL)",h="18",style="+_fontStyle+",target="main",name="APP_SOCRATES_Application_13")
button(legend="Count",arc diameter="10",type="rounded",url="",datasource="NCOMS",label="CMIS Checks",font color="black",y="685",x="120",w="30",entity="APP_CMIS_Checkpoint",font="Helvetica",size="10",flash="true",action="Active Event List (AEL)",h="18",style="+_fontStyle+",target="main",name="APP_SOCRATES_Application_12")
text(datasource="NCOMS",name="APP_SWISS_CMIS_Label_12",url="",style="b",font="Helvetica",justify="center",action="Open URL",color="white",entity="",flash="true",target="",y="695",x="5",label="CMIS Checks",size="10")
button(legend="Label",arc diameter="20",type="rectangle",url="",datasource="NCOMS",label="System Health Checks",font color="#330000",y="650",x="0",w="158",font="Helvetica",size="12",action="Open URL",color="#ccccff",h="20",transparent="false",target="main",name="APP_FSM_FX_Direct_Bar1_Label_3")
text(datasource="NCOMS",name=" 10-20_mins_LABEL",url="",style="p",font="Helvetica",justify="center",action="Open URL",color="black",entity="",flash="true",target="_self",y="270",x="20",label="10-20 mins",size="12")
text(datasource="NCOMS",name="5-10_mins_LABEL",url="",style="p",font="Helvetica",justify="center",action="Open URL",color="black",entity="",flash="true",target="_self",y="245",x="25",label="5-10 mins",size="12")
text(datasource="NCOMS",name="0-5_mins_LABEL",url="",style="p",font="Helvetica",justify="center",action="Open URL",color="black",entity="",flash="true",target="_self",y="220",x="25",label="0-5 mins",size="12")
text(datasource="NCOMS",name="SLA_Breach_LABEL",url="",style="p",font="Helvetica",justify="center",action="Open URL",color="black",entity="",flash="true",target="_self",y="195",x="20",label="SLA Breach",size="12")
text(datasource="NCOMS",name="Time_To_SLA_Breach_LABEL",url="",style="p",font="Helvetica",justify="center",action="Open URL",color="black",entity="",flash="true",target="_self",y="175",x="25",label="Time to SLA Breach",size="12")
button(legend="Count",arc diameter="10",type="rounded",url="",datasource="NCOMS",label="",font color="black",y="260",x="110",w="30",entity="APP_PnL_Tools_Unacknowledged_10-20",font="Helvetica",size="10",flash="true",action="Active Event List (AEL)",h="18",style="+_fontStyle+",target="main",name="10-20_mins_ENT")
button(legend="Count",arc diameter="10",type="rounded",url="",datasource="NCOMS",label="",font color="black",y="235",x="110",w="30",entity="APP_PnL_Tools_Unacknowledged_5-10",font="Helvetica",size="10",flash="true",action="Active Event List (AEL)",h="18",style="+_fontStyle+",target="main",name="5-10_mins_ENT")
button(legend="Count",arc diameter="10",type="rounded",url="",datasource="NCOMS",label="",font color="black",y="210",x="110",w="30",entity="APP_PnL_Tools_Unacknowledged_0-5",font="Helvetica",size="10",flash="true",action="Active Event List (AEL)",h="18",style="+_fontStyle+",target="main",name="0-5_mins_ENT")
button(legend="Count",arc diameter="10",type="rounded",url="",datasource="NCOMS",label="",font color="black",y="185",x="110",w="30",entity="APP_PnL_Tools_SLA_Unacknowledged",font="Helvetica",size="10",flash="true",action="Active Event List (AEL)",h="18",style="+_fontStyle+",target="main",name="SLA_Breach_ENT")
button(legend="None",arc diameter="20",type="rectangle",url="",datasource="NCOMS",label="untitled",font color="black",y="255",x="10",w="90",font="Helvetica",size="10",action="Open URL",color="#ccffcc",h="25",transparent="false",target="_self",name="10-20_mins")
button(legend="None",arc diameter="20",type="rectangle",url="",datasource="NCOMS",label="untitled",font color="black",y="230",x="10",w="90",font="Helvetica",size="10",action="Open URL",color="#ccffff",h="25",transparent="false",target="_self",name="5-10_mins")
button(legend="None",arc diameter="20",type="rectangle",url="",datasource="NCOMS",label="untitled",font color="black",y="205",x="10",w="90",font="Helvetica",size="10",action="Open URL",color="#ffffcc",h="25",transparent="false",target="_self",name="0-5_mins")
button(legend="None",arc diameter="20",type="rectangle",url="",datasource="NCOMS",label="untitled",font color="black",y="180",x="10",w="90",font="Helvetica",size="10",action="Open URL",color="#ffcccc",h="25",transparent="false",target="_self",name="SLA_BREACHED")
button(legend="None",arc diameter="20",type="rectangle",url="",datasource="NCOMS",label="untitled",font color="black",y="160",x="10",w="143",font="Helvetica",size="10",action="Open URL",color="#ccccff",h="20",transparent="false",target="_self",name="SLA_BREACH")
text(datasource="NCOMS",name="APP_SWISS_CMIS_Label",url="",style="b",font="Helvetica",justify="center",action="Open URL",color="white",entity="",flash="true",target="",y="635",x="10",label="Swiss CMIS",size="10")
text(datasource="NCOMS",name="APP_CMIS_Decaf_Label",url="",style="b",font="Helvetica",justify="center",action="Open URL",color="white",entity="",flash="true",target="",y="615",x="10",label="CMIS Decaf",size="10")
text(datasource="NCOMS",name="APP_CMIS_SMRS_Label",url="",style="b",font="Helvetica",justify="center",action="Open URL",color="white",entity="",flash="true",target="",y="585",x="10",label="CMIS SMRS",size="10")
text(datasource="NCOMS",name="APP_CMIS_Reporting_Label",url="",style="b",font="Helvetica",justify="center",action="Open URL",color="white",entity="",flash="true",target="",y="560",x="10",label="CMIS Reporting",size="10")
text(datasource="NCOMS",name="APP_CMIS_LOADS_Label",url="",style="b",font="Helvetica",justify="center",action="Open URL",color="white",entity="",flash="true",target="",y="540",x="10",label="CMIS Loads",size="10")
button(legend="Count",arc diameter="10",type="rounded",url="",datasource="NCOMS",label="SWISS CMIS Infrastructure",font color="black",y="625",x="130",w="30",entity="APP_SWISS_CMIS_Infrastructure",font="Helvetica",size="10",flash="true",action="Active Event List (AEL)",h="18",style="+_fontStyle+",target="main",name="APP_SWISS_CMIS_Infrastructure")
button(legend="Count",arc diameter="10",type="rounded",url="",datasource="NCOMS",label="CMIS Infrastructure",font color="black",y="525",x="130",w="30",entity="APP_CMIS_Infrastructure",font="Helvetica",size="10",flash="true",action="Active Event List (AEL)",h="94",style="+_fontStyle+",target="main",name="APP_CMIS_Infrastructure")
button(legend="Count",arc diameter="10",type="rounded",url="",datasource="NCOMS",label="SWISS CMIS Application",font color="black",y="625",x="95",w="30",entity="APP_SWISS_CMIS_Application",font="Helvetica",size="10",flash="true",action="Active Event List (AEL)",h="18",style="+_fontStyle+",target="main",name="APP_SWISS_CMIS_Application")
button(legend="Count",arc diameter="10",type="rounded",url="",datasource="NCOMS",label="CMIS Decaf Application",font color="black",y="600",x="95",w="30",entity="APP_CMIS_DECAF_Application",font="Helvetica",size="10",flash="true",action="Active Event List (AEL)",h="18",style="+_fontStyle+",target="main",name="APP_CMIS_DECAF_Application")
button(legend="Count",arc diameter="10",type="rounded",url="",datasource="NCOMS",label="CMIS SMRS",font color="black",y="575",x="95",w="30",entity="APP_CMIS_SMRS_Application",font="Helvetica",size="10",flash="true",action="Active Event List (AEL)",h="18",style="+_fontStyle+",target="main",name="APP_CMIS_SMRS_Application")
button(legend="Count",arc diameter="10",type="rounded",url="",datasource="NCOMS",label="CMIS Reporting",font color="black",y="550",x="95",w="30",entity="APP_CMIS_REP_Application",font="Helvetica",size="10",flash="true",action="Active Event List (AEL)",h="18",style="+_fontStyle+",target="main",name="APP_CMIS_REP_Application")
button(legend="Count",arc diameter="10",type="rounded",url="",datasource="NCOMS",label="CMIS Loads",font color="black",y="525",x="95",w="30",entity="APP_CMIS_LOADS_Application",font="Helvetica",size="10",flash="true",action="Active Event List (AEL)",h="18",style="+_fontStyle+",target="main",name="APP_CMIS_Loads_Application")
button(legend="Label",arc diameter="20",type="rectangle",url="",datasource="NCOMS",label="CMIS Applications",font color="#330000",y="500",x="0",w="158",font="Helvetica",size="12",action="Open URL",color="#ccccff",h="20",transparent="false",target="main",name="APP_FSM_FX_Direct_Bar1_Label_1")
button(legend="Count",arc diameter="10",type="rounded",url="",datasource="NCOMS",label="UBSW Consol  Infrastructure",font color="black",y="450",x="130",w="30",entity="APP_UBSW_Consol_Infrastructure",font="Helvetica",size="10",flash="true",action="Lightweight Event List (LEL)",h="18",style="+_fontStyle+",target="main",name="APP_UBSW_Consol_Infrastructure")
button(legend="Count",arc diameter="10",type="rounded",url="",datasource="NCOMS",label="Equity Consol  Application",font color="black",y="450",x="95",w="30",entity="APP_UBSW_Consol_Application",font="Helvetica",size="10",flash="true",action="Active Event List (AEL)",h="18",style="+_fontStyle+",target="main",name="APP_UBSW_Consol_Application")
button(legend="Count",arc diameter="10",type="rounded",url="",datasource="NCOMS",label="Holmes  Infrastructure",font color="black",y="425",x="130",w="30",entity="APP_Holmes_Infrastructure",font="Helvetica",size="10",flash="true",action="Lightweight Event List (LEL)",h="18",style="+_fontStyle+",target="main",name="APP_Holmes_Infrastructure")
button(legend="Count",arc diameter="10",type="rounded",url="",datasource="NCOMS",label="Holmes  Application",font color="black",y="425",x="95",w="30",entity="APP_Holmes_Application",font="Helvetica",size="10",flash="true",action="Active Event List (AEL)",h="18",style="+_fontStyle+",target="main",name="APP_Holmes_Application")
text(datasource="NCOMS",name="APP_UBSW_Consol_Label",url="",style="b",font="Helvetica",justify="center",action="Open URL",color="white",entity="",flash="true",target="",y="460",x="10",label="UBSW Consol",size="10")
text(datasource="NCOMS",name="APP_Holmes_Label",url="",style="b",font="Helvetica",justify="center",action="Open URL",color="white",entity="",flash="true",target="",y="435",x="10",label="Holmes",size="10")
text(datasource="NCOMS",name="APP_Equity_Consol_Label",url="",style="b",font="Helvetica",justify="center",action="Open URL",color="white",entity="",flash="true",target="",y="410",x="10",label="Equity Consol",size="10")
text(datasource="NCOMS",name="APP_Ranger_Label",url="",style="b",font="Helvetica",justify="center",action="Open URL",color="white",entity="",flash="true",target="",y="385",x="10",label="Ranger",size="10")
text(datasource="NCOMS",name="APP_Nepal_Label",url="",style="b",font="Helvetica",justify="center",action="Open URL",color="white",entity="",flash="true",target="",y="360",x="10",label="Nepal",size="10")
button(legend="Count",arc diameter="10",type="rounded",url="",datasource="NCOMS",label="Equity Consol Infrastructure",font color="black",y="400",x="130",w="30",entity="APP_Equity_Consol_Infrastructure",font="Helvetica",size="10",flash="true",action="Lightweight Event List (LEL)",h="18",style="+_fontStyle+",target="main",name="APP_Equity_Consol_Infrastructure")
button(legend="Count",arc diameter="10",type="rounded",url="",datasource="NCOMS",label="CTAS Infrastructure",font color="black",y="375",x="130",w="30",entity="APP_Ranger_PnL_Infrastructure",font="Helvetica",size="10",flash="true",action="Lightweight Event List (LEL)",h="18",style="+_fontStyle+",target="main",name="APP_Ranger_Infrastructure")
button(legend="Count",arc diameter="10",type="rounded",url="",datasource="NCOMS",label="Nepal Infrastructure",font color="black",y="350",x="130",w="30",entity="APP_Nepal_Infrastructure",font="Helvetica",size="10",flash="true",action="Lightweight Event List (LEL)",h="18",style="+_fontStyle+",target="main",name="APP_Nepal_Infrastructure")
button(legend="Count",arc diameter="10",type="rounded",url="",datasource="NCOMS",label="Equity Consol  Application",font color="black",y="400",x="95",w="30",entity="APP_Equity_Consol_Application",font="Helvetica",size="10",flash="true",action="Active Event List (AEL)",h="18",style="+_fontStyle+",target="main",name="APP_Equity_Consol_Application")
button(legend="Count",arc diameter="10",type="rounded",url="",datasource="NCOMS",label="Ranger Application",font color="black",y="375",x="95",w="30",entity="APP_Ranger_PnL_Application",font="Helvetica",size="10",flash="true",action="Active Event List (AEL)",h="18",style="+_fontStyle+",target="main",name="APP_Ranger_Application")
button(legend="Count",arc diameter="10",type="rounded",url="",datasource="NCOMS",label="Nepal Application",font color="black",y="350",x="95",w="30",entity="APP_Nepal_Application",font="Helvetica",size="10",flash="true",action="Active Event List (AEL)",h="18",style="+_fontStyle+",target="main",name="APP_Nepal_Application")
text(datasource="NCOMS",name="APP_PnL_Tools_Infra_Label",url="",style="p",font="Helvetica",justify="center",action="Open URL",color="white",entity="",flash="true",target="",y="295",x="130",label="Infra",size="12")
text(datasource="NCOMS",name="APP_PnL_Tools_App_Label",url="",style="p",font="Helvetica",justify="center",action="Open URL",color="white",entity="",flash="true",target="",y="295",x="100",label="App",size="12")
text(datasource="NCOMS",name="APP_PnL_Tools_AllEvents_Label2",url="",style="p",font="Helvetica",justify="center",action="Open URL",color="white",entity="",flash="true",target="",y="135",x="0",label="Events",size="12")
text(datasource="NCOMS",name="APP_PnL_Tools_AllEvents_Label1",url="",style="p",font="Helvetica",justify="center",action="Open URL",color="white",entity="",flash="true",target="",y="120",x="10",label="All",size="12")
text(datasource="NCOMS",name="APP_PnL_Tools_UnAck_Label",url="",style="p",font="Helvetica",justify="center",action="Open URL",color="white",entity="",flash="true",target="",y="72",x="2",label="UnAck",size="12")
monitor(show highest="false",type="lavalamp",url="",show lowest="false",show highest severity as border="true",datasource="NCOMS",label="UnAcknowledged",show total="true",y="37",x="40",w="121",entity="APP_PnL_Tools_UnAck",font="Helvetica",size="10",flash="true",action="Active Event List (AEL)",style="p",show label="false",h="56",foreground color="black",background color="lightGray",show metric="false",target="main",name="APP_PnL_Tools_UnAck")
monitor(show highest="false",type="lavalamp",url="",show lowest="false",show highest severity as border="true",datasource="NCOMS",label="All Events",show total="true",y="95",x="40",w="120",entity="APP_PnL_Tools_AllEvents",font="Helvetica",size="10",flash="true",action="Active Event List (AEL)",style="p",show label="false",h="56",foreground color="black",background color="lightGray",show metric="false",target="main",name="APP_PnL_Tools_AllEvents")
text(datasource="NCOMS",name="APP_SOCRATES_Label",url="",style="b",font="Helvetica",justify="center",action="Open URL",color="white",entity="",flash="true",target="",y="340",x="10",label="SOCRATES",size="10")
text(datasource="NCOMS",name="APP_PnL_Tools_Label",url="",style="p",font="Helvetica",justify="center",action="Open URL",color="white",entity="",flash="true",target="",y="24",x="17",label="Profit 'n' Loss Tools",size="14")
button(legend="Count",arc diameter="10",type="rounded",url="",datasource="NCOMS",label="SOCRATES Infrastructure",font color="black",y="325",x="130",w="30",entity="APP_SOCRATES_Infrastructure",font="Helvetica",size="10",flash="true",action="Lightweight Event List (LEL)",h="18",style="+_fontStyle+",target="main",name="APP_SOCRATES_Infrastructure")
button(legend="Label",arc diameter="20",type="rectangle",url="",datasource="NCOMS",label="Profit 'n' Loss Applications",font color="#330000",y="300",x="0",w="158",font="Helvetica",size="12",action="Open URL",color="#ccccff",h="20",transparent="false",target="main",name="APP_FSM_FX_Direct_Bar1_Label")
button(legend="Count",arc diameter="10",type="rounded",url="",datasource="NCOMS",label="SOCRATES Application",font color="black",y="325",x="95",w="30",entity="APP_SOCRATES_Application",font="Helvetica",size="10",flash="true",action="Active Event List (AEL)",h="18",style="+_fontStyle+",target="main",name="APP_SOCRATES_Application")