map(name="APP_RAP_Infra_Map",bgImage="RAP_Infra.gif",bgColor="white",w="960",h="680",acl="*")
button(legend="Count",arc diameter="20",type="rectangle",url="",datasource="NCOMS",label="untitled",font color="black",y="226",x="52",w="34",entity="App_RAP_Infra_syd_webapp",font="Helvetica",size="10",flash="true",action="Active Event List (AEL)",h="37",style="p",target="_self",name="syd_webapp1")
button(legend="Count",arc diameter="20",type="rectangle",url="",datasource="NCOMS",label="untitled",font color="black",y="224",x="426",w="35",entity="APP_RAP_infra_hkg_webapp",font="Helvetica",size="10",flash="true",action="Active Event List (AEL)",h="38",style="p",target="_self",name="hkg_webapp")
button(legend="Count",arc diameter="20",type="rectangle",url="",datasource="NCOMS",label="Golden Gate Replication",font color="black",y="537",x="507",w="98",entity="APP_RAP_ggrep_ldn",font="Helvetica",size="10",flash="true",action="Active Event List (AEL)",h="14",style="p",target="_self",name="ldn_gg_rep")
button(legend="Count",arc diameter="20",type="ellipse",url="",datasource="NCOMS",label="untitled",font color="black",y="366",x="325",w="47",entity="APP_RAP_tky_db_products",font="Helvetica",size="10",flash="true",action="Active Event List (AEL)",h="22",style="p",target="_self",name="tky_db_products")
button(legend="Count",arc diameter="20",type="ellipse",url="",datasource="NCOMS",label="untitled",font color="black",y="370",x="631",w="46",entity="APP_RAP_stm_db_products",font="Helvetica",size="10",flash="true",action="Active Event List (AEL)",h="23",style="p",target="_self",name="stm_db_products")
text(datasource="NCOMS",action="Open URL",flash="true",target="_self",entity="",justify="center",font="Helvetica",color="black",label="151.191.48.22",y="99",style="p",url="",size="10",name="stm_bigip_label",x="617")
text(datasource="NCOMS",action="Open URL",flash="true",target="_self",entity="",justify="center",font="Helvetica",color="black",label="139.149.61.188",y="101",style="p",url="",size="10",name="bigip_label",x="822")
button(legend="Count",arc diameter="20",type="rectangle",url="",datasource="NCOMS",label="untitled",font color="black",y="118",x="800",w="112",entity="APP_RAP_infra_ldn_bigip",font="Helvetica",size="10",flash="true",action="Active Event List (AEL)",h="15",style="p",target="_self",name="ldn_bigip")
button(legend="Count",arc diameter="20",type="rectangle",url="",datasource="NCOMS",label="untitled",font color="black",y="119",x="600",w="111",entity="APP_RAP_infra_stm_bigip",font="Helvetica",size="10",flash="true",action="Active Event List (AEL)",h="15",style="p",target="_self",name="stm_bigip")
button(legend="Count",arc diameter="20",type="rectangle",url="",datasource="NCOMS",label="untitled",font color="black",y="227",x="580",w="30",entity="APP_RAP_infra_stm_webapp",font="Helvetica",size="10",flash="true",action="Active Event List (AEL)",h="34",style="p",target="_self",name="stm_webapp1")
button(legend="Count",arc diameter="20",type="rectangle",url="",datasource="NCOMS",label="untitled",font color="black",y="228",x="683",w="30",entity="APP_RAP_infra_stm_webapp2",font="Helvetica",size="10",flash="true",action="Active Event List (AEL)",h="34",style="p",target="_self",name="stm_webapp2")
button(legend="Count",arc diameter="20",type="rectangle",url="",datasource="NCOMS",label="untitled",font color="black",y="225",x="231",w="30",entity="APP_RAP_infra_tky_webapp",font="Helvetica",size="10",flash="true",action="Active Event List (AEL)",h="39",style="p",target="_self",name="tky_webapp1")
button(legend="Count",arc diameter="20",type="ellipse",url="",datasource="NCOMS",label="untitled",font color="black",y="371",x="839",w="45",entity="APP_RAP_ldn_db_products",font="Helvetica",size="10",flash="true",action="Active Event List (AEL)",h="24",style="p",target="_self",name="ldn_db_products")
button(legend="Count",arc diameter="20",type="rectangle",url="",datasource="NCOMS",label="untitled",font color="black",y="224",x="786",w="30",entity="APP_RAP_infra_ldn_webapp2",font="Helvetica",size="10",flash="true",action="Active Event List (AEL)",h="37",style="p",target="_self",name="ldn_webapp2")
button(legend="Count",arc diameter="20",type="rectangle",url="",datasource="NCOMS",label="untitled",font color="black",y="226",x="889",w="31",entity="APP_RAP_infra_ldn_webapp",font="Helvetica",size="10",flash="true",action="Active Event List (AEL)",h="36",style="p",target="_self",name="ldn_webapp1")
