map(name="APP_ECM_CT_GSD_GRAPHS",bgImage="",bgColor="blue",w="1030",h="1250",acl="*")
monitor(show highest="true",type="histogram",url="",show lowest="false",show highest severity as border="false",datasource="NCOMS",label="CTCS App",show total="true",y="428",x="798",w="98",entity="APP_ECM_CT_GSD_ctcs_app",font="Helvetica",size="10",flash="true",action="Active Event List (AEL)",show label="true",h="116",foreground color="white",style="p",background color="#0000cc",show metric="false",target="_self",name="visual_82")
text(datasource="NCOMS",name="visual_81",url="",style="b",font="Helvetica",justify="center",action="Open URL",color="white",entity="",flash="true",target="_self",y="1104",x="491",label="ASAP",size="15")
text(datasource="NCOMS",name="visual_80",url="",style="b",font="Helvetica",justify="center",action="Open URL",color="white",entity="",flash="true",target="_self",y="1105",x="158",label="PET",size="15")
text(datasource="NCOMS",name="visual_79",url="",style="b",font="Helvetica",justify="center",action="Open URL",color="white",entity="",flash="true",target="_self",y="932",x="830",label="GPE",size="15")
text(datasource="NCOMS",name="visual_78",url="",style="b",font="Helvetica",justify="center",action="Open URL",color="white",entity="",flash="true",target="_self",y="932",x="498",label="PAR",size="15")
text(datasource="NCOMS",name="visual_77",url="",style="b",font="Helvetica",justify="center",action="Open URL",color="white",entity="",flash="true",target="_self",y="933",x="147",label="GPLWB",size="15")
text(datasource="NCOMS",name="visual_76",url="",style="b",font="Helvetica",justify="center",action="Open URL",color="white",entity="",flash="true",target="_self",y="762",x="804",label="GRM / CSRM",size="15")
text(datasource="NCOMS",name="visual_75",url="",style="b",font="Helvetica",justify="center",action="Open URL",color="white",entity="",flash="true",target="_self",y="760",x="428",label="ALG CORNER STONE",size="15")
text(datasource="NCOMS",name="visual_74",url="",style="b",font="Helvetica",justify="center",action="Open URL",color="white",entity="",flash="true",target="_self",y="763",x="160",label="PCS",size="15")
monitor(show highest="true",type="histogram",url="",show lowest="false",show highest severity as border="false",datasource="NCOMS",label="Infra",show total="true",y="1112",x="513",w="153",entity="APP_ECM_CT_GSD_ASAP_infra",font="Helvetica",size="10",flash="true",action="Lightweight Event List (LEL)",show label="true",h="116",foreground color="white",style="p",background color="#0000cc",show metric="false",target="_self",name="visual_73")
monitor(show highest="true",type="histogram",url="",show lowest="false",show highest severity as border="false",datasource="NCOMS",label="Infra",show total="true",y="1113",x="177",w="153",entity="APP_ECM_CT_GSD_PET_infra",font="Helvetica",size="10",flash="true",action="Lightweight Event List (LEL)",show label="true",h="116",foreground color="white",style="p",background color="#0000cc",show metric="false",target="_self",name="visual_72")
monitor(show highest="true",type="histogram",url="",show lowest="false",show highest severity as border="false",datasource="NCOMS",label="Infra",show total="true",y="941",x="849",w="153",entity="APP_ECM_CT_GSD_GPE_infra",font="Helvetica",size="10",flash="true",action="Lightweight Event List (LEL)",show label="true",h="116",foreground color="white",style="p",background color="#0000cc",show metric="false",target="_self",name="visual_71")
monitor(show highest="true",type="histogram",url="",show lowest="false",show highest severity as border="false",datasource="NCOMS",label="Infra",show total="true",y="942",x="513",w="153",entity="APP_ECM_CT_GSD_PAR_infra",font="Helvetica",size="10",flash="true",action="Lightweight Event List (LEL)",show label="true",h="116",foreground color="white",style="p",background color="#0000cc",show metric="false",target="_self",name="visual_70")
monitor(show highest="true",type="histogram",url="",show lowest="false",show highest severity as border="false",datasource="NCOMS",label="Infra",show total="true",y="943",x="178",w="153",entity="APP_ECM_CT_GSD_GPLWB_infra",font="Helvetica",size="10",flash="true",action="Lightweight Event List (LEL)",show label="true",h="116",foreground color="white",style="p",background color="#0000cc",show metric="false",target="_self",name="visual_69")
monitor(show highest="true",type="histogram",url="",show lowest="false",show highest severity as border="false",datasource="NCOMS",label="App",show total="true",y="1113",x="354",w="153",entity="APP_ECM_CT_GSD_ASAP_app",font="Helvetica",size="10",flash="true",action="Active Event List (AEL)",show label="true",h="116",foreground color="white",style="p",background color="#0000cc",show metric="false",target="_self",name="visual_68")
monitor(show highest="true",type="histogram",url="",show lowest="false",show highest severity as border="false",datasource="NCOMS",label="App",show total="true",y="1113",x="18",w="153",entity="APP_ECM_CT_GSD_PET_app",font="Helvetica",size="10",flash="true",action="Active Event List (AEL)",show label="true",h="116",foreground color="white",style="p",background color="#0000cc",show metric="false",target="_self",name="visual_67")
monitor(show highest="true",type="histogram",url="",show lowest="false",show highest severity as border="false",datasource="NCOMS",label="App",show total="true",y="942",x="690",w="153",entity="APP_ECM_CT_GSD_GPE_app",font="Helvetica",size="10",flash="true",action="Active Event List (AEL)",show label="true",h="116",foreground color="white",style="p",background color="#0000cc",show metric="false",target="_self",name="visual_66")
monitor(show highest="true",type="histogram",url="",show lowest="false",show highest severity as border="false",datasource="NCOMS",label="App",show total="true",y="942",x="353",w="153",entity="APP_ECM_CT_GSD_PAR_app",font="Helvetica",size="10",flash="true",action="Active Event List (AEL)",show label="true",h="116",foreground color="white",style="p",background color="#0000cc",show metric="false",target="_self",name="visual_65")
monitor(show highest="true",type="histogram",url="",show lowest="false",show highest severity as border="false",datasource="NCOMS",label="App",show total="true",y="944",x="20",w="153",entity="APP_ECM_CT_GSD_GPLWB_app",font="Helvetica",size="10",flash="true",action="Active Event List (AEL)",show label="true",h="116",foreground color="white",style="p",background color="#0000cc",show metric="false",target="_self",name="visual_64")
button(legend="None",arc diameter="20",type="rectangle",url="",datasource="NCOMS",label="untitled",font color="black",y="1081",x="351",w="320",font="Helvetica",size="10",action="Open URL",color="#0000cb",h="152",transparent="false",target="_self",name="visual_63")
button(legend="None",arc diameter="20",type="rectangle",url="",datasource="NCOMS",label="untitled",font color="black",y="1081",x="15",w="320",font="Helvetica",size="10",action="Open URL",color="#0000cb",h="152",transparent="false",target="_self",name="visual_62")
button(legend="None",arc diameter="20",type="rectangle",url="",datasource="NCOMS",label="untitled",font color="black",y="910",x="687",w="320",font="Helvetica",size="10",action="Open URL",color="#0000cb",h="152",transparent="false",target="_self",name="visual_61")
button(legend="None",arc diameter="20",type="rectangle",url="",datasource="NCOMS",label="untitled",font color="black",y="909",x="350",w="320",font="Helvetica",size="10",action="Open URL",color="#0000cb",h="152",transparent="false",target="_self",name="visual_60")
button(legend="None",arc diameter="20",type="rectangle",url="",datasource="NCOMS",label="untitled",font color="black",y="910",x="15",w="320",font="Helvetica",size="10",action="Open URL",color="#0000cb",h="152",transparent="false",target="_self",name="visual_59")
monitor(show highest="true",type="histogram",url="",show lowest="false",show highest severity as border="false",datasource="NCOMS",label="Infra",show total="true",y="770",x="848",w="153",entity="APP_ECM_CT_GSD_CSRM_infra",font="Helvetica",size="10",flash="true",action="Lightweight Event List (LEL)",show label="true",h="116",foreground color="white",style="p",background color="#0000cc",show metric="false",target="_self",name="visual_58")
monitor(show highest="true",type="histogram",url="",show lowest="false",show highest severity as border="false",datasource="NCOMS",label="Infra",show total="true",y="768",x="511",w="153",entity="APP_ECM_CT_GSD_ALG_CornerStone_Infra",font="Helvetica",size="10",flash="true",action="Lightweight Event List (LEL)",show label="true",h="116",foreground color="white",style="p",background color="#0000cc",show metric="false",target="_self",name="visual_57")
monitor(show highest="true",type="histogram",url="",show lowest="false",show highest severity as border="false",datasource="NCOMS",label="App",show total="true",y="770",x="690",w="153",entity="APP_ECM_CT_GSD_CSRM_app",font="Helvetica",size="10",flash="true",action="Active Event List (AEL)",show label="true",h="116",foreground color="white",style="p",background color="#0000cc",show metric="false",target="_self",name="visual_56")
monitor(show highest="true",type="histogram",url="",show lowest="false",show highest severity as border="false",datasource="NCOMS",label="App",show total="true",y="768",x="353",w="153",entity="APP_ECM_CT_GSD_ALG_CornerStone_App",font="Helvetica",size="10",flash="true",action="Active Event List (AEL)",show label="true",h="116",foreground color="white",style="p",background color="#0000cc",show metric="false",target="_self",name="visual_55")
button(legend="None",arc diameter="20",type="rectangle",url="",datasource="NCOMS",label="untitled",font color="black",y="739",x="687",w="320",font="Helvetica",size="10",action="Open URL",color="#0000cb",h="152",transparent="false",target="_self",name="visual_54")
button(legend="None",arc diameter="20",type="rectangle",url="",datasource="NCOMS",label="untitled",font color="black",y="739",x="350",w="320",font="Helvetica",size="10",action="Open URL",color="#0000cb",h="152",transparent="false",target="_self",name="visual_53")
monitor(show highest="true",type="histogram",url="",show lowest="false",show highest severity as border="false",datasource="NCOMS",label="Infra",show total="true",y="772",x="178",w="153",entity="APP_ECM_CT_GSD_PCS_infra",font="Helvetica",size="10",flash="true",action="Lightweight Event List (LEL)",show label="true",h="116",foreground color="white",style="p",background color="#0000cc",show metric="false",target="_self",name="visual_52")
monitor(show highest="true",type="histogram",url="",show lowest="false",show highest severity as border="false",datasource="NCOMS",label="App",show total="true",y="772",x="19",w="153",entity="APP_ECM_CT_GSD_PCS_app",font="Helvetica",size="10",flash="true",action="Active Event List (AEL)",show label="true",h="116",foreground color="white",style="p",background color="#0000cc",show metric="false",target="_self",name="visual_51")
button(legend="None",arc diameter="20",type="rectangle",url="",datasource="NCOMS",label="untitled",font color="black",y="740",x="15",w="320",font="Helvetica",size="10",action="Open URL",color="#0000cb",h="152",transparent="false",target="_self",name="visual_50")
text(datasource="NCOMS",name="visual_49",url="",style="b",font="Helvetica",justify="center",action="Open URL",color="white",entity="",flash="true",target="_self",y="589",x="826",label="IDEAL",size="15")
text(datasource="NCOMS",name="visual_48",url="",style="b",font="Helvetica",justify="center",action="Open URL",color="white",entity="",flash="true",target="_self",y="591",x="484",label="ECTWB",size="15")
text(datasource="NCOMS",name="visual_47",url="",style="b",font="Helvetica",justify="center",action="Open URL",color="white",entity="",flash="true",target="_self",y="590",x="162",label="ECI",size="15")
text(datasource="NCOMS",name="visual_46",url="",style="b",font="Helvetica",justify="center",action="Open URL",color="white",entity="",flash="true",target="_self",y="418",x="799",label="CTAS / CTCS",size="15")
text(datasource="NCOMS",name="visual_45",url="",style="b",font="Helvetica",justify="center",action="Open URL",color="white",entity="",flash="true",target="_self",y="420",x="449",label="POLE POSITION",size="15")
text(datasource="NCOMS",name="visual_44",url="",style="b",font="Helvetica",justify="center",action="Open URL",color="white",entity="",flash="true",target="_self",y="421",x="152",label="HALO",size="15")
text(datasource="NCOMS",name="visual_43",url="",style="b",font="Helvetica",justify="center",action="Open URL",color="white",entity="",flash="true",target="_self",y="248",x="802",label="LOANET MQ",size="15")
text(datasource="NCOMS",name="visual_42",url="",style="b",font="Helvetica",justify="center",action="Open URL",color="white",entity="",flash="true",target="_self",y="249",x="433",label="ABN PRIME ACCESS",size="15")
text(datasource="NCOMS",name="visual_41",url="",style="b",font="Helvetica",justify="center",action="Open URL",color="white",entity="",flash="true",target="_self",y="248",x="158",label="MIS",size="15")
monitor(show highest="true",type="histogram",url="",show lowest="false",show highest severity as border="false",datasource="NCOMS",label="Infra",show total="true",y="599",x="176",w="153",entity="APP_ECM_CT_GSD_ECI_infra",font="Helvetica",size="10",flash="true",action="Lightweight Event List (LEL)",show label="true",h="116",foreground color="white",style="p",background color="#0000cc",show metric="false",target="_self",name="visual_40")
monitor(show highest="true",type="histogram",url="",show lowest="false",show highest severity as border="false",datasource="NCOMS",label="Infra",show total="true",y="429",x="175",w="153",entity="APP_ECM_CT_GSD_HaLo_Infrastructure",font="Helvetica",size="10",flash="true",action="Lightweight Event List (LEL)",show label="true",h="116",foreground color="white",style="p",background color="#0000cc",show metric="false",target="_self",name="visual_39")
monitor(show highest="true",type="histogram",url="",show lowest="false",show highest severity as border="false",datasource="NCOMS",label="Infra",show total="true",y="599",x="513",w="153",entity="APP_ECM_CT_GSD_ECTWB_infra",font="Helvetica",size="10",flash="true",action="Lightweight Event List (LEL)",show label="true",h="116",foreground color="white",style="p",background color="#0000cc",show metric="false",target="_self",name="visual_38")
monitor(show highest="true",type="histogram",url="",show lowest="false",show highest severity as border="false",datasource="NCOMS",label="Infra",show total="true",y="429",x="512",w="153",entity="APP_ECM_CT_GSD_PolePosition_Infra",font="Helvetica",size="10",flash="true",action="Lightweight Event List (LEL)",show label="true",h="116",foreground color="white",style="p",background color="#0000cc",show metric="false",target="_self",name="visual_37")
monitor(show highest="true",type="histogram",url="",show lowest="false",show highest severity as border="false",datasource="NCOMS",label="Infra",show total="true",y="598",x="849",w="153",entity="APP_ECM_CT_GSD_IDEAL_infra",font="Helvetica",size="10",flash="true",action="Lightweight Event List (LEL)",show label="true",h="116",foreground color="white",style="p",background color="#0000cc",show metric="false",target="_self",name="visual_36")
monitor(show highest="true",type="histogram",url="",show lowest="false",show highest severity as border="false",datasource="NCOMS",label="Infra",show total="true",y="428",x="904",w="98",entity="APP_ECM_CT_GSD_ctas_infra",font="Helvetica",size="10",flash="true",action="Lightweight Event List (LEL)",show label="true",h="116",foreground color="white",style="p",background color="#0000cc",show metric="false",target="_self",name="visual_35")
monitor(show highest="true",type="histogram",url="",show lowest="false",show highest severity as border="false",datasource="NCOMS",label="Infra",show total="true",y="257",x="850",w="153",entity="APP_ECM_CT_GSD_LoanetMQ_Infrastructure",font="Helvetica",size="10",flash="true",action="Lightweight Event List (LEL)",show label="true",h="116",foreground color="white",style="p",background color="#0000cc",show metric="false",target="_self",name="visual_34")
monitor(show highest="true",type="histogram",url="",show lowest="false",show highest severity as border="false",datasource="NCOMS",label="Infra",show total="true",y="259",x="512",w="153",entity="APP_ECM_CT_GSD_ABN_Prime_Access_infra",font="Helvetica",size="10",flash="true",action="Lightweight Event List (LEL)",show label="true",h="116",foreground color="white",style="p",background color="#0000cc",show metric="false",target="_self",name="visual_33")
monitor(show highest="true",type="histogram",url="",show lowest="false",show highest severity as border="false",datasource="NCOMS",label="App",show total="true",y="599",x="691",w="153",entity="APP_ECM_CT_GSD_IDEAL_app",font="Helvetica",size="10",flash="true",action="Active Event List (AEL)",show label="true",h="116",foreground color="white",style="p",background color="#0000cc",show metric="false",target="_self",name="visual_32")
monitor(show highest="true",type="histogram",url="",show lowest="false",show highest severity as border="false",datasource="NCOMS",label="App",show total="true",y="599",x="355",w="153",entity="APP_ECM_CT_GSD_ECTWB_app",font="Helvetica",size="10",flash="true",action="Active Event List (AEL)",show label="true",h="116",foreground color="white",style="p",background color="#0000cc",show metric="false",target="_self",name="visual_31")
monitor(show highest="true",type="histogram",url="",show lowest="false",show highest severity as border="false",datasource="NCOMS",label="App",show total="true",y="600",x="17",w="153",entity="APP_ECM_CT_GSD_ECI_app",font="Helvetica",size="10",flash="true",action="Active Event List (AEL)",show label="true",h="116",foreground color="white",style="p",background color="#0000cc",show metric="false",target="_self",name="visual_30")
monitor(show highest="true",type="histogram",url="",show lowest="false",show highest severity as border="false",datasource="NCOMS",label="CTAS App",show total="true",y="428",x="690",w="98",entity="APP_ECM_CT_GSD_ctas_app",font="Helvetica",size="10",flash="true",action="Active Event List (AEL)",show label="true",h="116",foreground color="white",style="p",background color="#0000cc",show metric="false",target="_self",name="visual_29")
monitor(show highest="true",type="histogram",url="",show lowest="false",show highest severity as border="false",datasource="NCOMS",label="App",show total="true",y="430",x="354",w="153",entity="APP_ECM_CT_GSD_PolePosition_Application",font="Helvetica",size="10",flash="true",action="Active Event List (AEL)",show label="true",h="116",foreground color="white",style="p",background color="#0000cc",show metric="false",target="_self",name="visual_28")
monitor(show highest="true",type="histogram",url="",show lowest="false",show highest severity as border="false",datasource="NCOMS",label="App",show total="true",y="430",x="17",w="153",entity="APP_ECM_CT_GSD_HaLo_Application",font="Helvetica",size="10",flash="true",action="Active Event List (AEL)",show label="true",h="116",foreground color="white",style="p",background color="#0000cc",show metric="false",target="_self",name="visual_27")
monitor(show highest="true",type="histogram",url="",show lowest="false",show highest severity as border="false",datasource="NCOMS",label="App",show total="true",y="258",x="691",w="153",entity="APP_ECM_CT_GSD_LoanetMQ_Application",font="Helvetica",size="10",flash="true",action="Active Event List (AEL)",show label="true",h="116",foreground color="white",style="p",background color="#0000cc",show metric="false",target="_self",name="visual_26")
monitor(show highest="true",type="histogram",url="",show lowest="false",show highest severity as border="false",datasource="NCOMS",label="App",show total="true",y="259",x="354",w="153",entity="APP_ECM_CT_GSD_ABN_Prime_Access_app",font="Helvetica",size="10",flash="true",action="Active Event List (AEL)",show label="true",h="116",foreground color="white",style="p",background color="#0000cc",show metric="false",target="_self",name="visual_25")
monitor(show highest="true",type="histogram",url="",show lowest="false",show highest severity as border="false",datasource="NCOMS",label="Infra",show total="true",y="257",x="175",w="153",entity="APP_ECM_CT_GSD_MIS_infra",font="Helvetica",size="10",flash="true",action="Lightweight Event List (LEL)",show label="true",h="116",foreground color="white",style="p",background color="#0000cc",show metric="false",target="_self",name="visual_24")
monitor(show highest="true",type="histogram",url="",show lowest="false",show highest severity as border="false",datasource="NCOMS",label="App",show total="true",y="258",x="18",w="153",entity="APP_ECM_CT_GSD_MIS_app",font="Helvetica",size="10",flash="true",action="Active Event List (AEL)",show label="true",h="116",foreground color="white",style="p",background color="#0000cc",show metric="false",target="_self",name="visual_23")
text(datasource="NCOMS",name="visual_22",url="",style="b",font="Helvetica",justify="center",action="Open URL",color="white",entity="",flash="true",target="_self",y="77",x="814",label="PIRANHA",size="15")
monitor(show highest="true",type="histogram",url="",show lowest="false",show highest severity as border="false",datasource="NCOMS",label="Infra",show total="true",y="87",x="849",w="153",entity="APP_ECM_CT_GSD_piranha_infra",font="Helvetica",size="10",flash="true",action="Lightweight Event List (LEL)",show label="true",h="116",foreground color="white",style="p",background color="#0000cc",show metric="false",target="_self",name="visual_21")
monitor(show highest="true",type="histogram",url="",show lowest="false",show highest severity as border="false",datasource="NCOMS",label="App",show total="true",y="88",x="691",w="153",entity="APP_ECM_CT_GSD_piranha_app",font="Helvetica",size="10",flash="true",action="Active Event List (AEL)",show label="true",h="116",foreground color="white",style="p",background color="#0000cc",show metric="false",target="_self",name="visual_20")
text(datasource="NCOMS",name="visual_19",url="",style="b",font="Helvetica",justify="center",action="Open URL",color="white",entity="",flash="true",target="_self",y="77",x="468",label="JAWS/REEF",size="15")
monitor(show highest="true",type="histogram",url="",show lowest="false",show highest severity as border="false",datasource="NCOMS",label="Infra",show total="true",y="88",x="513",w="153",entity="APP_ECM_CT_GSD_JAWS_infa",font="Helvetica",size="10",flash="true",action="Lightweight Event List (LEL)",show label="true",h="116",foreground color="white",style="p",background color="#0000cc",show metric="false",target="_self",name="visual_18")
monitor(show highest="true",type="histogram",url="",show lowest="false",show highest severity as border="false",datasource="NCOMS",label="App",show total="true",y="88",x="355",w="153",entity="APP_ECM_CT_GSD_JAWS_app",font="Helvetica",size="10",flash="true",action="Active Event List (AEL)",show label="true",h="116",foreground color="white",style="p",background color="#0000cc",show metric="false",target="_self",name="visual_17")
text(datasource="NCOMS",name="visual_16",url="",style="b",font="Helvetica",justify="center",action="Open URL",color="white",entity="",flash="true",target="_self",y="77",x="136",label="GLOBAL 1",size="15")
monitor(show highest="true",type="histogram",url="",show lowest="false",show highest severity as border="false",datasource="NCOMS",label="Infra",show total="true",y="88",x="174",w="153",entity="APP_ECM_CT_GSD_global1_infra",font="Helvetica",size="10",flash="true",action="Lightweight Event List (LEL)",show label="true",h="116",foreground color="white",style="p",background color="#0000cc",show metric="false",target="_self",name="visual_15")
monitor(show highest="true",type="histogram",url="",show lowest="false",show highest severity as border="false",datasource="NCOMS",label="App",show total="true",y="88",x="16",w="153",entity="APP_ECM_CT_GSD_global1_app",font="Helvetica",size="10",flash="true",action="Active Event List (AEL)",show label="true",h="116",foreground color="white",style="p",background color="#0000cc",show metric="false",target="_self",name="visual_14")
button(legend="None",arc diameter="20",type="rectangle",url="",datasource="NCOMS",label="untitled",font color="black",y="567",x="687",w="320",font="Helvetica",size="10",action="Open URL",color="#0000cb",h="152",transparent="false",target="_self",name="visual_13")
button(legend="None",arc diameter="20",type="rectangle",url="",datasource="NCOMS",label="untitled",font color="black",y="569",x="350",w="320",font="Helvetica",size="10",action="Open URL",color="#0000cb",h="152",transparent="false",target="_self",name="visual_12")
button(legend="None",arc diameter="20",type="rectangle",url="",datasource="NCOMS",label="untitled",font color="black",y="569",x="14",w="320",font="Helvetica",size="10",action="Open URL",color="#0000cb",h="152",transparent="false",target="_self",name="visual_11")
button(legend="None",arc diameter="20",type="rectangle",url="",datasource="NCOMS",label="untitled",font color="black",y="396",x="686",w="320",font="Helvetica",size="10",action="Open URL",color="#0000cb",h="152",transparent="false",target="_self",name="visual_10")
button(legend="None",arc diameter="20",type="rectangle",url="",datasource="NCOMS",label="untitled",font color="black",y="398",x="350",w="320",font="Helvetica",size="10",action="Open URL",color="#0000cb",h="152",transparent="false",target="_self",name="visual_9")
button(legend="None",arc diameter="20",type="rectangle",url="",datasource="NCOMS",label="untitled",font color="black",y="398",x="13",w="320",font="Helvetica",size="10",action="Open URL",color="#0000cb",h="152",transparent="false",target="_self",name="visual_8")
button(legend="None",arc diameter="20",type="rectangle",url="",datasource="NCOMS",label="untitled",font color="black",y="226",x="687",w="320",font="Helvetica",size="10",action="Open URL",color="#0000cb",h="152",transparent="false",target="_self",name="visual_7")
button(legend="None",arc diameter="20",type="rectangle",url="",datasource="NCOMS",label="untitled",font color="black",y="226",x="350",w="320",font="Helvetica",size="10",action="Open URL",color="#0000cb",h="152",transparent="false",target="_self",name="visual_6")
button(legend="None",arc diameter="20",type="rectangle",url="",datasource="NCOMS",label="untitled",font color="black",y="228",x="13",w="320",font="Helvetica",size="10",action="Open URL",color="#0000cb",h="152",transparent="false",target="_self",name="visual_5")
button(legend="None",arc diameter="20",type="rectangle",url="",datasource="NCOMS",label="untitled",font color="black",y="56",x="687",w="320",font="Helvetica",size="10",action="Open URL",color="#0000cb",h="152",transparent="false",target="_self",name="visual_4")
button(legend="None",arc diameter="20",type="rectangle",url="",datasource="NCOMS",label="untitled",font color="black",y="56",x="350",w="320",font="Helvetica",size="10",action="Open URL",color="#0000cb",h="152",transparent="false",target="_self",name="visual_3")
button(legend="None",arc diameter="20",type="rectangle",url="",datasource="NCOMS",label="untitled",font color="black",y="56",x="12",w="320",font="Helvetica",size="10",action="Open URL",color="#0000cb",h="152",transparent="false",target="_self",name="visual_2")
text(datasource="NCOMS",name="visual_1",url="",style="b",font="Helvetica",justify="center",action="Open URL",color="white",entity="",flash="true",target="_self",y="38",x="223",label="ALL APPLICATIONS - ALERT SEVERITY LEVELS",size="25")