map(name="APP_RAPTOR_AU",bgImage="",bgColor="#003366",w="165",h="500",acl="*")
text(datasource="NCOMS",action="Open URL",flash="true",target="_self",entity="",justify="center",font="Helvetica",color="white",label="UnAcked",y="124",style="b",url="",size="12",name="unacked_text",x="0")
monitor(show highest="false",type="lavalamp",url="",show lowest="false",show highest severity as border="true",datasource="NCOMS",label="",show total="true",y="20",x="65",w="100",entity="APP_RAPTOR_ALL",font="Helvetica",size="10",flash="true",action="Active Event List (AEL)",show label="false",h="50",foreground color="black",style="p",background color="lightGray",show metric="false",target="main",name="all_events_show")
text(datasource="NCOMS",action="Open URL",flash="true",target="_self",entity="",justify="center",font="Helvetica",color="white",label="App + Infra",style="b",y="15",url="",size="12",name="appinfra",x="86")
text(datasource="NCOMS",action="Open URL",flash="true",target="_self",entity="",justify="center",font="Helvetica",color="white",label="All Events",style="b",y="51",url="",size="12",name="all_events_text",x="0")
button(legend="Count",arc diameter="20",type="rounded",url="",datasource="NCOMS",label="",font color="black",y="96",x="64",w="100",entity="APP_RAPTOR_UNACKED",font="Helvetica",size="10",flash="true",action="Active Event List (AEL)",h="42",style="p",target="main",name="unacked_show")
button(legend="Count",arc diameter="20",type="rounded",url="",datasource="NCOMS",label="",font color="black",y="178",x="118",w="42",entity="APP_RAPTOR_INFRA",font="Helvetica",size="10",flash="true",action="Active Event List (AEL)",h="26",style="p",target="main",name="Raptor_infra")
button(legend="Count",arc diameter="20",type="rounded",url="",datasource="NCOMS",label="",font color="black",y="178",x="67",w="42",entity="APP_RAPTOR_CLASS",font="Helvetica",size="10",flash="true",action="Active Event List (AEL)",h="26",style="p",target="main",name="Raptor_class")
text(datasource="NCOMS",action="Open URL",flash="true",target="_self",entity="",justify="center",font="Helvetica",color="white",label="Raptor AU",style="b",y="195",url="",size="12",name="raptor_text",x="0")
text(datasource="NCOMS",action="Open URL",flash="true",target="_self",entity="",justify="center",font="Helvetica",color="white",label="Infra",style="p",y="170",url="",size="12",name="heading2",x="127")
text(datasource="NCOMS",action="Open URL",flash="true",target="_self",entity="",justify="center",font="Helvetica",color="white",label="App",style="p",y="171",url="",size="12",name="heading1",x="78")
