map(name="APP_EQ_IT_MARKETLINKS_SUPPORT_APAC",bgImage="",bgColor="#003366",w="160",h="600",acl="*")
button(legend="Count",arc diameter="10",type="rounded",url="",datasource="NCOMS",label="DMA Infrastructure",font color="black",y="232",x="129",w="30",entity="APP_EQ_IT_MARKETLINKS_SUPPORT_APAC_Infra",font="Helvetica",size="10",action="Lightweight Event List (LEL)",h="18",style="+_fontStyle+",target="main",name="APP_EQ_IT_MARKETLINKS_SUPPORT_APAC_Infrastructure_1")
text(datasource="NCOMS",action="Open URL",target="",entity="",justify="center",font="Helvetica",color="white",label="DMA A4",y="246",style="b",url="",size="10",name="APP_EQ_IT_MARKETLINKS_SUPPORT_APAC_Label_Application_2",x="10")
button(legend="Count",arc diameter="10",type="rounded",url="",datasource="NCOMS",label="DMA Application",font color="black",y="232",x="96",w="30",entity="APP_EQ_IT_MARKETLINKS_SUPPORT_APAC_Application_1",font="Helvetica",size="10",action="Active Event List (AEL)",h="18",style="+_fontStyle+",target="main",name="APP_EQ_IT_MARKETLINKS_SUPPORT_APAC_Application_1")
text(datasource="NCOMS",action="Open URL",target="",entity="",justify="center",font="Helvetica",color="white",label="SUPPORT_APAC",y="37",style="p",url="",size="12",name="APP_EQ_IT_MARKETLINKS_SUPPORT_APAC_Label_2",x="34")
text(datasource="NCOMS",action="Open URL",target="",entity="",justify="center",font="Helvetica",color="white",label="Infra",y="181",style="p",url="",size="12",name="APP_EQ_IT_MARKETLINKS_SUPPORT_APAC_Infra_Label",x="133")
text(datasource="NCOMS",action="Open URL",target="",entity="",justify="center",font="Helvetica",color="white",label="App",y="180",style="p",url="",size="12",name="APP_EQ_IT_MARKETLINKS_SUPPORT_APAC_App_Label",x="102")
text(datasource="NCOMS",action="Open URL",target="",entity="",justify="center",font="Helvetica",color="white",label="Events",y="153",style="p",url="",size="12",name="APP_EQ_IT_MARKETLINKS_SUPPORT_APAC_AllEvents_Label2",x="2")
text(datasource="NCOMS",action="Open URL",target="",entity="",justify="center",font="Helvetica",color="white",label="All",y="140",style="p",url="",size="12",name="APP_EQ_IT_MARKETLINKS_SUPPORT_APAC_AllEvents_Label1",x="4")
text(datasource="NCOMS",action="Open URL",target="",entity="",justify="center",font="Helvetica",color="white",label="UnAck",y="88",style="p",url="",size="12",name="APP_EQ_IT_MARKETLINKS_SUPPORT_APAC_UnAck_Label",x="2")
monitor(show highest="false",type="lavalamp",url="",show lowest="false",show highest severity as border="true",datasource="NCOMS",label="UnAcknowledged",show total="true",y="50",x="40",w="121",entity="APP_EQ_IT_MARKETLINKS_SUPPORT_APAC_UnAck",font="Helvetica",size="10",action="Active Event List (AEL)",show label="false",h="56",foreground color="black",style="p",background color="lightGray",show metric="false",target="main",name="APP_EQ_IT_MARKETLINKS_SUPPORT_APAC_UnAck")
monitor(show highest="false",type="lavalamp",url="",show lowest="false",show highest severity as border="true",datasource="NCOMS",label="All Events",show total="true",y="110",x="41",w="120",entity="APP_EQ_IT_MARKETLINKS_SUPPORT_APAC_Allevents",font="Helvetica",size="10",action="Active Event List (AEL)",show label="false",h="56",foreground color="black",style="p",background color="lightGray",show metric="false",target="main",name="APP_EQ_IT_MARKETLINKS_SUPPORT_APAC_AllEvents")
text(datasource="NCOMS",action="Open URL",target="",entity="",justify="center",font="Helvetica",color="white",label="DMA UG",style="b",y="220",url="",size="10",name="APP_EQ_IT_MARKETLINKS_SUPPORT_APAC_Label_Application_1",x="9")
text(datasource="NCOMS",action="Open URL",target="",entity="",justify="center",font="Helvetica",color="white",label="EQ_IT_MARKETLINKS",style="p",y="19",url="",size="12",name="APP_EQ_IT_MARKETLINKS_SUPPORT_APAC_Label_1",x="21")
button(legend="Count",arc diameter="10",type="rounded",url="",datasource="NCOMS",label="DMA Infrastructure",font color="black",y="207",x="129",w="30",entity="APP_EQ_IT_MARKETLINKS_SUPPORT_APAC_Infra",font="Helvetica",size="10",action="Lightweight Event List (LEL)",h="18",style="+_fontStyle+",target="main",name="APP_EQ_IT_MARKETLINKS_SUPPORT_APAC_Infrastructure")
button(legend="Label",arc diameter="20",type="rectangle",url="",datasource="NCOMS",label="                       ",font color="#330000",y="184",x="5",w="158",font="Helvetica",size="12",action="Open URL",color="#ccccff",h="20",transparent="false",target="main",name="APP_EQ_IT_MARKETLINKS_SUPPORT_APAC_Bar1_Label")
button(legend="Count",arc diameter="10",type="rounded",url="",datasource="NCOMS",label="DMA Application",font color="black",y="207",x="96",w="30",entity="APP_EQ_IT_MARKETLINKS_SUPPORT_APAC_Application_2",font="Helvetica",size="10",action="Active Event List (AEL)",h="18",style="+_fontStyle+",target="main",name="APP_EQ_IT_MARKETLINKS_SUPPORT_APAC_Application_2")
