map(name="APP_GSD_IBD_IT_GLOBAL_IBDOCS_QA",bgImage="IBDocs_QA.gif",bgColor="white",w="630",h="675",acl="*")
button(legend="Count",arc diameter="20",type="ellipse",url="",datasource="NCOMS",label="ssng1150dww1_Q_Apache_L",font color="black",y="200",x="564",w="18",entity="IBD_IT_IBDocs_Q_SSNG1150DWW1",font="Helvetica",size="10",flash="true",action="Active Event List (AEL)",h="18",style="p",target="_self",name="ssng1150dww1_Q_Apache")
button(legend="Count",arc diameter="20",type="ellipse",url="",datasource="NCOMS",label="sstm8458dap1_Q_Apache_L",font color="black",y="200",x="350",w="18",entity="IBD_IT_IBDocs_Q_SSTM8458DAP1",font="Helvetica",size="10",flash="true",action="Active Event List (AEL)",h="18",style="p",target="_self",name="sstm8458dap1_Q_Apache")
button(legend="Count",arc diameter="20",type="ellipse",url="",datasource="NCOMS",label="sldn0012pww1_Q_Apache_L",font color="black",y="201",x="135",w="18",entity="IBD_IT_IBDocs_Q_SLDN0012PWW1",font="Helvetica",size="10",flash="true",action="Active Event List (AEL)",h="18",style="p",target="_self",name="sldn0012pww1_Q_Apache")
button(legend="Count",arc diameter="20",type="ellipse",url="",datasource="NCOMS",label="sldn1016pap_Q_DocBroker_L",font color="black",y="368",x="91",w="18",entity="IBD_IT_IBDocs_Q_SLDN1016PAP_DBROKER",font="Helvetica",size="10",flash="true",action="Active Event List (AEL)",h="18",style="p",target="_self",name="sldn1016pap_Q_DocBroker")
button(legend="Count",arc diameter="20",type="ellipse",url="",datasource="NCOMS",label="sm0p8213cmp_Q_DocBroker_L",font color="black",y="369",x="307",w="18",entity="IBD_IT_IBDocs_Q_SM0P8213CMP_DBROKER",font="Helvetica",size="10",flash="true",action="Active Event List (AEL)",h="18",style="p",target="_self",name="sm0p8213cmp_Q_DocBroker")
button(legend="Count",arc diameter="20",type="ellipse",url="",datasource="NCOMS",label="ssng1010pap_Q_DocBroker_L",font color="black",y="369",x="521",w="18",entity="IBD_IT_IBDocs_Q_SSNG1010PAP_DBROKER",font="Helvetica",size="10",flash="true",action="Active Event List (AEL)",h="18",style="p",target="_self",name="ssng1010pap_Q_DocBroker")
button(legend="Count",arc diameter="20",type="ellipse",url="",datasource="NCOMS",label="IBDocs_Q_SNG_BigIP_L",font color="black",y="110",x="526",w="18",entity="IBD_IT_IBDocs_Q_SNG_BIGIP",font="Helvetica",size="10",flash="true",action="Active Event List (AEL)",h="18",style="p",target="_self",name="IBDocs_Q_SNG_BigIP")
button(legend="Count",arc diameter="20",type="ellipse",url="",datasource="NCOMS",label="IBDocs_Q_STM_BigIP_L",font color="black",y="110",x="310",w="18",entity="IBD_IT_IBDocs_Q_STM_BIGIP",font="Helvetica",size="10",flash="true",action="Active Event List (AEL)",h="18",style="p",target="_self",name="IBDocs_Q_STM_BigIP")
button(legend="Count",arc diameter="20",type="ellipse",url="",datasource="NCOMS",label="IBDocs_Q_LDN_BigIP_L",font color="black",y="109",x="93",w="18",entity="IBD_IT_IBDocs_Q_LDN_BIGIP",font="Helvetica",size="10",flash="true",action="Active Event List (AEL)",h="18",style="p",target="_self",name="IBDocs_Q_LDN_BigIP")
button(legend="Count",arc diameter="20",type="ellipse",url="",datasource="NCOMS",label="sldn0012pww_Q_Apache_L",font color="black",y="201",x="48",w="18",entity="IBD_IT_IBDocs_Q_SLDN0012PWW",font="Helvetica",size="10",flash="true",action="Active Event List (AEL)",h="18",style="p",target="_self",name="sldn0012pww_Q_Apache")
button(legend="Count",arc diameter="20",type="ellipse",url="",datasource="NCOMS",label="sstm8458dap_Q_Apache_L",font color="black",y="201",x="263",w="18",entity="IBD_IT_IBDocs_Q_SSTM8458DAP",font="Helvetica",size="10",flash="true",action="Active Event List (AEL)",h="18",style="p",target="_self",name="sstm8458dap_Q_Apache")
button(legend="Count",arc diameter="20",type="ellipse",url="",datasource="NCOMS",label="sldn0677dap_Q_Websphere_L",font color="black",y="285",x="48",w="18",entity="IBD_IT_IBDocs_Q_SLDN0677DAP",font="Helvetica",size="10",flash="true",action="Active Event List (AEL)",h="18",style="p",target="_self",name="sldn0677dap_Q_Websphere")
button(legend="Count",arc diameter="20",type="ellipse",url="",datasource="NCOMS",label="ssng1150dww_Q_Apache_L",font color="black",y="201",x="478",w="18",entity="IBD_IT_IBDocs_Q_SSNG1150DWW",font="Helvetica",size="10",flash="true",action="Active Event List (AEL)",h="18",style="p",target="_self",name="ssng1150dww_Q_Apache")
button(legend="Count",arc diameter="20",type="ellipse",url="",datasource="NCOMS",label="sldn0064dap_Q_Websphere_L",font color="black",y="283",x="134",w="18",entity="IBD_IT_IBDocs_Q_SLDN0064DAP",font="Helvetica",size="10",flash="true",action="Active Event List (AEL)",h="18",style="p",target="_self",name="sldn0064dap_Q_Websphere")
button(legend="Count",arc diameter="20",type="ellipse",url="",datasource="NCOMS",label="sm0d1944cmp_Q_Websphere_L",font color="black",y="284",x="263",w="18",entity="IBD_IT_IBDocs_Q_SM0D1944CMP",font="Helvetica",size="10",flash="true",action="Active Event List (AEL)",h="18",style="p",target="_self",name="sm0d1944cmp_Q_Websphere")
button(legend="Count",arc diameter="20",type="ellipse",url="",datasource="NCOMS",label="sm0d1937cmp_Q_Websphere_L",font color="black",y="282",x="349",w="18",entity="IBD_IT_IBDocs_Q_SM0D1937CMP",font="Helvetica",size="10",flash="true",action="Active Event List (AEL)",h="18",style="p",target="_self",name="sm0d1937cmp_Q_Websphere")
button(legend="Count",arc diameter="20",type="ellipse",url="",datasource="NCOMS",label="ssng1148dww_Q_Websphere_L",font color="black",y="284",x="478",w="18",entity="IBD_IT_IBDocs_Q_SSNG1148DWW",font="Helvetica",size="10",flash="true",action="Active Event List (AEL)",h="18",style="p",target="_self",name="ssng1148dww_Q_Websphere")
button(legend="Count",arc diameter="20",type="ellipse",url="",datasource="NCOMS",label="ssng1149dww_Q_Websphere_L",font color="black",y="284",x="565",w="18",entity="IBD_IT_IBDocs_Q_SSNG1149DWW",font="Helvetica",size="10",flash="true",action="Active Event List (AEL)",h="18",style="p",target="_self",name="ssng1149dww_Q_Websphere")
button(legend="Count",arc diameter="20",type="ellipse",url="",datasource="NCOMS",label="xldn1080dap_Q_Informatica_L",font color="black",y="598",x="400",w="18",entity="IBD_IT_IBDocs_Q_SLDN1080DAP",font="Helvetica",size="10",flash="true",action="Active Event List (AEL)",h="18",style="p",target="_self",name="xldn1080dap_Q_Informatica")
button(legend="Count",arc diameter="20",type="ellipse",url="",datasource="NCOMS",label="IBADCQ01",font color="black",y="598",x="308",w="18",entity="IBD_IT_IBDocs_IBADCQ01",font="Helvetica",size="10",flash="true",action="Active Event List (AEL)",h="18",style="p",target="_self",name="IBADCQ01")
button(legend="Count",arc diameter="20",type="ellipse",url="",datasource="NCOMS",label="ssng1010pap_Q_e-Content_L",font color="black",y="483",x="522",w="18",entity="IBD_IT_IBDocs_Q_SSNG1010PAP_e",font="Helvetica",size="10",flash="true",action="Active Event List (AEL)",h="18",style="p",target="_self",name="ssng1010pap_Q_e-Content")
button(legend="Count",arc diameter="20",type="ellipse",url="",datasource="NCOMS",label="sm0p8215cmp_Q_e-Content_L",font color="black",y="483",x="306",w="18",entity="IBD_IT_IBDocs_Q_SM0P8215CMP_e",font="Helvetica",size="10",flash="true",action="Active Event List (AEL)",h="18",style="p",target="_self",name="sm0p8215cmp_Q_e-Content")
button(legend="Count",arc diameter="20",type="ellipse",url="",datasource="NCOMS",label="sldn0490dap_Q_e-Content_L",font color="black",y="484",x="91",w="18",entity="IBD_IT_IBDocs_Q_SLDN0490DAP_e",font="Helvetica",size="10",flash="true",action="Active Event List (AEL)",h="18",style="p",target="_self",name="sldn0490dap_Q_e-Content")
