map(name="APP_GSD_IBD_IT_GLOBAL_QTREE",bgImage="world2.gif",bgColor="white",w="950",h="600",acl="*")
text(datasource="NCOMS",action="Open URL",flash="true",target="_self",entity="",justify="center",font="Helvetica",color="#ffff33",label="New York",y="125",style="p",url="",size="20",name="NY",x="200")
text(datasource="NCOMS",action="Open URL",flash="true",target="_self",entity="",justify="center",font="Helvetica",color="#ffff33",label="Opfikon",y="125",style="p",url="",size="20",name="Opf",x="440")
button(legend="Count",arc diameter="20",type="rectangle",url="",datasource="NCOMS",label="untitled",font color="black",y="135",x="455",w="30",entity="APP_GSD_IBD_IT_GLOBAL_Q_OPF",font="Helvetica",size="10",flash="true",action="Active Event List (AEL)",h="50",style="p",target="main",name="IBD_QTREE_OPF")
button(legend="Count",arc diameter="20",type="rectangle",url="",datasource="NCOMS",label="untitled",font color="black",y="130",x="225",w="30",entity="APP_GSD_IBD_IT_GLOBAL_Q_NY",font="Helvetica",size="10",flash="true",action="Active Event List (AEL)",h="50",style="p",target="main",name="IBD_QTREE_NY")
button(legend="None",arc diameter="20",type="rectangle",url="",datasource="NCOMS",label="untitled",font color="#666666",y="133",x="228",w="30",font="Helvetica",size="10",action="Open URL",color="gray",h="50",transparent="false",target="_self",name="visual_8")
button(legend="None",arc diameter="20",type="rectangle",url="",datasource="NCOMS",label="untitled",font color="#666666",y="138",x="458",w="30",font="Helvetica",size="10",action="Open URL",color="gray",h="50",transparent="false",target="_self",name="visual_7")
text(datasource="NCOMS",action="Open URL",flash="true",target="_self",entity="",justify="center",font="Helvetica",color="yellow",label="IBD QTREE AND P DRIVES",y="575",style="p",url="",size="30",name="Title",x="315")
text(datasource="NCOMS",action="Open URL",flash="true",target="_self",entity="",justify="center",font="Helvetica",color="#ffff33",label="Sydney",y="425",style="p",url="",size="20",name="Syd",x="835")
text(datasource="NCOMS",action="Open URL",flash="true",target="_self",entity="",justify="center",font="Helvetica",color="#ffff33",label="Hong Kong",y="265",style="p",url="",size="20",name="HK",x="705")
text(datasource="NCOMS",action="Open URL",flash="true",target="_self",entity="",justify="center",font="Helvetica",color="#ffff33",label="Tokyo",y="225",style="p",url="",size="20",name="Tok",x="820")
text(datasource="NCOMS",action="Open URL",flash="true",target="_self",entity="",justify="center",font="Helvetica",color="#ffff33",label="Singapore",y="155",style="p",url="",size="20",name="Sng",x="715")
text(datasource="NCOMS",action="Open URL",flash="true",target="_self",entity="",justify="center",font="Helvetica",color="#ffff33",label="London",y="70",style="p",url="",size="20",name="Ldn",x="375")
button(legend="Count",arc diameter="20",type="rectangle",url="",datasource="NCOMS",label="untitled",font color="black",y="77",x="392",w="30",entity="APP_GSD_IBD_IT_GLOBAL_Q_LDN",font="Helvetica",size="10",flash="true",action="Active Event List (AEL)",h="50",style="p",target="main",name="IBD_QTREE_LDN")
button(legend="Count",arc diameter="20",type="rectangle",url="",datasource="NCOMS",label="untitled",font color="black",y="170",x="740",w="30",entity="APP_GSD_IBD_IT_GLOBAL_Q_SNG",font="Helvetica",size="10",flash="true",action="Active Event List (AEL)",h="50",style="p",target="main",name="IBD_QTREE_SNG")
button(legend="Count",arc diameter="20",type="rectangle",url="",datasource="NCOMS",label="untitled",font color="black",y="275",x="740",w="30",entity="APP_GSD_IBD_IT_GLOBAL_Q_HK",font="Helvetica",size="10",flash="true",action="Active Event List (AEL)",h="50",style="p",target="main",name="IBD_QTREE_HK")
button(legend="Count",arc diameter="20",type="rectangle",url="",datasource="NCOMS",label="untitled",font color="black",y="235",x="830",w="30",entity="APP_GSD_IBD_IT_GLOBAL_Q_TOK",font="Helvetica",size="10",flash="true",action="Active Event List (AEL)",h="50",style="p",target="main",name="IBD_QTREE_TOK")
button(legend="None",arc diameter="20",type="rectangle",url="",datasource="NCOMS",label="untitled",font color="#666666",y="80",x="395",w="30",font="Helvetica",size="10",action="Open URL",color="gray",h="50",transparent="false",target="_self",name="visual_5")
button(legend="None",arc diameter="20",type="rectangle",url="",datasource="NCOMS",label="untitled",font color="#666666",y="278",x="743",w="30",font="Helvetica",size="10",action="Open URL",color="gray",h="50",transparent="false",target="_self",name="visual_4")
button(legend="None",arc diameter="20",type="rectangle",url="",datasource="NCOMS",label="untitled",font color="#666666",y="238",x="833",w="30",font="Helvetica",size="10",action="Open URL",color="gray",h="50",transparent="false",target="_self",name="visual_3")
button(legend="None",arc diameter="20",type="rectangle",url="",datasource="NCOMS",label="untitled",font color="#666666",y="173",x="743",w="30",font="Helvetica",size="10",action="Open URL",color="gray",h="50",transparent="false",target="_self",name="visual_2")
button(legend="Count",arc diameter="20",type="rectangle",url="",datasource="NCOMS",label="untitled",font color="black",y="437",x="852",w="30",entity="APP_GSD_IBD_IT_GLOBAL_Q_SYD",font="Helvetica",size="10",flash="true",action="Active Event List (AEL)",h="50",style="p",target="main",name="IBD_QTREE_SYD")
button(legend="None",arc diameter="20",type="rectangle",url="",datasource="NCOMS",label="untitled",font color="#666666",y="440",x="855",w="30",font="Helvetica",size="10",action="Open URL",color="gray",h="50",transparent="false",target="_self",name="visual_1")
button(legend="None",arc diameter="20",type="rectangle",url="",datasource="NCOMS",label="untitled",font color="black",y="545",x="295",w="420",font="Helvetica",size="10",action="Open URL",color="#3300ff",h="42",transparent="false",target="_self",name="visual_6")
