map(name="APP_Webfiler_Infra_map",bgImage="Webfiler_infra.gif",bgColor="white",w="960",h="680",acl="*")
button(legend="Count",arc diameter="20",type="ellipse",url="",datasource="NCOMS",label="untitled",font color="black",y="272",x="703",w="42",entity="APP_ATLAS_ldn_ATLASP1_infra",font="Helvetica",size="10",flash="false",action="Lightweight Event List (LEL)",h="22",style="p",target="main",name="APP_ATLAS_ldn_ATLASP1_infra")
button(legend="Count",arc diameter="20",type="ellipse",url="",datasource="NCOMS",label="untitled",font color="black",y="96",x="791",w="42",entity="APP_WEBFILER_ldn_db",font="Helvetica",size="10",flash="false",action="Active Event List (AEL)",h="22",style="p",target="main",name="APP_WEBFILER_ldn_db")
button(legend="Count",arc diameter="20",type="ellipse",url="",datasource="NCOMS",label="untitled",font color="black",y="274",x="419",w="42",entity="APP_ATLAS_stm_ATLASP1_infra",font="Helvetica",size="10",flash="false",action="Lightweight Event List (LEL)",h="22",style="p",target="main",name="APP_ATLAS_stm_ATLASP1_infra")
button(legend="Count",arc diameter="20",type="ellipse",url="",datasource="NCOMS",label="untitled",font color="black",y="96",x="506",w="42",entity="APP_WEBFILER_stm_db",font="Helvetica",size="10",flash="false",action="Active Event List (AEL)",h="22",style="p",target="main",name="APP_WEBFILER_stm_db")
button(legend="Count",arc diameter="20",type="ellipse",url="",datasource="NCOMS",label="untitled",font color="black",y="271",x="61",w="42",entity="APP_ATLAS_tky_ATLASP1_infra",font="Helvetica",size="10",flash="false",action="Lightweight Event List (LEL)",h="22",style="p",target="main",name="APP_ATLAS_tky_ATLASP1_infra")
button(legend="Count",arc diameter="20",type="ellipse",url="",datasource="NCOMS",label="untitled",font color="black",y="96",x="56",w="42",entity="APP_WEBFILER_hkg_db",font="Helvetica",size="10",flash="false",action="Active Event List (AEL)",h="22",style="p",target="main",name="APP_WEBFILER_hkg_db")
button(legend="Count",arc diameter="20",type="rectangle",url="",datasource="NCOMS",label="untitled",font color="black",y="591",x="178",w="29",entity="APP_WEBFILER_sng_FTPForwarder",font="Helvetica",size="10",flash="false",action="Active Event List (AEL)",h="34",style="p",target="main",name="APP_WEBFILER_sng_FTPForwarder")
button(legend="Count",arc diameter="20",type="rectangle",url="",datasource="NCOMS",label="untitled",font color="black",y="432",x="178",w="29",entity="APP_WEBFILER_tky_WebServer",font="Helvetica",size="10",flash="false",action="Active Event List (AEL)",h="34",style="p",target="main",name="APP_WEBFILER_tky_WebServer")
button(legend="Count",arc diameter="20",type="rectangle",url="",datasource="NCOMS",label="untitled",font color="black",y="274",x="282",w="29",entity="APP_WEBFILER_tky_FTPServ",font="Helvetica",size="10",flash="false",action="Active Event List (AEL)",h="34",style="p",target="main",name="APP_WEBFILER_tky_FTPServ")
button(legend="Count",arc diameter="20",type="rectangle",url="",datasource="NCOMS",label="untitled",font color="black",y="276",x="178",w="29",entity="APP_WEBFILER_tky_pdfcreation",font="Helvetica",size="10",flash="false",action="Active Event List (AEL)",h="34",style="p",target="main",name="APP_WEBFILER_tky_pdfcreation")
button(legend="Count",arc diameter="20",type="rectangle",url="",datasource="NCOMS",label="untitled",font color="black",y="432",x="847",w="29",entity="APP_WEBFILER_ldn_FTPForwarder",font="Helvetica",size="10",flash="false",action="Active Event List (AEL)",h="34",style="p",target="main",name="APP_WEBFILER_ldn_FTPForwarder")
button(legend="Count",arc diameter="20",type="rectangle",url="",datasource="NCOMS",label="untitled",font color="black",y="432",x="744",w="29",entity="APP_WEBFILER_ldn_WebServer",font="Helvetica",size="10",flash="false",action="Active Event List (AEL)",h="34",style="p",target="main",name="APP_WEBFILER_ldn_WebServer")
button(legend="Count",arc diameter="20",type="rectangle",url="",datasource="NCOMS",label="untitled",font color="black",y="432",x="456",w="29",entity="APP_WEBFILER_stm_WebServer",font="Helvetica",size="10",flash="false",action="Active Event List (AEL)",h="34",style="p",target="main",name="APP_WEBFILER_stm_WebServer")
button(legend="Count",arc diameter="20",type="rectangle",url="",datasource="NCOMS",label="untitled",font color="black",y="276",x="886",w="29",entity="APP_WEBFILER_ldn_FTPServ",font="Helvetica",size="10",flash="false",action="Active Event List (AEL)",h="34",style="p",target="main",name="APP_WEBFILER_ldn_FTPServ")
button(legend="Count",arc diameter="20",type="rectangle",url="",datasource="NCOMS",label="untitled",font color="black",y="276",x="792",w="29",entity="APP_WEBFILER_ldn_pdfcreation",font="Helvetica",size="10",flash="false",action="Active Event List (AEL)",h="34",style="p",target="main",name="APP_WEBFILER_ldn_pdfcreation")
button(legend="Count",arc diameter="20",type="rectangle",url="",datasource="NCOMS",label="untitled",font color="black",y="276",x="601",w="29",entity="APP_WEBFILER_stm_FTPServ",font="Helvetica",size="10",flash="false",action="Active Event List (AEL)",h="34",style="p",target="main",name="APP_WEBFILER_stm_FTPServ")
button(legend="Count",arc diameter="20",type="rectangle",url="",datasource="NCOMS",label="untitled",font color="black",y="276",x="508",w="29",entity="APP_WEBFILER_stm_pdfcreation",font="Helvetica",size="10",flash="false",action="Active Event List (AEL)",h="34",style="p",target="main",name="APP_WEBFILER_stm_pdfcreation")
button(legend="Count",arc diameter="20",type="ellipse",url="",datasource="NCOMS",label="untitled",font color="black",y="96",x="196",w="42",entity="APP_WEBFILER_syd_db",font="Helvetica",size="10",flash="false",action="Active Event List (AEL)",h="22",style="p",target="main",name="APP_WEBFILER_syd_db")
text(datasource="NCOMS",action="Open URL",flash="false",target="_self",entity="",justify="center",font="TimesRoman",color="white",label="WEBFILER INFRASTRUCTURE",style="b",y="19",url="",size="20",name="TITLE",x="354")
