map(name="APP_PB_CST_MAIN",bgImage="",bgColor="#003366",w="150",h="750",acl="*")
text(datasource="NCOMS",name="APP_PB_CASH_APAC",url="",style="b",font="Helvetica",justify="center",action="Open URL",color="white",entity="",flash="true",target="",y="708",x="27",label="Cash Weekend",size="10")
button(legend="Count",arc diameter="10",type="rounded",url="",datasource="NCOMS",label="Cash Weekend",font color="black",y="697",x="110",w="25",entity="App_L1_Autosys_Application",font="Helvetica",size="10",flash="true",action="Active Event List (AEL)",h="15",style="+_fontStyle+",target="main",name="APP_PB_CST_Cash_Apac")
button(legend="Count",arc diameter="10",type="rounded",url="",datasource="NCOMS",label="CSLAlerts",font color="black",y="543",x="109",w="25",entity="APP_PB_CST_CSL_APP",font="Helvetica",size="10",flash="true",action="Active Event List (AEL)",h="15",style="+_fontStyle+",target="main",name="APP_PB_CST_CSL_APP")
text(datasource="NCOMS",name="APP_PB_CST_CSL_LABEL",url="",style="b",font="Helvetica",justify="center",action="Open URL",color="white",entity="",flash="true",target="",y="555",x="81",label="CSL",size="10")
button(legend="Count",arc diameter="10",type="rounded",url="",datasource="NCOMS",label="AFX Alerts",font color="black",y="471",x="109",w="25",entity="APP_PB_CST_AFX_APP",font="Helvetica",size="10",flash="true",action="Active Event List (AEL)",h="15",style="+_fontStyle+",target="main",name="APP_PB_CST_AFX_APP")
text(datasource="NCOMS",name="APP_PB_CST_AFX_LABEL",url="",style="b",font="Helvetica",justify="center",action="Open URL",color="white",entity="",flash="true",target="",y="483",x="79",label="AFX",size="10")
button(legend="Count",arc diameter="10",type="rounded",url="",datasource="NCOMS",label="PVE Alerts",font color="black",y="544",x="48",w="25",entity="APP_PB_CST_PVE_APP",font="Helvetica",size="10",flash="true",action="Active Event List (AEL)",h="15",style="+_fontStyle+",target="main",name="APP_PB_CST_PVE_APP")
text(datasource="NCOMS",name="APP_PB_CST_PVO_LABEL",url="",style="b",font="Helvetica",justify="center",action="Open URL",color="white",entity="",flash="true",target="",y="556",x="6",label="PVO",size="10")
button(legend="Count",arc diameter="10",type="rounded",url="",datasource="NCOMS",label="RiskFlex Alerts",font color="black",y="418",x="109",w="25",entity="APP_PB_CST_RFX",font="Helvetica",size="10",flash="true",action="Active Event List (AEL)",h="15",style="+_fontStyle+",target="main",name="APP_PB_CST_RFX_APP")
text(datasource="NCOMS",name="APP_PB_CST_RFX_LABEL",url="",style="b",font="Helvetica",justify="center",action="Open URL",color="white",entity="",flash="true",target="",y="430",x="79",label="RFX",size="10")
button(legend="Count",arc diameter="10",type="rounded",url="",datasource="NCOMS",label="EFX Alerts",font color="black",y="641",x="109",w="25",entity="APP_PB_CST_EFX_APP",font="Helvetica",size="10",flash="true",action="Active Event List (AEL)",h="15",style="+_fontStyle+",target="main",name="APP_PB_CST_EFX_APP")
text(datasource="NCOMS",name="APP_PB_CST_EFX_LABEL",url="",style="b",font="Helvetica",justify="center",action="Open URL",color="white",entity="",flash="true",target="",y="651",x="83",label="EFX",size="10")
button(legend="Count",arc diameter="10",type="rounded",url="",datasource="NCOMS",label="INFORM Alerts",font color="black",y="561",x="48",w="25",entity="APP_PB_CST_INFORM_APP",font="Helvetica",size="10",flash="true",action="Active Event List (AEL)",h="15",style="+_fontStyle+",target="main",name="APP_PB_CST_INFORM_APP")
text(datasource="NCOMS",name="APP_PB_CST_INFORM_LABEL",url="",style="b",font="Helvetica",justify="center",action="Open URL",color="white",entity="",flash="true",target="",y="572",x="5",label="Inform",size="10")
text(datasource="NCOMS",name="APP_PB_CST_GRS_LABEL",url="",style="p",font="Helvetica",justify="center",action="Open URL",color="white",entity="",flash="true",target="",y="378",x="5",label="GRS",size="10")
button(legend="Count",arc diameter="10",type="rounded",url="",datasource="NCOMS",label="GRS Alerts",font color="black",y="366",x="48",w="25",entity="APP_PB_CST_SBLRS_APP",font="Helvetica",size="10",flash="true",action="Active Event List (AEL)",h="15",style="p",target="main",name="APP_PB_CST_SBLRS_APP")
button(legend="Count",arc diameter="10",type="rounded",url="",datasource="NCOMS",label="GAS Alerts",font color="black",y="384",x="48",w="25",entity="APP_PB_CST_GAS_APP",font="Helvetica",size="10",flash="true",action="Active Event List (AEL)",h="15",style="+_fontStyle+",target="main",name="APP_PB_CST_GAS_APP")
text(datasource="NCOMS",name="APP_PB_CST_GAS_LABEL",url="",style="b",font="Helvetica",justify="center",action="Open URL",color="white",entity="",flash="true",target="",y="395",x="5",label="GAS",size="10")
button(legend="Count",arc diameter="10",type="rounded",url="",datasource="NCOMS",label="PP Alerts",font color="black",y="330",x="109",w="25",entity="APP_PB_CST_PP_APP",font="Helvetica",size="10",flash="true",action="Active Event List (AEL)",h="15",style="+_fontStyle+",target="main",name="APP_PB_CST_PP_APP")
text(datasource="NCOMS",name="APP_PB_CST_PP_LABEL",url="",style="b",font="Helvetica",justify="center",action="Open URL",color="white",entity="",flash="true",target="",y="342",x="83",label="PP",size="10")
button(legend="Count",arc diameter="10",type="rounded",url="",datasource="NCOMS",label="DPP Alerts",font color="black",y="348",x="109",w="25",entity="APP_PB_CST_DPP_APP",font="Helvetica",size="10",flash="true",action="Active Event List (AEL)",h="15",style="+_fontStyle+",target="main",name="APP_PB_CST_DPP_APP")
text(datasource="NCOMS",name="APP_PB_CST_DPP_LABEL",url="",style="b",font="Helvetica",justify="center",action="Open URL",color="white",entity="",flash="true",target="",y="360",x="82",label="DPP",size="10")
button(legend="Count",arc diameter="10",type="rounded",url="",datasource="NCOMS",label="GLR Alerts",font color="black",y="562",x="109",w="25",entity="APP_PB_CST_GLR_APP",font="Helvetica",size="10",flash="true",action="Active Event List (AEL)",h="15",style="+_fontStyle+",target="main",name="APP_PB_CST_GLR_APP")
text(datasource="NCOMS",name="APP_PB_CST_GLR_LABEL",url="",style="b",font="Helvetica",justify="center",action="Open URL",color="white",entity="",flash="true",target="",y="574",x="80",label="GLR",size="10")
button(legend="Count",arc diameter="10",type="rounded",url="",datasource="NCOMS",label="D1P Alerts",font color="black",y="384",x="109",w="25",entity="APP_PB_CST_D1P_APP",font="Helvetica",size="10",flash="true",action="Active Event List (AEL)",h="15",style="+_fontStyle+",target="main",name="APP_PB_CST_D1P_APP")
text(datasource="NCOMS",name="APP_PB_CST_D1P_LABEL",url="",style="b",font="Helvetica",justify="center",action="Open URL",color="white",entity="",flash="true",target="",y="395",x="82",label="D1P",size="10")
button(legend="Count",arc diameter="10",type="rounded",url="",datasource="NCOMS",label="PBI Alerts",font color="black",y="508",x="48",w="25",entity="APP_PB_CST_PBI_APP",font="Helvetica",size="10",flash="true",action="Active Event List (AEL)",h="15",style="+_fontStyle+",target="main",name="APP_PB_CST_PBI_APP")
button(legend="Count",arc diameter="10",type="rounded",url="",datasource="NCOMS",label="PBW Alerts",font color="black",y="419",x="48",w="25",entity="APP_PB_CST_PBW_APP",font="Helvetica",size="10",flash="true",action="Active Event List (AEL)",h="15",style="+_fontStyle+",target="main",name="APP_PB_CST_PBW_APP")
text(datasource="NCOMS",name="APP_PB_CST_PBI_LABEL",url="",style="b",font="Helvetica",justify="center",action="Open URL",color="white",entity="",flash="true",target="",y="520",x="5",label="PBI",size="10")
text(datasource="NCOMS",name="APP_PB_CST_PBW_LABEL",url="",style="b",font="Helvetica",justify="center",action="Open URL",color="white",entity="",flash="true",target="",y="431",x="5",label="PBW",size="10")
button(legend="None",arc diameter="20",type="rectangle",url="",datasource="NCOMS",label="untitled",font color="black",y="86",x="300",w="50",entity="",font="Helvetica",size="10",flash="true",action="Open URL",h="25",style="p",target="_self",name="visual_13")
button(legend="None",arc diameter="20",type="rectangle",url="",datasource="NCOMS",label="untitled",font color="black",y="440",x="534",w="50",entity="",font="Helvetica",size="10",flash="true",action="Open URL",h="25",style="p",target="_self",name="visual_12")
button(legend="None",arc diameter="20",type="rectangle",url="",datasource="NCOMS",label="untitled",font color="black",y="449",x="540",w="50",entity="",font="Helvetica",size="10",flash="true",action="Open URL",h="25",style="p",target="_self",name="visual_11")
button(legend="None",arc diameter="20",type="rectangle",url="",datasource="NCOMS",label="untitled",font color="black",y="450",x="607",w="50",entity="",font="Helvetica",size="10",flash="true",action="Open URL",h="25",style="p",target="_self",name="visual_10")
button(legend="None",arc diameter="20",type="rectangle",url="",datasource="NCOMS",label="untitled",font color="black",y="420",x="638",w="50",entity="",font="Helvetica",size="10",flash="true",action="Open URL",h="25",style="p",target="_self",name="visual_9")
button(legend="None",arc diameter="20",type="rectangle",url="",datasource="NCOMS",label="untitled",font color="black",y="731",x="418",w="50",entity="",font="Helvetica",size="10",flash="true",action="Open URL",h="25",style="p",target="_self",name="visual_8")
button(legend="None",arc diameter="20",type="rectangle",url="",datasource="NCOMS",label="untitled",font color="black",y="336",x="622",w="50",entity="",font="Helvetica",size="10",flash="true",action="Open URL",h="25",style="p",target="_self",name="visual_7")
button(legend="None",arc diameter="20",type="rectangle",url="",datasource="NCOMS",label="untitled",font color="black",y="324",x="533",w="50",entity="",font="Helvetica",size="10",flash="true",action="Open URL",h="25",style="p",target="_self",name="visual_6")
button(legend="None",arc diameter="20",type="rectangle",url="",datasource="NCOMS",label="untitled",font color="black",y="660",x="279",w="50",entity="",font="Helvetica",size="10",flash="true",action="Open URL",h="25",style="p",target="_self",name="visual_5")
button(legend="None",arc diameter="20",type="rectangle",url="",datasource="NCOMS",label="untitled",font color="black",y="680",x="405",w="50",entity="",font="Helvetica",size="10",flash="true",action="Open URL",h="25",style="p",target="_self",name="visual_4")
button(legend="None",arc diameter="20",type="rectangle",url="",datasource="NCOMS",label="untitled",font color="black",y="673",x="649",w="50",entity="",font="Helvetica",size="10",flash="true",action="Open URL",h="25",style="p",target="_self",name="visual_3")
button(legend="None",arc diameter="20",type="rectangle",url="",datasource="NCOMS",label="untitled",font color="black",y="715",x="423",w="48",entity="",font="Helvetica",size="10",flash="true",action="Open URL",h="24",style="p",target="_self",name="visual_2")
button(legend="Count",arc diameter="10",type="rounded",url="",datasource="NCOMS",label="DSS Alerts",font color="black",y="312",x="109",w="25",entity="APP_PB_CST_DSS_APP",font="Helvetica",size="10",flash="true",action="Active Event List (AEL)",h="15",style="+_fontStyle+",target="main",name="APP_PB_CST_DSS_APP")
text(datasource="NCOMS",name="APP_PB_CST_DSS_LABEL",url="",style="b",font="Helvetica",justify="center",action="Open URL",color="white",entity="",flash="true",target="",y="323",x="82",label="DSS",size="10")
button(legend="Count",arc diameter="10",type="rounded",url="",datasource="NCOMS",label="ACM Alerts",font color="black",y="366",x="109",w="25",entity="APP_PB_CST_ACM_APP",font="Helvetica",size="10",flash="true",action="Active Event List (AEL)",h="15",style="+_fontStyle+",target="main",name="APP_PB_CST_ACM_APP")
text(datasource="NCOMS",name="APP_PB_CST_ACM_LABEL",url="",style="b",font="Helvetica",justify="center",action="Open URL",color="white",entity="",flash="true",target="",y="377",x="82",label="ACM",size="10")
button(legend="Count",arc diameter="10",type="rounded",url="",datasource="NCOMS",label="PIM-DS Alerts",font color="black",y="348",x="48",w="25",entity="APP_PB_CST_PIM_APP",font="Helvetica",size="10",flash="true",action="Active Event List (AEL)",h="15",style="+_fontStyle+",target="main",name="APP_PB_CST_PIM_APP")
text(datasource="NCOMS",name="APP_PB_CST_PIM_LABEL",url="",style="b",font="Helvetica",justify="center",action="Open URL",color="white",entity="",flash="true",target="",y="360",x="5",label="PIM",size="10")
button(legend="Label",arc diameter="20",type="rectangle",url="",datasource="NCOMS",label="OTHERS",font color="#330033",y="620",x="5",w="130",font="Helvetica",size="10",action="Open URL",color="#ccccff",h="14",transparent="false",target="_self",name="visual_bar_others")
button(legend="Label",arc diameter="20",type="rectangle",url="",datasource="NCOMS",label="EF",font color="#330033",y="110",x="4",w="130",font="Helvetica",size="10",action="Open URL",color="#ccccff",h="14",transparent="false",target="_self",name="visual_bar_ef")
button(legend="Label",arc diameter="20",type="rectangle",url="",datasource="NCOMS",label="PB",font color="#330033",y="403",x="4",w="130",font="Helvetica",size="10",action="Open URL",color="#ccccff",h="14",transparent="false",target="_self",name="visual_bar_pb")
button(legend="None",arc diameter="20",type="rectangle",url="",datasource="NCOMS",label="untitled",font color="black",y="702",x="301",w="50",entity="",font="Helvetica",size="10",flash="true",action="Open URL",h="25",style="p",target="_self",name="visual_1")
button(legend="Label",arc diameter="20",type="rectangle",url="",datasource="NCOMS",label="UAT",font color="#330033",y="582",x="4",w="130",font="Helvetica",size="10",action="Open URL",color="#ccccff",h="14",transparent="false",target="_self",name="visual_bar_uat")
button(legend="Count",arc diameter="10",type="rounded",url="",datasource="NCOMS",label="ManualTasks UAT alerts",font color="black",y="602",x="48",w="25",entity="APP_PB_CST_UAT_MANUALTASKS",font="Helvetica",size="10",flash="true",action="Active Event List (AEL)",h="15",style="+_fontStyle+",target="main",name="APP_PB_CST_UAT_MT_APP")
button(legend="Count",arc diameter="10",type="rounded",url="",datasource="NCOMS",label="SABRE UAT Application",font color="black",y="602",x="110",w="25",entity="APP_PB_CST_UAT_SABRE_APP",font="Helvetica",size="10",flash="true",action="Active Event List (AEL)",h="15",style="+_fontStyle+",target="main",name="APP_PB_CST_UAT_SABRE_APP")
text(datasource="NCOMS",name="APP_PB_CST_SABREUAT_LABEL",url="",style="b",font="Helvetica",justify="center",action="Open URL",color="white",entity="",flash="true",target="",y="614",x="79",label="Sabre",size="10")
text(datasource="NCOMS",name="APP_PB_CST_MTUAT_LABEL",url="",style="b",font="Helvetica",justify="center",action="Open URL",color="white",entity="",flash="true",target="",y="612",x="5",label="MTUAT",size="10")
button(legend="Count",arc diameter="10",type="rounded",url="",datasource="NCOMS",label="HFSCP Alerts",font color="black",y="526",x="109",w="25",entity="APP_PB_CST_HFSCP_APP",font="Helvetica",size="10",flash="true",action="Active Event List (AEL)",h="15",style="+_fontStyle+",target="main",name="APP_PB_CST_HFSCP_APP")
text(datasource="NCOMS",name="APP_PB_CST_HFSCP_LABEL",url="",style="b",font="Helvetica",justify="center",action="Open URL",color="white",entity="",flash="true",target="",y="538",x="80",label="CP",size="10")
button(legend="Count",arc diameter="10",type="rounded",url="",datasource="NCOMS",label="TPE Alerts",font color="black",y="508",x="109",w="25",entity="APP_PB_CST_TPE_APP",font="Helvetica",size="10",flash="true",action="Active Event List (AEL)",h="15",style="+_fontStyle+",target="main",name="APP_PB_CST_TPEE_APP")
text(datasource="NCOMS",name="APP_PB_CST_TPE_LABEL",url="",style="b",font="Helvetica",justify="center",action="Open URL",color="white",entity="",flash="true",target="",y="520",x="79",label="TPE",size="10")
button(legend="Count",arc diameter="10",type="rounded",url="",datasource="NCOMS",label="SBE Billing Alerts",font color="black",y="490",x="109",w="25",entity="APP_PB_CST_SBE_APP",font="Helvetica",size="10",flash="true",action="Active Event List (AEL)",h="15",style="+_fontStyle+",target="main",name="APP_PB_CST_SBE_APP")
text(datasource="NCOMS",name="APP_PB_CST_SBE_LABEL",url="",style="b",font="Helvetica",justify="center",action="Open URL",color="white",entity="",flash="true",target="",y="502",x="78",label="SBE",size="10")
button(legend="Count",arc diameter="10",type="rounded",url="",datasource="NCOMS",label="Rehypo Alerts",font color="black",y="330",x="48",w="25",entity="APP_PB_CST_REHYPO_APP",font="Helvetica",size="10",flash="true",action="Active Event List (AEL)",h="15",style="+_fontStyle+",target="main",name="APP_PB_CST_REHYPO_APP")
text(datasource="NCOMS",name="APP_PB_CST_REHYPO_LABEL",url="",style="b",font="Helvetica",justify="center",action="Open URL",color="white",entity="",flash="true",target="",y="341",x="5",label="Rehypo",size="10")
button(legend="Count",arc diameter="10",type="rounded",url="",datasource="NCOMS",label="All UNACKED ALERTS",font color="black",y="657",x="48",w="25",entity="APP_PB_CST_UNACK",font="Helvetica",size="10",flash="true",action="Active Event List (AEL)",h="15",style="+_fontStyle+",target="main",name="APP_PB_CST_IGNORED")
text(datasource="NCOMS",name="APP_PB_CST_ByGroup_LABEL",url="",style="b",font="Helvetica",justify="center",action="Open URL",color="white",entity="",flash="true",target="",y="668",x="4",label="By Group",size="10")
text(datasource="NCOMS",name="APP_PB_CST_HALO_LABEL",url="",style="b",font="Helvetica",justify="center",action="Open URL",color="white",entity="",flash="true",target="",y="143",x="5",label="HaLo",size="10")
text(datasource="NCOMS",name="APP_PB_CST_WISDOM_LABEL",url="",style="b",font="Helvetica",justify="center",action="Open URL",color="white",entity="",flash="true",target="",y="179",x="5",label="Wisdom",size="10")
button(legend="Count",arc diameter="10",type="rounded",url="",datasource="NCOMS",label="Wisdom Alerts",font color="black",y="169",x="48",w="25",entity="APP_PB_CST_WISDOM_APP",font="Helvetica",size="10",flash="true",action="Active Event List (AEL)",h="15",style="+_fontStyle+",target="main",name="APP_PB_CST_WISDOM_APP")
button(legend="Count",arc diameter="10",type="rounded",url="",datasource="NCOMS",label="PRIORITY4 alerts",font color="black",y="85",x="111",w="25",entity="APP_PB_CST_PRIORITY04",font="Helvetica",size="10",flash="true",action="Active Event List (AEL)",h="15",style="+_fontStyle+",target="main",name="APP_PB_CST_PRIORITY4_APP")
button(legend="Count",arc diameter="10",type="rounded",url="",datasource="NCOMS",label="PRIORITY3 alerts",font color="black",y="85",x="84",w="25",entity="APP_PB_CST_PRIORITY03",font="Helvetica",size="10",flash="true",action="Active Event List (AEL)",h="15",style="+_fontStyle+",target="main",name="APP_PB_CST_PRIORITY3_APP")
button(legend="Count",arc diameter="10",type="rounded",url="",datasource="NCOMS",label="PRIORITY2 alerts",font color="black",y="85",x="57",w="25",entity="APP_PB_CST_PRIORITY02",font="Helvetica",size="10",flash="true",action="Active Event List (AEL)",h="15",style="+_fontStyle+",target="main",name="APP_PB_CST_PRIORITY2_APP")
text(datasource="NCOMS",name="APP_PB_CST_PRIORITY4_LABEL",url="",style="b",font="Helvetica",justify="center",action="Open URL",color="white",entity="",flash="true",target="",y="80",x="117",label="P4",size="10")
text(datasource="NCOMS",name="APP_PB_CST_PRIORITY3_LABEL",url="",style="b",font="Helvetica",justify="center",action="Open URL",color="white",entity="",flash="true",target="",y="80",x="90",label="P3",size="10")
text(datasource="NCOMS",name="APP_PB_CST_PRIORITY2_LABEL",url="",style="b",font="Helvetica",justify="center",action="Open URL",color="white",entity="",flash="true",target="",y="80",x="64",label="P2",size="10")
button(legend="Count",arc diameter="10",type="rounded",url="",datasource="NCOMS",label="PRIORITY1 alerts",font color="black",y="85",x="30",w="25",entity="APP_PB_CST_PRIORITY01",font="Helvetica",size="10",flash="true",action="Active Event List (AEL)",h="15",style="+_fontStyle+",target="main",name="APP_PB_CST_PRIORITY1_APP")
text(datasource="NCOMS",name="APP_PB_CST_PRIORITY1_LABEL",url="",style="b",font="Helvetica",justify="center",action="Open URL",color="white",entity="",flash="true",target="",y="80",x="37",label="P1",size="10")
button(legend="Count",arc diameter="10",type="rounded",url="",datasource="NCOMS",label="ManualTasks alerts",font color="black",y="85",x="3",w="25",entity="APP_PB_CST_MANUALTASKS",font="Helvetica",size="10",flash="true",action="Active Event List (AEL)",h="15",style="+_fontStyle+",target="main",name="APP_PB_CST_MT_APP")
text(datasource="NCOMS",name="APP_PB_CST_MT_LABEL",url="",style="b",font="Helvetica",justify="center",action="Open URL",color="white",entity="",flash="true",target="",y="80",x="8",label="MT",size="10")
button(legend="Count",arc diameter="10",type="rounded",url="",datasource="NCOMS",label="Geneva Application Alerts",font color="black",y="526",x="48",w="25",entity="APP_PB_CST_GENEVA_APP",font="Helvetica",size="10",flash="true",action="Active Event List (AEL)",h="15",style="+_fontStyle+",target="main",name="APP_PB_CST_GENEVA_APP")
text(datasource="NCOMS",name="APP_PB_CST_GENEVA_LABEL",url="",style="b",font="Helvetica",justify="center",action="Open URL",color="white",entity="",flash="true",target="",y="538",x="4",label="Geneva",size="10")
text(datasource="NCOMS",name="APP_PB_CST_PIRANHA_LABEL",url="",style="b",font="Helvetica",justify="center",action="Open URL",color="white",entity="",flash="true",target="",y="323",x="5",label="PIRANHA",size="9")
button(legend="Count",arc diameter="10",type="rounded",url="",datasource="NCOMS",label="Piranha Application alerts",font color="black",y="312",x="48",w="25",entity="APP_PB_CST_PIRANHA_APP",font="Helvetica",size="10",flash="true",action="Active Event List (AEL)",h="15",style="+_fontStyle+",target="main",name="APP_PB_CST_PIRANHA_APP")
text(datasource="NCOMS",name="APP_PB_CST_MIS_LABEL",url="",style="b",font="Helvetica",justify="center",action="Open URL",color="white",entity="",flash="true",target="",y="287",x="82",label="MIS",size="10")
button(legend="Count",arc diameter="10",type="rounded",url="",datasource="NCOMS",label="MIS Application alerts",font color="black",y="276",x="109",w="25",entity="APP_PB_CST_MIS_APP",font="Helvetica",size="10",flash="true",action="Active Event List (AEL)",h="15",style="+_fontStyle+",target="main",name="APP_PB_CST_MIS_APP")
text(datasource="NCOMS",name="APP_PB_CST_REEF_LABEL",url="",style="b",font="Helvetica",justify="center",action="Open URL",color="white",entity="",flash="true",target="",y="215",x="5",label="REEF",size="10")
button(legend="Count",arc diameter="10",type="rounded",url="",datasource="NCOMS",label="REEF Application alerts",font color="black",y="204",x="48",w="25",entity="APP_PB_CST_REEF_APP",font="Helvetica",size="10",flash="true",action="Active Event List (AEL)",h="15",style="+_fontStyle+",target="main",name="APP_PB_CST_REEF_APP")
text(datasource="NCOMS",name="APP_PB_CST_JAWS_LABEL",url="",style="b",font="Helvetica",justify="center",action="Open URL",color="white",entity="",flash="true",target="",y="197",x="4",label="JAWS",size="10")
button(legend="Count",arc diameter="10",type="rounded",url="",datasource="NCOMS",label="JAWS Application alerts",font color="black",y="186",x="48",w="25",entity="APP_PB_CST_JAWS_APP",font="Helvetica",size="10",flash="true",action="Active Event List (AEL)",h="15",style="+_fontStyle+",target="main",name="APP_PB_CST_JAWS_APP")
text(datasource="NCOMS",name="APP_PB_CST_ECTWB_LABEL",url="",style="b",font="Helvetica",justify="center",action="Open URL",color="white",entity="",flash="true",target="",y="305",x="5",label="ECTWB",size="10")
button(legend="Count",arc diameter="10",type="rounded",url="",datasource="NCOMS",label="ECTWB Application alerts",font color="black",y="294",x="48",w="25",entity="APP_PB_CST_ECTWB_APP",font="Helvetica",size="10",flash="true",action="Active Event List (AEL)",h="15",style="+_fontStyle+",target="main",name="APP_PB_CST_ECTWB_APP")
text(datasource="NCOMS",name="APP_PB_CST_GPA_LABEL",url="",style="b",font="Helvetica",justify="center",action="Open URL",color="white",entity="",flash="true",target="",y="466",x="79",label="GPA",size="9")
button(legend="Count",arc diameter="10",type="rounded",url="",datasource="NCOMS",label="Genetix Application Alerts",font color="black",y="454",x="109",w="25",entity="APP_PB_CST_GENETIX_APP",font="Helvetica",size="10",flash="true",action="Active Event List (AEL)",h="15",style="+_fontStyle+",target="main",name="APP_PB_CST_GENETIX_APP")
text(datasource="NCOMS",name="APP_PB_CST_PAR_LABEL",url="",style="b",font="Helvetica",justify="center",action="Open URL",color="white",entity="",flash="true",target="",y="688",x="83",label="PAR",size="10")
button(legend="Count",arc diameter="10",type="rounded",url="",datasource="NCOMS",label="PAR Application Alerts",font color="black",y="678",x="110",w="25",entity="APP_PB_CST_PAR_APP",font="Helvetica",size="10",flash="true",action="Active Event List (AEL)",h="15",style="+_fontStyle+",target="main",name="APP_PB_CST_PAR_APP")
text(datasource="NCOMS",name="APP_PB_CST_AUTORETURNS_LABEL",url="",style="b",font="Helvetica",justify="center",action="Open URL",color="white",entity="",flash="true",target="",y="305",x="83",label="AR",size="9")
button(legend="Count",arc diameter="10",type="rounded",url="",datasource="NCOMS",label="Autoreturns Application",font color="black",y="294",x="109",w="25",entity="APP_PB_CST_AUTORETURNS_APP",font="Helvetica",size="10",flash="true",action="Active Event List (AEL)",h="15",style="+_fontStyle+",target="main",name="APP_PB_CST_AUTORETURNS_APP")
text(datasource="NCOMS",name="APP_PB_CST_AUTOMARKS_LABEL",url="",style="b",font="Helvetica",justify="center",action="Open URL",color="white",entity="",flash="true",target="",y="671",x="84",label="AM",size="9")
button(legend="Count",arc diameter="10",type="rounded",url="",datasource="NCOMS",label="Automarks Application",font color="black",y="659",x="109",w="25",entity="APP_PB_CST_AUTOMARKS_APP",font="Helvetica",size="10",flash="true",action="Active Event List (AEL)",h="15",style="+_fontStyle+",target="main",name="APP_PB_CST_AUTOMARKS_APP")
text(datasource="NCOMS",name="APP_PB_CST_PCS_LABEL",url="",style="b",font="Helvetica",justify="center",action="Open URL",color="white",entity="",flash="true",target="",y="269",x="82",label="PCS",size="10")
button(legend="Count",arc diameter="10",type="rounded",url="",datasource="NCOMS",label="PCS Application Alerts",font color="black",y="258",x="109",w="25",entity="APP_PB_CST_PCS_APP",font="Helvetica",size="10",flash="true",action="Active Event List (AEL)",h="15",style="+_fontStyle+",target="main",name="APP_PB_CST_PCS_APP")
button(legend="Count",arc diameter="10",type="rounded",url="",datasource="NCOMS",label="GLOBAL1 Application",font color="black",y="150",x="48",w="25",entity="APP_PB_CST_GLOBAL1_APP",font="Helvetica",size="10",flash="true",action="Active Event List (AEL)",h="15",style="+_fontStyle+",target="main",name="APP_PB_CST_GLOBAL1_APP")
text(datasource="NCOMS",name="APP_PB_CST_GLOBAL1_LABEL",url="",style="b",font="Helvetica",justify="center",action="Open URL",color="white",entity="",flash="true",target="",y="161",x="5",label="GL1",size="9")
text(datasource="NCOMS",name="APP_PB_CST_GPLWB_LABEL",url="",style="b",font="Helvetica",justify="center",action="Open URL",color="white",entity="",flash="true",target="",y="269",x="5",label="GPLWB",size="10")
button(legend="Count",arc diameter="10",type="rounded",url="",datasource="NCOMS",label="GPLWB ALERTS",font color="black",y="258",x="48",w="25",entity="APP_PB_CST_GPLWB_APP",font="Helvetica",size="10",flash="true",action="Active Event List (AEL)",h="15",style="+_fontStyle+",target="main",name="APP_PB_CST_GPLWB_APP")
button(legend="Count",arc diameter="10",type="rounded",url="",datasource="NCOMS",label="LoanetMQ ALERTS",font color="black",y="276",x="48",w="25",entity="APP_PB_CST_LMQ_APP",font="Helvetica",size="10",flash="true",action="Active Event List (AEL)",h="15",style="+_fontStyle+",target="main",name="APP_PB_CST_LMQ_APP")
button(legend="Count",arc diameter="10",type="rounded",url="",datasource="NCOMS",label="GRM ALERTS",font color="black",y="186",x="109",w="25",entity="APP_PB_CST_GRM_APP",font="Helvetica",size="10",flash="true",action="Active Event List (AEL)",h="15",style="+_fontStyle+",target="main",name="APP_PB_CST_GRM_APP")
button(legend="Count",arc diameter="10",type="rounded",url="",datasource="NCOMS",label="ASAP ALERTS",font color="black",y="240",x="48",w="25",entity="APP_PB_CST_ASAP_APP",font="Helvetica",size="10",flash="true",action="Active Event List (AEL)",h="15",style="+_fontStyle+",target="main",name="APP_PB_CST_ASAP_APP")
button(legend="Count",arc diameter="10",type="rounded",url="",datasource="NCOMS",label="ALG ALERTS",font color="black",y="168",x="109",w="25",entity="APP_PB_CST_ALG_APP",font="Helvetica",size="10",flash="true",action="Active Event List (AEL)",h="15",style="+_fontStyle+",target="main",name="APP_PB_CST_ALG_APP")
text(datasource="NCOMS",name="APP_PB_CST_GRM_LABEL",url="",style="b",font="Helvetica",justify="center",action="Open URL",color="white",entity="",flash="true",target="",y="197",x="81",label="GRM",size="10")
text(datasource="NCOMS",name="APP_PB_CST_LMQ_LABEL",url="",style="b",font="Helvetica",justify="center",action="Open URL",color="white",entity="",flash="true",target="",y="287",x="6",label="LMQ",size="9")
text(datasource="NCOMS",name="APP_PB_CST_ASAP_LABEL",url="",style="b",font="Helvetica",justify="center",action="Open URL",color="white",entity="",flash="true",target="",y="251",x="5",label="ASAP",size="10")
text(datasource="NCOMS",name="APP_PB_CST_ALG_LABEL",url="",style="b",font="Helvetica",justify="center",action="Open URL",color="white",entity="",flash="true",target="",y="179",x="83",label="ALG",size="10")
button(legend="Count",arc diameter="10",type="rounded",url="",datasource="NCOMS",label="EXCAL Application",font color="black",y="436",x="48",w="25",entity="APP_PB_CST_EXCAL_APP",font="Helvetica",size="10",flash="true",action="Active Event List (AEL)",h="15",style="+_fontStyle+",target="main",name="APP_PB_CST_EXCAL_APP")
text(datasource="NCOMS",name="APP_PB_CST_EXCAL_LABEL",url="",style="b",font="Helvetica",justify="center",action="Open URL",color="white",entity="",flash="true",target="",y="448",x="5",label="EXCAL",size="9")
button(legend="Count",arc diameter="10",type="rounded",url="",datasource="NCOMS",label="CREDITARB Application",font color="black",y="490",x="48",w="25",entity="APP_PB_CST_CREDITARB_APP",font="Helvetica",size="10",flash="true",action="Active Event List (AEL)",h="15",style="+_fontStyle+",target="main",name="APP_PB_CST_CREDITARB_APP")
text(datasource="NCOMS",name="APP_PB_CST_CREDITARB_LABEL",url="",style="b",font="Helvetica",justify="center",action="Open URL",color="white",entity="",flash="true",target="",y="502",x="4",label="CreditArb",size="9")
button(legend="Count",arc diameter="10",type="rounded",url="",datasource="NCOMS",label="CAMELOT Application",font color="black",y="472",x="48",w="25",entity="APP_PB_CST_CAMELOT_APP",font="Helvetica",size="10",flash="true",action="Active Event List (AEL)",h="15",style="+_fontStyle+",target="main",name="APP_PB_CST_CAMELOT_APP")
text(datasource="NCOMS",name="APP_PB_CST_CAMELOT_LABEL",url="",style="b",font="Helvetica",justify="center",action="Open URL",color="white",entity="",flash="true",target="",y="484",x="5",label="Camelot",size="9")
button(legend="Count",arc diameter="10",type="rounded",url="",datasource="NCOMS",label="MFX Application",font color="black",y="436",x="109",w="25",entity="APP_PB_CST_MFX_APP",font="Helvetica",size="10",flash="true",action="Active Event List (AEL)",h="15",style="+_fontStyle+",target="main",name="APP_PB_CST_MFX_APP")
button(legend="Count",arc diameter="10",type="rounded",url="",datasource="NCOMS",label="SABRE Application",font color="black",y="222",x="48",w="25",entity="APP_PB_CST_SABRE_APP",font="Helvetica",size="10",flash="true",action="Active Event List (AEL)",h="15",style="+_fontStyle+",target="main",name="APP_PB_CST_SABRE_APP")
button(legend="Count",arc diameter="10",type="rounded",url="",datasource="NCOMS",label="EAE Application",font color="black",y="204",x="109",w="25",entity="APP_PB_CST_EAE_APP",font="Helvetica",size="10",flash="true",action="Active Event List (AEL)",h="15",style="+_fontStyle+",target="main",name="APP_PB_CST_EAE_APP")
button(legend="Count",arc diameter="10",type="rounded",url="",datasource="NCOMS",label="ECI Application",font color="black",y="222",x="109",w="25",entity="APP_PB_CST_ECI_APP",font="Helvetica",size="10",flash="true",action="Active Event List (AEL)",h="15",style="+_fontStyle+",target="main",name="APP_PB_CST_ECI_APP")
text(datasource="NCOMS",name="APP_PB_CST_EAE_LABEL",url="",style="b",font="Helvetica",justify="center",action="Open URL",color="white",entity="",flash="true",target="",y="215",x="82",label="EAE",size="10")
text(datasource="NCOMS",name="APP_PB_CST_SABRE_LABEL",url="",style="b",font="Helvetica",justify="center",action="Open URL",color="white",entity="",flash="true",target="",y="233",x="5",label="SABRE",size="10")
text(datasource="NCOMS",name="APP_PB_CST_MFX_LABEL",url="",style="b",font="Helvetica",justify="center",action="Open URL",color="white",entity="",flash="true",target="",y="448",x="79",label="MFX",size="10")
text(datasource="NCOMS",name="APP_PB_CST_ECI_LABEL",url="",style="b",font="Helvetica",justify="center",action="Open URL",color="white",entity="",flash="true",target="",y="233",x="82",label="ECI",size="10")
button(legend="Count",arc diameter="10",type="rounded",url="",datasource="NCOMS",label="ECM CRITICAL ALERTS",font color="black",y="640",x="48",w="25",entity="APP_PB_CST_CRITICAL",font="Helvetica",size="10",flash="true",action="Active Event List (AEL)",h="15",style="+_fontStyle+",target="main",name="APP_PB_CST_CRITICAL")
text(datasource="NCOMS",name="APP_PB_CST_CRITICAL_LABEL",url="",style="b",font="Helvetica",justify="center",action="Open URL",color="white",entity="",flash="true",target="",y="650",x="5",label="ECM",size="10")
button(legend="Count",arc diameter="10",type="rounded",url="",datasource="NCOMS",label="Encore Application",font color="black",y="454",x="48",w="25",entity="APP_PB_CST_ENCORE_APP",font="Helvetica",size="10",flash="true",action="Active Event List (AEL)",h="15",style="+_fontStyle+",target="main",name="APP_PB_CST_ENCORE_APP")
text(datasource="NCOMS",name="APP_PB_CST_ENCORE_LABEL",url="",style="b",font="Helvetica",justify="center",action="Open URL",color="white",entity="",flash="true",target="",y="465",x="5",label="Encore",size="10")
button(legend="Count",arc diameter="10",type="rounded",url="",datasource="NCOMS",label="PET Application",font color="black",y="150",x="109",w="25",entity="APP_PB_CST_PET_APP",font="Helvetica",size="10",flash="true",action="Active Event List (AEL)",h="15",style="+_fontStyle+",target="main",name="APP_PB_CST_PET_APP")
text(datasource="NCOMS",name="APP_PB_CST_PET_LABEL",url="",style="b",font="Helvetica",justify="center",action="Open URL",color="white",entity="",flash="true",target="",y="161",x="83",label="PET",size="10")
button(legend="Count",arc diameter="10",type="rounded",url="",datasource="NCOMS",label="GPE Application",font color="black",y="132",x="109",w="25",entity="APP_PB_CST_GPE_APP",font="Helvetica",size="10",flash="true",action="Active Event List (AEL)",h="15",style="+_fontStyle+",target="main",name="APP_PB_CST_GPE_APP")
text(datasource="NCOMS",name="APP_PB_CST_GPE_LABEL",url="",style="b",font="Helvetica",justify="center",action="Open URL",color="white",entity="",flash="true",target="",y="143",x="82",label="GPE",size="10")
button(legend="Count",arc diameter="10",type="rounded",url="",datasource="NCOMS",label="Halo Application",font color="black",y="132",x="48",w="25",entity="APP_PB_CST_HALO_APP",font="Helvetica",size="10",flash="false",action="Active Event List (AEL)",h="15",style="+_fontStyle+",target="main",name="APP_PB_CST_HALO_APP")
monitor(show highest="false",type="lavalamp",url="",show lowest="false",show highest severity as border="true",datasource="NCOMS",label="Unacked",show total="true",y="0",x="0",w="65",entity="APP_PB_CST_UNACK_ALERTS",font="Helvetica",size="10",flash="true",action="Active Event List (AEL)",style="p",show label="true",h="65",foreground color="black",background color="lightGray",show metric="false",target="main",name="APP_PB_CST_UNACK")
monitor(show highest="false",type="lavalamp",url="",show lowest="false",show highest severity as border="true",datasource="NCOMS",label="All Alarms",show total="true",y="0",x="69",w="65",entity="APP_PB_CST_ALL",font="Helvetica",size="10",flash="true",action="Active Event List (AEL)",style="p",show label="true",h="65",foreground color="black",background color="lightGray",show metric="false",target="main",name="APP_PB_CST_ALL")