map(name="Auto_765746",bgColor="#003366",w=220,h=500,acl="*")
text(name="test1",label="Juniper",x=0,y=30,action="Open URL",url="",target="_self",entity="",datasource="STMTEST",flash="true",font="Helvetica",size=22,justify="center",style="bi",color="lightGray")
text(name="test2",label="Total",x=40,y=75,action="Open URL",url="",target="_self",entity="",datasource="STMTEST",flash="true",font="Helvetica",size=11,justify="center",style="b",color="lightGray")
text(name="test3",label="All Ack'd",x=40,y=110,action="Open URL",url="",target="_self",entity="",datasource="STMTEST",flash="true",font="Helvetica",size=11,justify="center",style="b",color="lightGray")
text(name="test4",label="All UnAck'd",x=40,y=145,action="Open URL",url="",target="_self",entity="",datasource="STMTEST",flash="true",font="Helvetica",size=11,justify="center",style="b",color="lightGray")
text(name="test5",label="App",x=140,y=220,action="Open URL",url="",target="_self",entity="",datasource="STMTEST",flash="true",font="Helvetica",size=11,justify="center",style="b",color="lightGray")
text(name="test6",label="Infra",x=190,y=220,action="Open URL",url="",target="_self",entity="",datasource="STMTEST",flash="true",font="Helvetica",size=11,justify="center",style="b",color="lightGray")
text(name="test7",label="Juniper",x=10,y=240,action="Open URL",url="",target="_self",entity="",datasource="STMTEST",flash="true",font="Helvetica",size=11,justify="center",style="b",color="lightGray")
line(name="Line1",label="Line",x=0,y=50,color="lightGray",thickness=1,x2=230,y2=50)
line(name="Line2",label="Line",x=0,y=180,color="lightGray",thickness=1,x2=230,y2=180)
button(name="button_1",label="untitled",x=160,y=60,action="Active Event List (AEL)",url="",target="main",entity="AutoEntity765746",datasource="NCOMS",flash="true",w=29,h=25,type="rectangle",arc diameter=20,legend=Count,font="Helvetica",size=10,font color="black",style="p")
button(name="button_2",label="untitled",x=160,y=95,action="Active Event List (AEL)",url="",target="main",entity="AutoEntityAck765746",datasource="NCOMS",flash="true",w=29,h=25,type="rectangle",arc diameter=20,legend=Count,font="Helvetica",size=10,font color="black",style="p")
button(name="button_3",label="untitled",x=160,y=130,action="Active Event List (AEL)",url="",target="main",entity="AutoEntityUnAck765746",datasource="NCOMS",flash="true",w=29,h=25,type="rectangle",arc diameter=20,legend=Count,font="Helvetica",size=10,font color="black",style="p")
button(name="button_4",label="untitled",x=140,y=230,action="Active Event List (AEL)",url="",target="main",entity="AutoEntity765746",datasource="NCOMS",flash="true",w=29,h=25,type="rectangle",arc diameter=20,legend=Count,font="Helvetica",size=10,font color="black",style="p")
button(name="button_5",label="untitled",x=190,y=230,action="Active Event List (AEL)",url="",target="main",entity="AutoEntityInfra765746",datasource="NCOMS",flash="true",w=29,h=25,type="rectangle",arc diameter=20,legend=Count,font="Helvetica",size=10,font color="black",style="p")
