map(name="CMS_DOC_DEV_APP",bgImage="",bgColor="white",w="700",h="500",acl="*")
text(datasource="NCOMS",action="Open URL",flash="true",target="_blank",entity="",justify="center",font="Helvetica",color="blue",label="Contact us",style="p",y="489",url="http://cmsl2",size="19",name="visual_7",x="54")
monitor(show highest="true",type="lavalamp",url="",show lowest="true",show highest severity as border="false",datasource="NCOMS",label="untitled",show total="true",y="115",x="432",w="127",entity="CMS_Dev_All",font="Helvetica",size="10",flash="true",action="Lightweight Event List (LEL)",show label="false",h="95",foreground color="black",style="p",background color="lightGray",show metric="true",target="_blank",name="visual_6")
text(datasource="NCOMS",action="Open URL",flash="true",target="_self",entity="",justify="center",font="Helvetica",color="blue",label="Unix alerts - all documentum development boxes:",style="b",y="370",url="",size="18",name="visual_5",x="50")
text(datasource="NCOMS",action="Open URL",flash="true",target="_self",entity="",justify="center",font="Helvetica",color="blue",label="ubs0014 (SDTD Innovation Dev)",style="b",y="0",url="",size="18",name="visual_4",x="0")
button(legend="Count",arc diameter="20",type="rectangle",url="",datasource="NCOMS",label="untitled",font color="black",y="330",x="520",w="40",entity="CMS_Dev_Servers",font="Helvetica",size="10",flash="true",action="Active Event List (AEL)",h="60",style="p",target="_self",name="DEV_APP_1104")
text(datasource="NCOMS",action="Open URL",flash="true",target="_self",entity="",justify="center",font="Helvetica",color="blue",label="ubs0014 (SDTD Innovation Dev)",style="b",y="160",url="",size="18",name="visual_3",x="50")
text(datasource="NCOMS",action="Open URL",flash="true",target="_self",entity="",justify="center",font="Helvetica",color="blue",label="aidv3049",style="b",y="0",url="",size="18",name="visual_2",x="0")
button(legend="Count",arc diameter="20",type="rectangle",url="",datasource="NCOMS",label="untitled",font color="black",y="120",x="340",w="40",entity="CMS_Dev_ubs0014",font="Helvetica",size="10",flash="true",action="Active Event List (AEL)",h="60",style="p",target="_self",name="DEV_APP_1103")
text(datasource="NCOMS",action="Open URL",flash="true",target="_self",entity="",justify="center",font="Helvetica",color="#3333ff",label="sstm9889dap",style="p",y="0",url="",size="11",name="visual_8",x="0")
button(legend="Count",arc diameter="20",type="rectangle",url="",datasource="NCOMS",label="untitled",font color="black",y="30",x="340",w="40",entity="CMS_Dev_aidv3049",font="Helvetica",size="10",flash="true",action="Active Event List (AEL)",h="60",style="p",target="_self",name="DEV_APP_1102")
text(datasource="NCOMS",action="Open URL",flash="true",target="_self",entity="",justify="center",font="Helvetica",color="blue",label="aidv3049 (CMS Engineering)",style="b",y="70",url="",size="18",name="visual_1",x="50")
