map(name="CMS_Documentum",bgImage="",bgColor="#000066",w="200",h="500",acl="*")
monitor(show highest="true",type="histogram",url="",show lowest="true",show highest severity as border="true",datasource="NCOMS",label="UBS Docbases",show total="true",y="362",x="0",w="198",entity="CMS_All_Docbases",font="Helvetica",size="10",flash="true",action="Lightweight Event List (LEL)",show label="true",h="133",foreground color="black",style="p",background color="lightGray",show metric="false",target="_blank",name="visual_1")
text(datasource="NCOMS",action="Open URL",flash="true",target="_self",entity="",justify="center",font="Helvetica",color="white",label="All Servers",style="b",y="320",url="",size="12",name="visual_22",x="30")
button(legend="Count",arc diameter="20",type="rounded",url="$(SERVER)/applications/CMS_Documentum/docbrokers.html",datasource="NCOMS",label="untitled",font color="black",y="300",x="130",w="50",entity="CMS_All_Servers",font="Helvetica",size="10",flash="true",action="Active Event List (AEL)",h="30",style="p",target="main",name="visual_21")
button(legend="Count",arc diameter="20",type="rounded",url="$(SERVER)/applications/CMS_Documentum/docbrokers.html",datasource="NCOMS",label="untitled",font color="black",y="240",x="130",w="50",entity="CMS_All_Docbases",font="Helvetica",size="10",flash="true",action="Active Event List (AEL)",h="30",style="p",target="main",name="visual_20")
text(datasource="NCOMS",action="Open URL",flash="true",target="_self",entity="",justify="center",font="Helvetica",color="white",label="All Docbases",style="b",y="260",url="",size="12",name="visual_19",x="30")
text(datasource="NCOMS",action="Open URL",flash="true",target="_self",entity="",justify="center",font="Helvetica",color="white",label="Docbrokers",style="b",y="0",url="",size="12",name="visual_14",x="0")
text(datasource="NCOMS",action="Open URL",flash="true",target="_self",entity="",justify="center",font="Helvetica",color="white",label="Production",style="b",y="200",url="",size="12",name="visual_10",x="30")
button(legend="Count",arc diameter="20",type="rounded",url="$(SERVER)/applications/CMS_Documentum/prod.html",datasource="NCOMS",label="untitled",font color="black",y="180",x="130",w="50",entity="CMS_Prod_All",font="Helvetica",size="10",flash="true",action="Open URL",h="30",style="p",target="main",name="visual_17")
text(datasource="NCOMS",action="Open URL",flash="true",target="_self",entity="",justify="center",font="Helvetica",color="white",label="UAT",style="b",y="140",url="",size="12",name="visual_9",x="30")
button(legend="Count",arc diameter="20",type="rounded",url="$(SERVER)/applications/CMS_Documentum/uat.html",datasource="NCOMS",label="untitled",font color="black",y="120",x="130",w="50",entity="CMS_UAT_All",font="Helvetica",size="10",flash="true",action="Open URL",h="30",style="p",target="main",name="visual_16")
button(legend="Count",arc diameter="20",type="rounded",url="$(SERVER)/applications/CMS_Documentum/dev_app.html",datasource="NCOMS",label="untitled",font color="black",y="60",x="130",w="50",entity="CMS_Dev_All",font="Helvetica",size="10",flash="true",action="Open URL",h="30",style="p",target="main",name="visual_15")
text(datasource="NCOMS",action="Open URL",flash="true",target="_self",entity="",justify="center",font="Helvetica",color="black",label="Documentum Dev/Eng Hosts",style="b",y="35",url="",size="12",name="visual_12",x="19")
button(legend="Label",arc diameter="20",type="rectangle",url="",datasource="NCOMS",label="CMS Documentum Engineering and Development Hosts",font color="black",y="20",x="10",w="181",font="Helvetica",size="12",action="Open URL",color="gray",h="20",transparent="false",target="_self",name="visual_11")
text(datasource="NCOMS",action="Open URL",flash="true",target="_self",entity="",justify="center",font="Helvetica",color="white",label="Development",style="b",y="80",url="",size="12",name="visual_8",x="30")
