map(name="DSS_OpsAndCtrl_Onsite",bgColor="white",w=200,h=720,acl="*")
button(name="Care_T24_app_7",label="",x=115,y=668,action="Active Event List (AEL)",url="",target="submain",entity="App_CARE_SSENG_app",datasource="NCOMS",flash="true",w=30,h=18,type="rounded",arc diameter=10,legend=Count,font="Helvetica",size=10,font color="black",style="+_fontStyle+")
button(name="Care_T24_app_6",label="",x=115,y=648,action="Active Event List (AEL)",url="",target="submain",entity="App_Realtime_Cashsystem_AU_app",datasource="NCOMS",flash="true",w=30,h=18,type="rounded",arc diameter=10,legend=Count,font="Helvetica",size=10,font color="black",style="+_fontStyle+")
button(name="Care_T24_app_5",label="",x=115,y=628,action="Active Event List (AEL)",url="",target="submain",entity="App_WISPAC_app",datasource="NCOMS",flash="true",w=30,h=18,type="rounded",arc diameter=10,legend=Count,font="Helvetica",size=10,font color="black",style="+_fontStyle+")
text(name="LMI_TOKYO_3",label="CARE SSENG",x=0,y=680,action="Open URL",url="",target="_self",entity="",datasource="NCOMS",flash="false",font="Helvetica",size=10,justify="center",style="p",color="black")
text(name="LMI_TOKYO_2",label="Realtime Cash System AU",x=0,y=661,action="Open URL",url="",target="_self",entity="",datasource="NCOMS",flash="false",font="Helvetica",size=9,justify="center",style="p",color="black")
text(name="LMI_TOKYO_1",label="WISPAC",x=0,y=640,action="Open URL",url="",target="_self",entity="",datasource="NCOMS",flash="false",font="Helvetica",size=10,justify="center",style="p",color="black")
button(name="Care_T24_app_4",label="",x=116,y=607,action="Active Event List (AEL)",url="",target="submain",entity="App_LMI_TOKYO_app",datasource="NCOMS",flash="true",w=30,h=18,type="rounded",arc diameter=10,legend=Count,font="Helvetica",size=10,font color="black",style="+_fontStyle+")
button(name="Care_T24_app_3",label="",x=116,y=587,action="Active Event List (AEL)",url="",target="submain",entity="App_ISTAR_DB_app",datasource="NCOMS",flash="true",w=30,h=18,type="rounded",arc diameter=10,legend=Count,font="Helvetica",size=10,font color="black",style="+_fontStyle+")
text(name="LMI_TOKYO",label="LMI TOKYO",x=0,y=620,action="Open URL",url="",target="_self",entity="",datasource="NCOMS",flash="false",font="Helvetica",size=10,justify="center",style="p",color="black")
text(name="ISTAR_DB",label="ISTAR DB",x=0,y=600,action="Open URL",url="",target="_self",entity="",datasource="NCOMS",flash="false",font="Helvetica",size=10,justify="center",style="p",color="black")
text(name="XBOS",label="XBOS",x=1,y=581,action="Open URL",url="",target="_self",entity="",datasource="NCOMS",flash="false",font="Helvetica",size=10,justify="center",style="p",color="black")
button(name="Care_T24_app_2",label="",x=116,y=566,action="Active Event List (AEL)",url="",target="submain",entity="XBOS_App",datasource="NCOMS",flash="true",w=30,h=18,type="rounded",arc diameter=10,legend=Count,font="Helvetica",size=10,font color="black",style="+_fontStyle+")
button(name="Care_T24_app_1",label="",x=115,y=545,action="Active Event List (AEL)",url="",target="submain",entity="Offshore_Health_Checks",datasource="NCOMS",flash="true",w=30,h=18,type="rounded",arc diameter=10,legend=Count,font="Helvetica",size=10,font color="black",style="+_fontStyle+")
text(name="CARE T24_1",label="Offshore Health Checks",x=0,y=559,action="Open URL",url="",target="main",entity="",datasource="NCOMS",flash="true",font="Helvetica",size=10,justify="center",style="p",color="black")
text(name="RA_3",label="RA",x=157,y=15,action="Open URL",url="",target="main",entity="",datasource="NCOMS",flash="true",font="Helvetica",size=10,justify="center",style="p",color="black")
text(name="All_2",label="All",x=90,y=15,action="Open URL",url="",target="main",entity="",datasource="NCOMS",flash="true",font="Helvetica",size=10,justify="center",style="p",color="black")
text(name="Unack_1",label="Unack",x=15,y=15,action="Open URL",url="",target="main",entity="",datasource="NCOMS",flash="true",font="Helvetica",size=10,justify="center",style="p",color="black")
monitor(name="visual_5",label="untitled",x=133,y=20,action="Active Event List (AEL)",url="",target="submain",entity="RA_DSS",datasource="NCOMS",flash="true",w=65,h=57,w=65,h=57,type="lavalamp",show label=false,show total=true,show highest=false,show lowest=false,show metric=false,foreground color=black,background color=lightGray,font=Helvetica,size=10,style=p,show highest severity as border=true)
monitor(name="visual_3",label="untitled",x=67,y=20,action="Active Event List (AEL)",url="",target="submain",entity="DSS_All_Alerts",datasource="NCOMS",flash="true",w=65,h=57,w=65,h=57,type="lavalamp",show label=false,show total=true,show highest=false,show lowest=false,show metric=false,foreground color=black,background color=lightGray,font=Helvetica,size=10,style=p,show highest severity as border=true)
monitor(name="visual_2",label="untitled",x=0,y=20,action="Active Event List (AEL)",url="",target="submain",entity="DSS_Unacknowledged",datasource="NCOMS",flash="true",w=65,h=57,w=65,h=57,type="lavalamp",show label=false,show total=true,show highest=false,show lowest=false,show metric=false,foreground color=black,background color=lightGray,font=Helvetica,size=10,style=p,show highest severity as border=true)
text(name="CARE T24",label="CARE T24",x=0,y=540,action="Open URL",url="",target="main",entity="",datasource="NCOMS",flash="true",font="Helvetica",size=10,justify="center",style="p",color="black")
button(name="Care_T24_app",label="",x=115,y=525,action="Active Event List (AEL)",url="",target="submain",entity="CARE_T24_app",datasource="NCOMS",flash="true",w=30,h=18,type="rounded",arc diameter=10,legend=Count,font="Helvetica",size=10,font color="black",style="+_fontStyle+")
button(name="App_NNR_app",label="",x=115,y=505,action="Active Event List (AEL)",url="",target="submain",entity="App_NNR_app",datasource="NCOMS",flash="true",w=30,h=18,type="rounded",arc diameter=10,legend=Count,font="Helvetica",size=10,font color="black",style="+_fontStyle+")
text(name="NNR",label="NNR",x=0,y=520,action="Open URL",url="",target="main",entity="",datasource="NCOMS",flash="true",font="Helvetica",size=10,justify="center",style="p",color="black")
text(name="APP_EqWebPerf_Label",label="TAS  Autosys",x=0,y=400,action="Open URL",url="",target="main",entity="",datasource="NCOMS",flash="true",font="Helvetica",size=10,justify="center",style="p",color="black")
button(name="APP_ARAMIS_Application",label="ARAMIS Application",x=114,y=485,action="Active Event List (AEL)",url="",target="submain",entity="App_ARAMIS_app",datasource="NCOMS",flash="true",w=30,h=18,type="rounded",arc diameter=10,legend=Count,font="Helvetica",size=10,font color="black",style="+_fontStyle+")
text(name="APP_PHOENIX_Label",label="T24 Autosys jobs",x=0,y=480,action="Open URL",url="",target="main",entity="",datasource="NCOMS",flash="true",font="Helvetica",size=10,justify="center",style="p",color="black")
text(name="APP_DIMENSION_Label",label="DIMENSION",x=0,y=460,action="Open URL",url="",target="main",entity="",datasource="NCOMS",flash="true",font="Helvetica",size=10,justify="center",style="p",color="black")
text(name="APP_GOLD DRAGON_Label",label="GOLD DRAGON ",x=0,y=440,action="Open URL",url="",target="main",entity="",datasource="NCOMS",flash="true",font="Helvetica",size=10,justify="center",style="p",color="black")
text(name="APP_OTTOMAN_Label",label="OTTOMAN",x=0,y=420,action="Open URL",url="",target="main",entity="",datasource="NCOMS",flash="true",font="Helvetica",size=10,justify="center",style="p",color="black")
button(name="APP_PHOENIX_Application",label="PHOENIX Application",x=115,y=465,action="Active Event List (AEL)",url="",target="submain",entity="App_PHOENIX_app",datasource="NCOMS",flash="true",w=30,h=18,type="rounded",arc diameter=10,legend=Count,font="Helvetica",size=10,font color="black",style="+_fontStyle+")
button(name="APP_DIMENSION_Application",label="DIMENSION Application",x=115,y=445,action="Active Event List (AEL)",url="",target="submain",entity="App_Dimension_app",datasource="NCOMS",flash="true",w=30,h=18,type="rounded",arc diameter=10,legend=Count,font="Helvetica",size=10,font color="black",style="+_fontStyle+")
button(name="APP_GOLDDRAGON_Application",label="GOLD DRAGON Application",x=115,y=425,action="Active Event List (AEL)",url="",target="submain",entity="App_GOLDDRAGON_app",datasource="NCOMS",flash="true",w=30,h=18,type="rounded",arc diameter=10,legend=Count,font="Helvetica",size=10,font color="black",style="+_fontStyle+")
button(name="APP_OTTOMAN_Application",label="OTTOMAN Application",x=115,y=405,action="Active Event List (AEL)",url="",target="submain",entity="App_OTTOMAN_app",datasource="NCOMS",flash="true",w=30,h=18,type="rounded",arc diameter=10,legend=Count,font="Helvetica",size=10,font color="black",style="+_fontStyle+")
text(name="APP_ARAMIS_Label",label="ARAMIS",x=0,y=500,action="Open URL",url="",target="main",entity="",datasource="NCOMS",flash="true",font="Helvetica",size=10,justify="center",style="p",color="black")
button(name="APP_EqWebPerf_Application",label="EqWebPerf Application",x=115,y=385,action="Active Event List (AEL)",url="",target="submain",entity="App_EqWebPerf_app",datasource="NCOMS",flash="true",w=30,h=18,type="rounded",arc diameter=10,legend=Count,font="Helvetica",size=10,font color="black",style="+_fontStyle+")
button(name="APP_CARE_dbAdapter_Application_1",label="AIMS CARE Application",x=115,y=365,action="Active Event List (AEL)",url="",target="submain",entity="App_CARE_application",datasource="NCOMS",flash="true",w=30,h=18,type="rounded",arc diameter=10,legend=Count,font="Helvetica",size=10,font color="black",style="+_fontStyle+")
text(name="APP_CARE_dbAdapter_Label1_1",label="CARE",x=0,y=380,action="Open URL",url="",target="main",entity="",datasource="NCOMS",flash="true",font="Helvetica",size=10,justify="center",style="p",color="black")
text(name="APP_Deckmen_Label_2",label="Deckmen",x=0,y=0,action="Open URL",url="",target="main",entity="",datasource="NCOMS",flash="true",font="Helvetica",size=10,justify="center",style="p",color="white")
text(name="APP_Deckmen_Label_1",label="Deckmen",x=0,y=0,action="Open URL",url="",target="main",entity="",datasource="NCOMS",flash="true",font="Helvetica",size=10,justify="center",style="p",color="white")
text(name="visual_6",label="untitled",x=553,y=629,action="Open URL",url="",target="_self",entity="",datasource="NCOMS",flash="true",font="Helvetica",size=10,justify="center",style="p",color="black")
text(name="visual_4",label="untitled",x=521,y=279,action="Open URL",url="",target="_self",entity="",datasource="NCOMS",flash="true",font="Helvetica",size=10,justify="center",style="p",color="black")
text(name="visual_1",label="untitled",x=377,y=594,action="Open URL",url="",target="_self",entity="",datasource="NCOMS",flash="true",font="Helvetica",size=10,justify="center",style="p",color="black")
button(name="APP_Wispa_Depot_Application",label="Wispa Depot Application",x=115,y=285,action="Active Event List (AEL)",url="",target="submain",entity="App_Wispa_Depot_app",datasource="NCOMS",flash="true",w=30,h=18,type="rounded",arc diameter=10,legend=Count,font="Helvetica",size=10,font color="black",style="+_fontStyle+")
text(name="APP_HKLMI_Label_1",label="Wispa Depot",x=0,y=300,action="Open URL",url="",target="main",entity="",datasource="NCOMS",flash="true",font="Helvetica",size=10,justify="center",style="p",color="black")
button(name="APP_Wispa_Agency_Application1",label="Wispa Agency Application",x=115,y=264,action="Active Event List (AEL)",url="",target="submain",entity="WISPA_AGENCY_App",datasource="NCOMS",flash="true",w=30,h=18,type="rounded",arc diameter=10,legend=Count,font="Helvetica",size=10,font color="black",style="+_fontStyle+")
text(name="APP_Wispa_Agency_Label",label="Wispa Agency",x=0,y=280,action="Open URL",url="",target="main",entity="",datasource="NCOMS",flash="true",font="Helvetica",size=10,justify="center",style="p",color="black")
text(name="APP_Citibanking_FCD_Singapore_Label1",label="Health Checks",x=0,y=340,action="Open URL",url="",target="main",entity="",datasource="NCOMS",flash="true",font="Helvetica",size=10,justify="center",style="p",color="black")
button(name="APP_Citibanking_FCD_Singapore_Application",label="Citibanking FCD Singapore Application",x=115,y=325,action="Active Event List (AEL)",url="",target="submain",entity="Citibanking_FCD_Singapore_App",datasource="NCOMS",flash="true",w=30,h=18,type="rounded",arc diameter=10,legend=Count,font="Helvetica",size=10,font color="black",style="+_fontStyle+")
text(name="APP_CFS_Label",label="CFS",x=0,y=320,action="Open URL",url="",target="main",entity="",datasource="NCOMS",flash="true",font="Helvetica",size=10,justify="center",style="p",color="black")
button(name="APP_CFS_Application",label="CFS Application",x=115,y=305,action="Active Event List (AEL)",url="",target="submain",entity="CFS_App",datasource="NCOMS",flash="true",w=30,h=18,type="rounded",arc diameter=10,legend=Count,font="Helvetica",size=10,font color="black",style="+_fontStyle+")
button(name="APP_C21_Adapter_Application1",label="Claims Manager Application",x=115,y=245,action="Active Event List (AEL)",url="",target="submain",entity="App_Claims_Manager_app",datasource="NCOMS",flash="true",w=30,h=18,type="rounded",arc diameter=10,legend=Count,font="Helvetica",size=10,font color="black",style="+_fontStyle+")
text(name="APP_C21_Adapter_Label1",label="Claims Manager",x=0,y=260,action="Open URL",url="",target="main",entity="",datasource="NCOMS",flash="true",font="Helvetica",size=10,justify="center",style="p",color="black")
text(name="APP_GENIUSS_Label",label="GENIUSS",x=0,y=120,action="Open URL",url="",target="main",entity="",datasource="NCOMS",flash="true",font="Helvetica",size=10,justify="center",style="p",color="black")
text(name="APP_MINT_Confirmation_Label1",label="MINT",x=0,y=140,action="Open URL",url="",target="main",entity="",datasource="NCOMS",flash="true",font="Helvetica",size=10,justify="center",style="p",color="black")
text(name="APP_WISPA_Agency_Label1",label="Red Dragon",x=1,y=200,action="Open URL",url="",target="main",entity="",datasource="NCOMS",flash="true",font="Helvetica",size=10,justify="center",style="p",color="black")
text(name="APP_C21_Adaptor_Label1",label="C21 Adaptor",x=0,y=220,action="Open URL",url="",target="main",entity="",datasource="NCOMS",flash="true",font="Helvetica",size=10,justify="center",style="p",color="black")
button(name="APP_AIMS_dbAdapter_Application",label="AIMS dbAdapter Application",x=115,y=345,action="Active Event List (AEL)",url="",target="submain",entity="App_MIS_application",datasource="NCOMS",flash="true",w=30,h=18,type="rounded",arc diameter=10,legend=Count,font="Helvetica",size=10,font color="black",style="+_fontStyle+")
text(name="APP_AIMS_dbAdapter_Label1",label="NOVA SG",x=0,y=360,action="Open URL",url="",target="main",entity="",datasource="NCOMS",flash="true",font="Helvetica",size=10,justify="center",style="p",color="black")
button(name="APP_C21_Adapter_Application",label="C21 Adaptor Application",x=115,y=205,action="Active Event List (AEL)",url="",target="submain",entity="App_C21Adaptor_app",datasource="NCOMS",flash="true",w=30,h=18,type="rounded",arc diameter=10,legend=Count,font="Helvetica",size=10,font color="black",style="+_fontStyle+")
button(name="APP_EPIC_Application",label="EPIC Application",x=115,y=225,action="Active Event List (AEL)",url="",target="submain",entity="EPIC_App",datasource="NCOMS",flash="true",w=30,h=18,type="rounded",arc diameter=10,legend=Count,font="Helvetica",size=10,font color="black",style="+_fontStyle+")
button(name="APP_WISPA_Agency_Application",label="Red Dragon Application",x=115,y=185,action="Active Event List (AEL)",url="",target="submain",entity="Red_Dragon_App",datasource="NCOMS",flash="true",w=30,h=18,type="rounded",arc diameter=10,legend=Count,font="Helvetica",size=10,font color="black",style="+_fontStyle+")
button(name="APP_Green_Dragon_Application",label="Green Dragon Application",x=115,y=166,action="Active Event List (AEL)",url="",target="submain",entity="Green_Dragon_App",datasource="NCOMS",flash="true",w=30,h=18,type="rounded",arc diameter=10,legend=Count,font="Helvetica",size=10,font color="black",style="+_fontStyle+")
text(name="APP_EPIC_Label",label="EPIC",x=0,y=240,action="Open URL",url="",target="main",entity="",datasource="NCOMS",flash="true",font="Helvetica",size=10,justify="center",style="p",color="black")
text(name="APP_Green_Dragon_Label",label="Green Dragon",x=0,y=180,action="Open URL",url="",target="main",entity="",datasource="NCOMS",flash="true",font="Helvetica",size=10,justify="center",style="p",color="black")
text(name="APP_ESP_Label",label="ESP",x=0,y=160,action="Open URL",url="",target="main",entity="",datasource="NCOMS",flash="true",font="Helvetica",size=10,justify="center",style="p",color="black")
button(name="APP_ESP_Application",label="ESP Application",x=115,y=145,action="Active Event List (AEL)",url="",target="submain",entity="ESP_App",datasource="NCOMS",flash="true",w=30,h=18,type="rounded",arc diameter=10,legend=Count,font="Helvetica",size=10,font color="black",style="+_fontStyle+")
button(name="APP_MINT_Confirmation_Application",label="MINT Confirmation Application",x=115,y=125,action="Active Event List (AEL)",url="",target="submain",entity="MINT_Confirmation_App",datasource="NCOMS",flash="true",w=30,h=18,type="rounded",arc diameter=10,legend=Count,font="Helvetica",size=10,font color="black",style="+_fontStyle+")
button(name="APP_OPS_Distributed_Systems_Bar1_Label",label="DSS",x=0,y=80,action="Open URL",url="$(SERVER)/applications/OPS/OPS_DSS_GlobalView.html",target="_blank",w=200,h=19,color="#ccccff",type="rectangle",arc diameter=20,transparent=false,legend=Label,font="Helvetica",size=12,font color="#330000")
button(name="APP_GENIUSS_Application",label="GENIUSS Application",x=115,y=105,action="Active Event List (AEL)",url="",target="submain",entity="GENIUSS_App",datasource="NCOMS",flash="true",w=30,h=18,type="rounded",arc diameter=10,legend=Count,font="Helvetica",size=10,font color="black",style="+_fontStyle+")
