map(name="EQDEL",bgImage="",bgColor="#003366",w="681",h="300",acl="*")
text(datasource="NCOMS",name="ROK_1",url="http://ncwebtop/applications/EQDEL_Rok/index.html",style="b",font="Helvetica",justify="center",action="Open URL",color="white",entity="",flash="true",target="_target",y="220",x="165",label="Rok",size="10")
text(datasource="NCOMS",name="Batch1",url="http://ncwebtop/applications/EQDEL_Batch/index.html",style="b",font="Helvetica",justify="center",action="Open URL",color="white",entity="",flash="true",target="_blank",y="220",x="15",label="Batch",size="10")
button(legend="Label",arc diameter="20",type="rectangle",url="http://ncdevwebtop/applications/EQDEL/EQDEL.jpg",datasource="NCOMS",label="Help",font color="white",y="255",x="315",w="40",font="Helvetica",size="10",action="Open URL",color="gray",h="15",transparent="true",target="_blank",name="Help")
text(datasource="NCOMS",name="EQ D&EL Environment",url="",style="b",font="Helvetica",justify="center",action="Open URL",color="white",entity="",flash="true",target="_self",y="10",x="455",label="EQ D&EL Environment",size="10")
button(legend="Count",arc diameter="20",type="rectangle",url="",datasource="NCOMS",label="EQDEL_Env",font color="black",y="15",x="440",w="140",entity="EQDEL_Env",font="Helvetica",size="10",flash="true",action="Lightweight Event List (LEL)",h="15",style="p",target="main",name="EQDEL_Env")
text(datasource="NCOMS",name="Actions",url="",style="b",font="Helvetica",justify="center",action="Open URL",color="white",entity="",flash="true",target="_self",y="220",x="215",label="Actions",size="10")
text(datasource="NCOMS",name="Link",url="",style="b",font="Helvetica",justify="center",action="Open URL",color="white",entity="",flash="true",target="_self",y="220",x="365",label="Link",size="10")
text(datasource="NCOMS",name="Server_2",url="",style="b",font="Helvetica",justify="center",action="Open URL",color="white",entity="",flash="true",target="_self",y="220",x="415",label="Server",size="10")
text(datasource="NCOMS",name="Server",url="",style="b",font="Helvetica",justify="center",action="Open URL",color="white",entity="",flash="true",target="_self",y="220",x="465",label="Server",size="10")
text(datasource="NCOMS",name="Corp",url="",style="b",font="Helvetica",justify="center",action="Open URL",color="white",entity="",flash="true",target="_self",y="210",x="215",label="Corp",size="10")
text(datasource="NCOMS",name="Dating",url="",style="b",font="Helvetica",justify="center",action="Open URL",color="white",entity="",flash="true",target="_self",y="210",x="465",label="Dating",size="10")
text(datasource="NCOMS",name="Security",url="",style="b",font="Helvetica",justify="center",action="Open URL",color="white",entity="",flash="true",target="_self",y="210",x="415",label="Security",size="10")
text(datasource="NCOMS",name="Memphis",url="",style="b",font="Helvetica",justify="center",action="Open URL",color="white",entity="",flash="true",target="_self",y="220",x="515",label="Memphis",size="10")
text(datasource="NCOMS",name="Wisdom",url="",style="b",font="Helvetica",justify="center",action="Open URL",color="white",entity="",flash="true",target="_self",y="210",x="365",label="Wisdom",size="10")
text(datasource="NCOMS",name="Brain",url="",style="b",font="Helvetica",justify="center",action="Open URL",color="white",entity="",flash="true",target="_self",y="220",x="315",label="Brain",size="10")
text(datasource="NCOMS",name="Athena",url="",style="b",font="Helvetica",justify="center",action="Open URL",color="white",entity="",flash="true",target="_self",y="220",x="265",label="Athena",size="10")
button(legend="Count",arc diameter="20",type="rectangle",url="",datasource="NCOMS",label="LowAlert",font color="black",y="225",x="215",w="40",entity="",font="Helvetica",size="10",flash="true",action="Open URL",h="15",style="p",target="_self",name="LowAlert_13")
button(legend="Count",arc diameter="20",type="rectangle",url="",datasource="NCOMS",label="LowAlert",font color="black",y="225",x="515",w="40",entity="",font="Helvetica",size="10",flash="true",action="Open URL",h="15",style="p",target="_self",name="LowAlert_12")
button(legend="Count",arc diameter="20",type="rectangle",url="",datasource="NCOMS",label="LowAlert",font color="black",y="225",x="465",w="40",entity="",font="Helvetica",size="10",flash="true",action="Open URL",h="15",style="p",target="_self",name="LowAlert_11")
button(legend="Count",arc diameter="20",type="rectangle",url="",datasource="NCOMS",label="LowAlert",font color="black",y="225",x="415",w="40",entity="",font="Helvetica",size="10",flash="true",action="Open URL",h="15",style="p",target="_self",name="LowAlert_10")
button(legend="Count",arc diameter="20",type="rectangle",url="",datasource="NCOMS",label="LowAlert",font color="black",y="225",x="365",w="40",entity="",font="Helvetica",size="10",flash="true",action="Open URL",h="15",style="p",target="_self",name="LowAlert_9")
button(legend="Count",arc diameter="20",type="rectangle",url="",datasource="NCOMS",label="LowAlert",font color="black",y="225",x="315",w="40",entity="",font="Helvetica",size="10",flash="true",action="Open URL",h="15",style="p",target="_self",name="LowAlert_8")
button(legend="Count",arc diameter="20",type="rectangle",url="",datasource="NCOMS",label="LowAlert",font color="black",y="225",x="265",w="40",entity="",font="Helvetica",size="10",flash="true",action="Open URL",h="15",style="p",target="_self",name="LowAlert_7")
text(datasource="NCOMS",name="eViper",url="",style="b",font="Helvetica",justify="center",action="Open URL",color="white",entity="",flash="true",target="_self",y="220",x="115",label="eViper",size="10")
button(legend="Count",arc diameter="20",type="rectangle",url="",datasource="NCOMS",label="EQDEL_Batch",font color="black",y="225",x="15",w="40",entity="EQDEL_Batch",font="Helvetica",size="10",flash="true",action="Active Event List (AEL)",h="15",style="p",target="main",name="EQDEL_Batch")
button(legend="Count",arc diameter="20",type="rectangle",url="",datasource="NCOMS",label="LowAlert",font color="black",y="225",x="165",w="40",entity="EQDEL_Rok_Test",font="Helvetica",size="10",flash="true",action="Active Event List (AEL)",h="15",style="p",target="main",name="LowAlert_5")
button(legend="Count",arc diameter="20",type="rectangle",url="",datasource="NCOMS",label="LowAlert",font color="black",y="225",x="115",w="40",entity="",font="Helvetica",size="10",flash="true",action="Open URL",h="15",style="p",target="_self",name="LowAlert_4")
text(datasource="NCOMS",name="EVT",url="",style="b",font="Helvetica",justify="center",action="Open URL",color="white",entity="",flash="true",target="_self",y="220",x="65",label="EVT",size="10")
button(legend="Count",arc diameter="20",type="rectangle",url="",datasource="NCOMS",label="LowAlert",font color="black",y="225",x="65",w="40",entity="",font="Helvetica",size="10",flash="true",action="Open URL",h="15",style="p",target="_self",name="LowAlert_3")
text(datasource="NCOMS",name="EQ D&EL Support",url="",style="b",font="Helvetica",justify="center",action="Open URL",color="white",entity="",flash="true",target="_self",y="10",x="215",label="EQ D&EL Support",size="10")
button(legend="Count",arc diameter="20",type="rectangle",url="",datasource="NCOMS",label="All",font color="black",y="15",x="90",w="333",entity="",font="Helvetica",size="10",flash="true",action="Active Event List (AEL)",h="15",style="p",target="",name="EQDEL")
text(datasource="NCOMS",name="Sydney",url="",style="b",font="Helvetica",justify="center",action="Open URL",color="white",entity="",flash="true",target="_self",y="45",x="65",label="Sydney",size="10")
button(legend="Label",arc diameter="20",type="rectangle",url="",datasource="NCOMS",label="Outages",font color="black",y="50",x="25",w="50",entity="",font="Helvetica",size="10",flash="true",action="Active Event List (AEL)",h="15",style="p",target="main",name="EQXXX_Sy_Out")
button(legend="Label",arc diameter="20",type="rectangle",url="",datasource="NCOMS",label="Alerts",font color="black",y="50",x="80",w="40",entity="",font="Helvetica",size="10",flash="true",action="Active Event List (AEL)",h="15",style="p",target="main",name="EQXXX_Sy_Ale")
button(legend="Label",arc diameter="20",type="rectangle",url="",datasource="NCOMS",label="Env",font color="black",y="50",x="130",w="20",entity="EQDEL_Sy_Env",font="Helvetica",size="10",flash="true",action="Lightweight Event List (LEL)",h="15",style="p",target="main",name="EQDEL_Sy_Env")
button(legend="Label",arc diameter="20",type="rectangle",url="",datasource="NCOMS",label="A",font color="black",y="70",x="10",w="10",entity="",font="Helvetica",size="10",flash="true",action="Active Event List (AEL)",h="50",style="p",target="main",name="EQXXX_Sy_A")
button(legend="Count",arc diameter="20",type="rectangle",url="",datasource="NCOMS",label="EQDEL_Sy_Out_A",font color="black",y="70",x="25",w="50",entity="EQDEL_Sy_Out_A",font="Helvetica",size="10",flash="true",action="Active Event List (AEL)",h="50",style="p",target="main",name="EQDEL_Sy_Out_A")
button(legend="Label",arc diameter="20",type="rectangle",url="",datasource="NCOMS",label="Env",font color="black",y="50",x="610",w="20",entity="EQDEL_Sm_Env",font="Helvetica",size="10",flash="true",action="Lightweight Event List (LEL)",h="15",style="p",target="main",name="EQDEL_Sm_Env")
button(legend="Label",arc diameter="20",type="rectangle",url="",datasource="NCOMS",label="Alerts",font color="black",y="50",x="560",w="40",entity="",font="Helvetica",size="10",flash="true",action="Active Event List (AEL)",h="15",style="p",target="main",name="EQXXX_Sm_Ale")
button(legend="Label",arc diameter="20",type="rectangle",url="",datasource="NCOMS",label="Outages",font color="black",y="50",x="505",w="50",entity="",font="Helvetica",size="10",flash="true",action="Active Event List (AEL)",h="15",style="p",target="main",name="EQXXX_Sm_Out")
button(legend="Label",arc diameter="20",type="rectangle",url="",datasource="NCOMS",label="C",font color="black",y="160",x="490",w="10",entity="EQXXX_Sm_C",font="Helvetica",size="10",flash="true",action="Active Event List (AEL)",h="15",style="p",target="main",name="EQXXX_Sm_C")
button(legend="Label",arc diameter="20",type="rectangle",url="",datasource="NCOMS",label="B",font color="black",y="125",x="490",w="10",entity="",font="Helvetica",size="10",flash="true",action="Active Event List (AEL)",h="30",style="p",target="main",name="EQXXX_Sm_B")
button(legend="Label",arc diameter="20",type="rectangle",url="",datasource="NCOMS",label="A",font color="black",y="70",x="490",w="10",entity="",font="Helvetica",size="10",flash="true",action="Active Event List (AEL)",h="50",style="p",target="main",name="EQXXX_Sm_A")
button(legend="Label",arc diameter="20",type="rectangle",url="",datasource="NCOMS",label="Env",font color="black",y="50",x="450",w="20",entity="EQDEL_Ln_Env",font="Helvetica",size="10",flash="true",action="Lightweight Event List (LEL)",h="15",style="p",target="main",name="EQDEL_Ln_Env")
button(legend="Label",arc diameter="20",type="rectangle",url="",datasource="NCOMS",label="Alerts",font color="black",y="50",x="400",w="40",entity="",font="Helvetica",size="10",flash="true",action="Active Event List (AEL)",h="15",style="p",target="main",name="EQXXX_Ln_Ale")
button(legend="Label",arc diameter="20",type="rectangle",url="",datasource="NCOMS",label="Outages",font color="black",y="50",x="345",w="50",entity="",font="Helvetica",size="10",flash="true",action="Active Event List (AEL)",h="15",style="p",target="main",name="EQXXX_Ln_Out")
button(legend="Label",arc diameter="20",type="rectangle",url="",datasource="NCOMS",label="C",font color="black",y="160",x="330",w="10",entity="EQXXX_Ln_C",font="Helvetica",size="10",flash="true",action="Active Event List (AEL)",h="15",style="p",target="main",name="EQXXX_Ln_C")
button(legend="Label",arc diameter="20",type="rectangle",url="",datasource="NCOMS",label="B",font color="black",y="125",x="330",w="10",entity="",font="Helvetica",size="10",flash="true",action="Active Event List (AEL)",h="30",style="p",target="main",name="EQXXX_Ln_B")
button(legend="Label",arc diameter="20",type="rectangle",url="",datasource="NCOMS",label="A",font color="black",y="70",x="330",w="10",entity="",font="Helvetica",size="10",flash="true",action="Active Event List (AEL)",h="50",style="p",target="main",name="EQXXX_Ln_A")
button(legend="Label",arc diameter="20",type="rectangle",url="",datasource="NCOMS",label="C",font color="black",y="160",x="170",w="10",entity="EQXXX_Ap_C",font="Helvetica",size="10",flash="true",action="Active Event List (AEL)",h="15",style="p",target="main",name="EQXXX_Ap_C")
button(legend="Label",arc diameter="20",type="rectangle",url="",datasource="NCOMS",label="B",font color="black",y="125",x="170",w="10",entity="",font="Helvetica",size="10",flash="true",action="Active Event List (AEL)",h="30",style="p",target="main",name="EQXXX_Ap_B")
button(legend="Label",arc diameter="20",type="rectangle",url="",datasource="NCOMS",label="A",font color="black",y="70",x="170",w="10",entity="",font="Helvetica",size="10",flash="true",action="Active Event List (AEL)",h="50",style="p",target="main",name="EQXXX_Ap_A")
button(legend="Label",arc diameter="20",type="rectangle",url="",datasource="NCOMS",label="Alerts",font color="black",y="50",x="240",w="40",entity="",font="Helvetica",size="10",flash="true",action="Active Event List (AEL)",h="15",style="p",target="main",name="EQXXX_Ap_Ale_1")
button(legend="Label",arc diameter="20",type="rectangle",url="",datasource="NCOMS",label="Outages",font color="black",y="50",x="185",w="50",entity="",font="Helvetica",size="10",flash="true",action="Active Event List (AEL)",h="15",style="p",target="main",name="EQXXX_Ap_Out")
button(legend="Count",arc diameter="20",type="rectangle",url="",datasource="NCOMS",label="EQDEL_Ap_Out_C",font color="black",y="160",x="185",w="50",entity="EQDEL_Ap_Out_C",font="Helvetica",size="10",flash="true",action="Active Event List (AEL)",h="15",style="p",target="main",name="EQDEL_Ap_Out_C")
button(legend="Count",arc diameter="20",type="rectangle",url="",datasource="NCOMS",label="MedOutages",font color="black",y="125",x="185",w="50",entity="",font="Helvetica",size="10",flash="true",action="Open URL",h="30",style="p",target="_self",name="MedOutages_1")
button(legend="Count",arc diameter="20",type="rectangle",url="",datasource="NCOMS",label="EQDEL_Ap_Out_A",font color="black",y="70",x="185",w="50",entity="EQDEL_Ap_Out_A",font="Helvetica",size="10",flash="true",action="Active Event List (AEL)",h="50",style="p",target="main",name="EQDEL_Ap_Out_A")
button(legend="Count",arc diameter="20",type="rectangle",url="",datasource="NCOMS",label="LowAlert",font color="black",y="160",x="240",w="40",entity="",font="Helvetica",size="10",flash="true",action="Open URL",h="16",style="p",target="_self",name="LowAlert_1")
button(legend="Count",arc diameter="20",type="rectangle",url="",datasource="NCOMS",label="MedAlert",font color="black",y="125",x="240",w="40",entity="",font="Helvetica",size="10",flash="true",action="Open URL",h="30",style="p",target="_self",name="MedAlert_1")
button(legend="Count",arc diameter="20",type="rectangle",url="",datasource="NCOMS",label="HighAlert",font color="black",y="70",x="80",w="40",entity="",font="Helvetica",size="10",flash="true",action="Open URL",h="50",style="p",target="_self",name="HighAlert_2")
button(legend="Count",arc diameter="20",type="rectangle",url="",datasource="NCOMS",label="EQDEL_Sy_Env_A",font color="black",y="70",x="130",w="20",entity="EQDEL_Sy_Env_A",font="Helvetica",size="10",flash="true",action="Lightweight Event List (LEL)",h="50",style="p",target="main",name="EQDEL_Sy_Env_A")
button(legend="Count",arc diameter="20",type="rectangle",url="",datasource="NCOMS",label="EQDEL_Sy_Env_B",font color="black",y="125",x="130",w="20",entity="EQDEL_Sy_Env_B",font="Helvetica",size="10",flash="true",action="Lightweight Event List (LEL)",h="30",style="p",target="main",name="EQDEL_Sy_Env_B")
button(legend="Count",arc diameter="20",type="rectangle",url="",datasource="NCOMS",label="EQDEL_Sy_Env_C",font color="black",y="160",x="130",w="20",entity="EQDEL_Sy_Env_C",font="Helvetica",size="10",flash="true",action="Lightweight Event List (LEL)",h="15",style="p",target="main",name="EQDEL_Sy_Env_C")
text(datasource="NCOMS",name="Stamford",url="",style="b",font="Helvetica",justify="center",action="Open URL",color="white",entity="",flash="true",target="_self",y="45",x="540",label="Stamford",size="10")
text(datasource="NCOMS",name="London",url="",style="b",font="Helvetica",justify="center",action="Open URL",color="white",entity="",flash="true",target="_self",y="45",x="380",label="London",size="10")
text(datasource="NCOMS",name="APAC",url="",style="b",font="Helvetica",justify="center",action="Open URL",color="white",entity="",flash="true",target="_self",y="45",x="195",label="Hong Kong & Tokyo",size="10")
button(legend="Count",arc diameter="20",type="rectangle",url="",datasource="NCOMS",label="EQDEL_Ln_Env_A",font color="black",y="70",x="450",w="20",entity="EQDEL_Ln_Env_A",font="Helvetica",size="10",flash="true",action="Lightweight Event List (LEL)",h="50",style="p",target="main",name="EQDEL_Ln_Env_A")
button(legend="Count",arc diameter="20",type="rectangle",url="",datasource="NCOMS",label="EQDEL_Ln_Env_B",font color="black",y="125",x="450",w="20",entity="EQDEL_Ln_Env_B",font="Helvetica",size="10",flash="true",action="Lightweight Event List (LEL)",h="30",style="p",target="main",name="EQDEL_Ln_Env_B")
button(legend="Count",arc diameter="20",type="rectangle",url="",datasource="NCOMS",label="EQDEL_Ln_Env_C",font color="black",y="160",x="450",w="20",entity="EQDEL_Ln_Env_C",font="Helvetica",size="10",flash="true",action="Lightweight Event List (LEL)",h="15",style="p",target="main",name="EQDEL_Ln_Env_C")
button(legend="Count",arc diameter="20",type="rectangle",url="",datasource="NCOMS",label="EQDEL_Sm_Env_C",font color="black",y="160",x="610",w="20",entity="EQDEL_Sm_Env_C",font="Helvetica",size="10",flash="true",action="Lightweight Event List (LEL)",h="15",style="p",target="main",name="EQDEL_Sm_Env_C")
button(legend="Count",arc diameter="20",type="rectangle",url="",datasource="NCOMS",label="EQDEL_Sm_Env_B",font color="black",y="125",x="610",w="20",entity="EQDEL_Sm_Env_B",font="Helvetica",size="10",flash="true",action="Lightweight Event List (LEL)",h="30",style="p",target="main",name="EQDEL_Sm_Env_B")
button(legend="Count",arc diameter="20",type="rectangle",url="",datasource="NCOMS",label="EQDEL_Sm_Env_A",font color="black",y="70",x="610",w="20",entity="EQDEL_Sm_Env_A",font="Helvetica",size="10",flash="true",action="Lightweight Event List (LEL)",h="50",style="p",target="main",name="EQDEL_Sm_Env_A")
button(legend="Count",arc diameter="20",type="rectangle",url="",datasource="NCOMS",label="EQDEL_Sm_Ale_A",font color="black",y="70",x="560",w="40",entity="",font="Helvetica",size="10",flash="true",action="Active Event List (AEL)",h="50",style="p",target="main",name="EQDEL_Sm_Ale_A")
button(legend="Count",arc diameter="20",type="rectangle",url="",datasource="NCOMS",label="HighAlert",font color="black",y="125",x="400",w="40",entity="",font="Helvetica",size="10",flash="true",action="Open URL",h="30",style="p",target="_self",name="HighAlert_6")
button(legend="Count",arc diameter="20",type="rectangle",url="",datasource="NCOMS",label="HighAlert",font color="black",y="160",x="400",w="40",entity="",font="Helvetica",size="10",flash="true",action="Open URL",h="15",style="p",target="_self",name="HighAlert_5")
button(legend="Count",arc diameter="20",type="rectangle",url="",datasource="NCOMS",label="HighAlert",font color="black",y="125",x="560",w="40",entity="",font="Helvetica",size="10",flash="true",action="Open URL",h="30",style="p",target="_self",name="HighAlert_4")
button(legend="Count",arc diameter="20",type="rectangle",url="",datasource="NCOMS",label="HighAlert",font color="black",y="160",x="560",w="40",entity="",font="Helvetica",size="10",flash="true",action="Open URL",h="15",style="p",target="_self",name="HighAlert_3")
button(legend="Count",arc diameter="20",type="rectangle",url="",datasource="NCOMS",label="HighAlert",font color="black",y="70",x="400",w="40",entity="",font="Helvetica",size="10",flash="true",action="Open URL",h="50",style="p",target="_self",name="HighAlert_1")
button(legend="Count",arc diameter="20",type="rectangle",url="",datasource="NCOMS",label="EQDEL_Sm_Out_C",font color="black",y="160",x="505",w="50",entity="EQDEL_Sm_Out_C",font="Helvetica",size="10",flash="true",action="Active Event List (AEL)",h="15",style="p",target="main",name="EQDEL_Sm_Out_C")
button(legend="Count",arc diameter="20",type="rectangle",url="",datasource="NCOMS",label="HighOutages",font color="black",y="125",x="505",w="50",entity="",font="Helvetica",size="10",flash="true",action="Open URL",h="30",style="p",target="_self",name="HighOutages_5")
button(legend="Count",arc diameter="20",type="rectangle",url="",datasource="NCOMS",label="EQDEL_Sm_Out_A",font color="black",y="70",x="505",w="50",entity="EQDEL_Sm_Out_A",font="Helvetica",size="10",flash="true",action="Active Event List (AEL)",h="50",style="p",target="main",name="EQDEL_Sm_Out_A")
button(legend="Count",arc diameter="20",type="rectangle",url="",datasource="NCOMS",label="EQDEL_Ln_Out_C",font color="black",y="160",x="345",w="50",entity="EQDEL_Ln_Out_C",font="Helvetica",size="10",flash="true",action="Active Event List (AEL)",h="15",style="p",target="main",name="EQDEL_Ln_Out_C")
button(legend="Count",arc diameter="20",type="rectangle",url="",datasource="NCOMS",label="HighOutages",font color="black",y="125",x="345",w="50",entity="",font="Helvetica",size="10",flash="true",action="Open URL",h="30",style="p",target="_self",name="HighOutages_2")
button(legend="Count",arc diameter="20",type="rectangle",url="",datasource="NCOMS",label="EQDEL_Ln_Out_A",font color="black",y="70",x="345",w="50",entity="EQDEL_Ln_Out_A",font="Helvetica",size="10",flash="true",action="Active Event List (AEL)",h="50",style="p",target="main",name="EQDEL_Ln_Out_A")
button(legend="Label",arc diameter="20",type="rectangle",url="",datasource="NCOMS",label="C",font color="black",y="160",x="10",w="10",entity="EQXXX_Sy_C",font="Helvetica",size="10",flash="true",action="Active Event List (AEL)",h="15",style="p",target="main",name="Low")
button(legend="Label",arc diameter="20",type="rectangle",url="",datasource="NCOMS",label="B",font color="black",y="125",x="10",w="10",entity="",font="Helvetica",size="10",flash="true",action="Active Event List (AEL)",h="30",style="p",target="main",name="EQXXX_Sy_B")
button(legend="Count",arc diameter="20",type="rectangle",url="",datasource="NCOMS",label="Low",font color="black",y="160",x="290",w="20",entity="EQDEL_Ap_Env_C",font="Helvetica",size="10",flash="true",action="Lightweight Event List (LEL)",h="15",style="p",target="main",name="EQDEL_Ap_Env_C")
button(legend="Count",arc diameter="20",type="rectangle",url="",datasource="NCOMS",label="LowAlert",font color="black",y="160",x="80",w="40",entity="",font="Helvetica",size="10",flash="true",action="Open URL",h="15",style="p",target="_self",name="LowAlert")
button(legend="Count",arc diameter="20",type="rectangle",url="",datasource="NCOMS",label="MedAlert",font color="black",y="125",x="80",w="40",entity="",font="Helvetica",size="10",flash="true",action="Open URL",h="30",style="p",target="_self",name="MedAlert")
button(legend="Count",arc diameter="20",type="rectangle",url="",datasource="NCOMS",label="EQDEL_Sy_Out_C",font color="black",y="160",x="25",w="50",entity="EQDEL_Sy_Out_C",font="Helvetica",size="10",flash="true",action="Active Event List (AEL)",h="15",style="p",target="main",name="EQDEL_Sy_Out_C")
button(legend="Count",arc diameter="20",type="rectangle",url="",datasource="NCOMS",label="MedOutages",font color="black",y="125",x="25",w="50",entity="",font="Helvetica",size="10",flash="true",action="Open URL",h="30",style="p",target="_self",name="MedOutages")
button(legend="Count",arc diameter="20",type="rectangle",url="",datasource="NCOMS",label="Med",font color="black",y="125",x="290",w="20",entity="EQDEL_Ap_Env_B",font="Helvetica",size="10",flash="true",action="Lightweight Event List (LEL)",h="30",style="p",target="main",name="EQDEL_Ap_Env_B")
button(legend="Count",arc diameter="20",type="rectangle",url="",datasource="NCOMS",label="High",font color="black",y="70",x="290",w="20",entity="EQDEL_Ap_Env_A",font="Helvetica",size="10",flash="true",action="Lightweight Event List (LEL)",h="50",style="p",target="main",name="EQDEL_Ap_Env_A")
button(legend="Count",arc diameter="20",type="rectangle",url="",datasource="NCOMS",label="HighAlert",font color="black",y="70",x="240",w="40",entity="",font="Helvetica",size="10",flash="true",action="Open URL",h="50",style="p",target="_self",name="HighAlert")
button(legend="Label",arc diameter="20",type="rectangle",url="",datasource="NCOMS",label="Env",font color="black",y="50",x="290",w="20",entity="EQDEL_Ap_Env",font="Helvetica",size="10",flash="true",action="Lightweight Event List (LEL)",h="15",style="p",target="main",name="EQDEL_Ap_Env")
button(legend="Count",arc diameter="20",type="rectangle",url="",datasource="NCOMS",label="All Failures",font color="black",y="180",x="170",w="111",entity="EQXXX_Ap",font="Helvetica",size="10",flash="true",action="Active Event List (AEL)",h="15",style="p",target="main",name="EQXXX_Ap")
button(legend="Count",arc diameter="20",type="rectangle",url="",datasource="NCOMS",label="All Failures",font color="black",y="180",x="490",w="111",entity="EQXXX_Sm",font="Helvetica",size="10",flash="true",action="Active Event List (AEL)",h="15",style="p",target="main",name="EQXXX_Sm")
button(legend="Count",arc diameter="20",type="rectangle",url="",datasource="NCOMS",label="All Failures",font color="black",y="180",x="330",w="112",entity="EQXXX_Ln",font="Helvetica",size="10",flash="true",action="Active Event List (AEL)",h="15",style="p",target="main",name="EQXXX_Ln")
button(legend="Count",arc diameter="20",type="rectangle",url="",datasource="NCOMS",label="All Failures",font color="black",y="180",x="10",w="110",entity="EQXXX_Sy",font="Helvetica",size="10",flash="true",action="Active Event List (AEL)",h="15",style="p",target="main",name="EQXXX_Sy")