map(name="FI-Mortgages",bgImage="FI-Mortgages.jpg",bgColor="white",w="1100",h="610",acl="*")
button(legend="None",arc diameter="20",type="rectangle",url="$(SERVER)/applications/GSD_CFI_PFCA/SBDRindex.html",datasource="NCOMS",label="",font color="black",y="130",x="100",w="46",entity="SBDATAFEEDREAL",font="Helvetica",size="11",flash="true",action="Open URL",h="18",style="+_fontStyle+",target="_self",name="SUPERBONDREAL")
button(legend="None",arc diameter="20",type="rectangle",url="$(SERVER)/applications/GSD_CFI_PFCA/SBDEindex.html",datasource="NCOMS",label="",font color="black",y="432",x="107",w="32",entity="SBDATAFEEDEJV",font="Helvetica",size="11",flash="true",action="Open URL",h="19",style="+_fontStyle+",target="_self",name="SUPERBONDEJV")
button(legend="None",arc diameter="20",type="rectangle",url="$(SERVER)/applications/GSD_CFI_PFCA/SBDIindex.html",datasource="NCOMS",label="",font color="black",y="350",x="108",w="32",entity="SBDATAFEEDINTEX",font="Helvetica",size="11",flash="true",action="Open URL",h="19",style="+_fontStyle+",target="_self",name="SUPERBONDINTEX")
button(legend="None",arc diameter="20",type="rectangle",url="$(SERVER)/applications/GSD_CFI_PFCA/SBDSindex.html",datasource="NCOMS",label="",font color="black",y="198",x="100",w="46",entity="SBDATAFEEDSWAPS",font="Helvetica",size="11",flash="true",action="Open URL",h="18",style="+_fontStyle+",target="_self",name="SUPERBONDSWAPS")
button(legend="None",arc diameter="20",type="rectangle",url="$(SERVER)/applications/GSD_CFI_PFCA/SBDBindex.html",datasource="NCOMS",label="GABS",font color="black",y="267",x="102",w="46",entity="SBDATAFEEDBLOOM",font="Helvetica",size="11",flash="true",action="Open URL",h="18",style="+_fontStyle+",target="_self",name="SUPERBONDBLOOM")
button(legend="None",arc diameter="20",type="rectangle",url="$(SERVER)/applications/GSD_CFI_PFCA/Dindex.html",datasource="NCOMS",label="untitled",font color="black",y="250",x="210",w="57",entity="DSALLEVENTS",font="Helvetica",size="10",flash="true",action="Open URL",h="12",style="+_fontStyle+",target="_self",name="visual_5")
button(legend="None",arc diameter="20",type="rectangle",url="$(SERVER)/applications/GSD_CFI_PFCA/Sindex.html",datasource="NCOMS",label="untitled",font color="black",y="313",x="210",w="58",entity="SBALLEVENTS",font="Helvetica",size="10",flash="true",action="Open URL",h="15",style="+_fontStyle+",target="_self",name="visual_4")
button(legend="None",arc diameter="20",type="rectangle",url="$(SERVER)/applications/GSD_CFI_PFCA/Cindex.html",datasource="NCOMS",label="untitled",font color="black",y="466",x="212",w="53",entity="CALLEVENTS",font="Helvetica",size="10",flash="true",action="Open URL",h="20",style="+_fontStyle+",target="_self",name="visual_3")
button(legend="None",arc diameter="20",type="rectangle",url="$(SERVER)/applications/GSD_CFI_PFCA/Gindex.html",datasource="NCOMS",label="GABS",font color="black",y="98",x="341",w="35",entity="GALLEVENTS",font="Helvetica",size="11",flash="true",action="Open URL",h="12",style="+_fontStyle+",target="_self",name="GABS")
