map(name="FIRC_GCD_AutoConf",bgImage="AutoConf.gif",bgColor="white",w="1280",h="850",acl="*")
monitor(show highest="false",type="lavalamp",url="",show lowest="false",show highest severity as border="true",datasource="NCOMS",label="OBS",show total="false",y="167",x="302",w="133",entity="firc_autoconf_sldn0352psy",font="Helvetica",size="10",flash="true",action="Active Event List (AEL)",show label="true",h="42",foreground color="black",style="p",background color="lightGray",show metric="false",target="_blank",name="OBS")
monitor(show highest="false",type="lavalamp",url="",show lowest="false",show highest severity as border="true",datasource="NCOMS",label="OBS (BCP)",show total="false",y="173",x="876",w="133",entity="firc_autoconf_sldn0352psy",font="Helvetica",size="10",flash="true",action="Active Event List (AEL)",show label="true",h="42",foreground color="black",style="p",background color="lightGray",show metric="false",target="_blank",name="OBS_BCP_")
monitor(show highest="false",type="lavalamp",url="",show lowest="false",show highest severity as border="true",datasource="NCOMS",label="ELVIS (BCP)",show total="false",y="13",x="1133",w="133",entity="firc_autoconf_sldn1043pap",font="Helvetica",size="10",flash="true",action="Active Event List (AEL)",show label="true",h="42",foreground color="black",style="p",background color="lightGray",show metric="false",target="_blank",name="ELVIS_BCP_")
monitor(show highest="false",type="lavalamp",url="",show lowest="false",show highest severity as border="true",datasource="NCOMS",label="ELVIS",show total="false",y="138",x="157",w="133",entity="firc_autoconf_sldn1043pap",font="Helvetica",size="10",flash="true",action="Active Event List (AEL)",show label="true",h="42",foreground color="black",style="p",background color="lightGray",show metric="false",target="_blank",name="ELVIS")
monitor(show highest="false",type="lavalamp",url="",show lowest="false",show highest severity as border="true",datasource="NCOMS",label="TermSheet Store (BCP)",show total="false",y="773",x="1116",w="133",entity="firc_autoconf_dldnc005pn1",font="Helvetica",size="10",flash="true",action="Active Event List (AEL)",show label="true",h="42",foreground color="black",style="p",background color="lightGray",show metric="false",target="_blank",name="NetApp_BCP_")
monitor(show highest="false",type="lavalamp",url="",show lowest="false",show highest severity as border="true",datasource="NCOMS",label="TermSheet Store",show total="false",y="717",x="11",w="133",entity="firc_autoconf_dstmc014pn1",font="Helvetica",size="10",flash="true",action="Active Event List (AEL)",show label="true",h="42",foreground color="black",style="p",background color="lightGray",show metric="false",target="_blank",name="NetApp")
monitor(show highest="false",type="lavalamp",url="",show lowest="false",show highest severity as border="true",datasource="NCOMS",label="WebMethods",show total="false",y="235",x="211",w="133",entity="firc_autoconf_aimsprodldn_2",font="Helvetica",size="10",flash="true",action="Active Event List (AEL)",show label="true",h="42",foreground color="black",style="p",background color="lightGray",show metric="false",target="_blank",name="WebMethods")
monitor(show highest="false",type="lavalamp",url="",show lowest="false",show highest severity as border="true",datasource="NCOMS",label="WebMethods(BCP)",show total="false",y="237",x="916",w="133",entity="firc_autoconf_aimsprodldn_2",font="Helvetica",size="10",flash="true",action="Active Event List (AEL)",show label="true",h="42",foreground color="black",style="p",background color="lightGray",show metric="false",target="_blank",name="WebMethods_BCP_")
monitor(show highest="false",type="lavalamp",url="",show lowest="false",show highest severity as border="true",datasource="NCOMS",label="DFS Feeder (BCP)",show total="false",y="221",x="671",w="133",entity="firc_autoconf_nldn8591pap",font="Helvetica",size="10",flash="true",action="Active Event List (AEL)",show label="true",h="42",foreground color="black",style="p",background color="lightGray",show metric="false",target="_blank",name="DFS_BCP_")
monitor(show highest="false",type="lavalamp",url="",show lowest="false",show highest severity as border="true",datasource="NCOMS",label="DFS Feeder",show total="false",y="221",x="528",w="133",entity="firc_autoconf_nstm8206pap",font="Helvetica",size="10",flash="true",action="Active Event List (AEL)",show label="true",h="42",foreground color="black",style="p",background color="lightGray",show metric="false",target="_blank",name="DFS")
monitor(show highest="false",type="lavalamp",url="",show lowest="false",show highest severity as border="true",datasource="NCOMS",label="Oracle DB (BCP)",show total="false",y="569",x="806",w="133",entity="firc_autoconf_nldn8593pww",font="Helvetica",size="10",flash="true",action="Active Event List (AEL)",show label="true",h="42",foreground color="black",style="p",background color="lightGray",show metric="false",target="_blank",name="DB_BCP_")
monitor(show highest="false",type="lavalamp",url="",show lowest="false",show highest severity as border="true",datasource="NCOMS",label="GATS (BCP) Instance",show total="false",y="411",x="838",w="133",entity="firc_autoconf_sldn1221psy",font="Helvetica",size="10",flash="true",action="Active Event List (AEL)",show label="true",h="42",foreground color="black",style="p",background color="lightGray",show metric="false",target="_blank",name="GATS_BCP_")
monitor(show highest="false",type="lavalamp",url="",show lowest="false",show highest severity as border="true",datasource="NCOMS",label="GATS Instance",show total="false",y="383",x="300",w="133",entity="firc_autoconf_sstm7706psy",font="Helvetica",size="10",flash="true",action="Active Event List (AEL)",show label="true",h="42",foreground color="black",style="p",background color="lightGray",show metric="false",target="_blank",name="GATS")
monitor(show highest="false",type="lavalamp",url="",show lowest="false",show highest severity as border="true",datasource="NCOMS",label="JTG Compute(BCP)",show total="false",y="561",x="1055",w="133",entity="firc_autoconf_nldn8592pap",font="Helvetica",size="10",flash="true",action="Active Event List (AEL)",show label="true",h="42",foreground color="black",style="p",background color="lightGray",show metric="false",target="_blank",name="Compute_1")
monitor(show highest="false",type="lavalamp",url="",show lowest="false",show highest severity as border="true",datasource="NCOMS",label="ATS Web Portal (BCP)",show total="false",y="763",x="924",w="133",entity="firc_autoconf_nldn8593pww",font="Helvetica",size="10",flash="true",action="Active Event List (AEL)",show label="true",h="42",foreground color="black",style="p",background color="lightGray",show metric="false",target="_blank",name="Web1")
monitor(show highest="false",type="lavalamp",url="",show lowest="false",show highest severity as border="true",datasource="NCOMS",label="ATS Web Portal",show total="false",y="768",x="240",w="133",entity="firc_autoconf_nstm8282pww",font="Helvetica",size="10",flash="true",action="Active Event List (AEL)",show label="true",h="42",foreground color="black",style="p",background color="lightGray",show metric="false",target="_blank",name="Web")
monitor(show highest="false",type="lavalamp",url="",show lowest="false",show highest severity as border="true",datasource="NCOMS",label="Oracle DB",show total="false",y="574",x="431",w="133",entity="firc_autoconf_sstm2989_90por",font="Helvetica",size="10",flash="true",action="Active Event List (AEL)",show label="true",h="42",foreground color="black",style="p",background color="lightGray",show metric="false",target="_blank",name="DB")
monitor(show highest="false",type="lavalamp",url="",show lowest="false",show highest severity as border="true",datasource="NCOMS",label="JTG Compute",show total="false",y="550",x="137",w="133",entity="firc_autoconf_nstm8284_70pap",font="Helvetica",size="10",flash="true",action="Active Event List (AEL)",show label="true",h="42",foreground color="black",style="p",background color="lightGray",show metric="false",target="_blank",name="Compute")
