map(name="FIRC_GCD_JRisk_Production",bgImage="Jrisk-machines_Production_1.jpg",bgColor="white",w="1270",h="780",acl="*")
monitor(show highest="false",type="lavalamp",url="",show lowest="false",show highest severity as border="true",datasource="NCOMS",label="OBS DB",show total="false",y="354",x="413",w="100",entity="JRisk_OBS_DB_Prod",font="Helvetica",size="10",flash="true",action="Active Event List (AEL)",show label="true",h="37",foreground color="black",style="p",background color="lightGray",show metric="false",target="_blank",name="OBS_DB")
monitor(show highest="false",type="lavalamp",url="",show lowest="false",show highest severity as border="true",datasource="NCOMS",label="JRisk and SALS DB",show total="false",y="613",x="774",w="105",entity="JRisk_SALS_DB_BCP",font="Helvetica",size="10",flash="true",action="Active Event List (AEL)",show label="true",h="37",foreground color="black",style="p",background color="lightGray",show metric="false",target="_blank",name="visual_8")
monitor(show highest="false",type="lavalamp",url="",show lowest="false",show highest severity as border="true",datasource="NCOMS",label="OBS DB",show total="false",y="354",x="774",w="100",entity="JRisk_OBS_DB_BCP",font="Helvetica",size="10",flash="true",action="Active Event List (AEL)",show label="true",h="37",foreground color="black",style="p",background color="lightGray",show metric="false",target="_blank",name="OBS_DB_1")
monitor(show highest="false",type="lavalamp",url="",show lowest="false",show highest severity as border="true",datasource="NCOMS",label="JRisk WebMethods",show total="false",y="740",x="774",w="105",entity="JRisk_WebMethods_BCP",font="Helvetica",size="10",flash="true",action="Active Event List (AEL)",show label="true",h="37",foreground color="black",style="p",background color="lightGray",show metric="false",target="_blank",name="visual_10")
monitor(show highest="false",type="lavalamp",url="",show lowest="false",show highest severity as border="true",datasource="NCOMS",label="JRisk WebMethods",show total="false",y="740",x="413",w="105",entity="JRisk_WebMethods_Prod",font="Helvetica",size="10",flash="true",action="Active Event List (AEL)",show label="true",h="37",foreground color="black",style="p",background color="lightGray",show metric="false",target="_blank",name="visual_9")
monitor(show highest="false",type="lavalamp",url="",show lowest="false",show highest severity as border="true",datasource="NCOMS",label="JRisk and SALS DB",show total="false",y="613",x="413",w="105",entity="JRisk_SALS_DB_Prod",font="Helvetica",size="10",flash="true",action="Active Event List (AEL)",show label="true",h="37",foreground color="black",style="p",background color="lightGray",show metric="false",target="_blank",name="visual_7")
monitor(show highest="false",type="lavalamp",url="",show lowest="false",show highest severity as border="true",datasource="NCOMS",label="CDR DB",show total="false",y="235",x="774",w="100",entity="JRisk_CDR_DB_BCP",font="Helvetica",size="10",flash="true",action="Active Event List (AEL)",show label="true",h="37",foreground color="black",style="p",background color="lightGray",show metric="false",target="_blank",name="visual_6")
monitor(show highest="false",type="lavalamp",url="",show lowest="false",show highest severity as border="true",datasource="NCOMS",label="CDR DB",show total="false",y="238",x="413",w="100",entity="JRisk_CDR_DB_Prod",font="Helvetica",size="10",flash="true",action="Active Event List (AEL)",show label="true",h="37",foreground color="black",style="p",background color="lightGray",show metric="false",target="_blank",name="visual_5")
monitor(show highest="false",type="lavalamp",url="",show lowest="false",show highest severity as border="true",datasource="NCOMS",label="Weblogic Hosts",show total="false",y="595",x="1079",w="145",entity="JRisk_BCP",font="Helvetica",size="10",flash="true",action="Active Event List (AEL)",show label="true",h="45",foreground color="black",style="p",background color="lightGray",show metric="false",target="_blank",name="visual_2")
monitor(show highest="false",type="lavalamp",url="",show lowest="false",show highest severity as border="true",datasource="NCOMS",label="Weblogic Hosts",show total="false",y="595",x="39",w="150",entity="JRisk_Prod",font="Helvetica",size="10",flash="true",action="Active Event List (AEL)",show label="true",h="45",foreground color="black",style="p",background color="lightGray",show metric="false",target="_blank",name="visual_1")
