map(name="FIT_DSS",bgImage="",bgColor="#003366",w="190",h="427",acl="*")
monitor(show highest="false",type="lavalamp",url="",show lowest="false",show highest severity as border="false",datasource="NCOMS",label="FIT_DSS_AllAlerts",show total="true",y="37",x="86",w="100",entity="FIT_DSS_All",font="Helvetica",size="10",flash="false",action="Active Event List (AEL)",style="p",show label="false",h="48",foreground color="black",background color="lightGray",show metric="false",target="main",name="App_Unack_1")
text(datasource="NCOMS",action="Open URL",flash="true",target="",entity="",justify="center",font="Helvetica",color="white",label="All Alerts",y="64",style="p",url="",size="12",name="All Alerts",x="15")
text(datasource="NCOMS",action="Open URL",flash="true",target="_self",entity="",justify="center",font="Helvetica",color="black",label="Application",y="156",style="",url="",size="12",name="Application_Label",x="12")
text(datasource="NCOMS",action="Open URL",flash="true",target="_self",entity="",justify="center",font="Helvetica",color="white",label="Application Monitoring",y="30",style="b",url="",size="14",name="Page_Title_2",x="15")
text(datasource="NCOMS",action="Open URL",flash="true",target="_self",entity="",justify="center",font="Helvetica",color="white",label="FIT DSS",y="17",style="b",url="",size="16",name="Page_Title_1",x="56")
text(datasource="NCOMS",action="Open URL",flash="true",target="_self",entity="",justify="center",font="Helvetica",color="white",label="App Unack",y="119",style="p",url="",size="12",name="Unack_Label",x="11")
monitor(show highest="false",type="lavalamp",url="",show lowest="false",show highest severity as border="false",datasource="NCOMS",label="GSD_BTS_App_Unack",show total="true",y="89",x="86",w="100",entity="FIT_DSS_App_Unack",font="Helvetica",size="10",flash="false",action="Active Event List (AEL)",style="p",show label="false",h="48",foreground color="black",background color="lightGray",show metric="false",target="main",name="App_Unack")
text(datasource="NCOMS",action="Open URL",flash="true",target="_self",entity="",justify="center",font="Helvetica",color="black",label="App",y="156",style="b",url="",size="10",name="App_Label",x="99")
text(datasource="NCOMS",action="Open URL",flash="true",target="_self",entity="",justify="center",font="Helvetica",color="black",label="Infra",y="155",style="b",url="",size="10",name="Infra_Label",x="148")
line(thickness="17",datasource="NCOMS",color="#ccccff",x2="190",label="untitled",y2="144",y="144",name="Separator",x="1")
text(datasource="NCOMS",action="Open URL",flash="true",target="_self",entity="",justify="center",font="Helvetica",color="white",label="FIT Sample",y="182",style="p",url="",size="12",name="App_Label_1",x="7")
button(legend="Count",arc diameter="10",type="rounded",url="",datasource="NCOMS",label="FIT_DSS_Sample Appln_App",font color="black",y="169",x="91",w="40",entity="FIT_DSS_Sample_App",font="Helvetica",size="10",flash="false",action="Active Event List (AEL)",h="20",style="p",target="main",name="App_Button_1")
button(legend="Count",arc diameter="10",type="rounded",url="",datasource="NCOMS",label="FIT_DSS_Sample Appln_Infra",font color="black",y="170",x="142",w="40",entity="FIT_DSS_Sample_Infra",font="Helvetica",size="10",flash="false",action="Active Event List (AEL)",h="20",style="p",target="main",name="Infra_Button_1")
