map(name="FIX_HOG_OASIS",bgImage="fho.gif",bgColor="white",w=470,h=330,acl="*")
button(name="FR_SERVICE",label="untitled",x=147,y=261,action="go",url="$(SERVER)/Template/openPageWide.html?System_Filter=FR_SERVICE",target="hidden",entity="FR_SERVICE",w=20,h=20,type="rectangle",arc diameter=20,legend=None,font="Helvetica",size=10,font color="black",style="+_fontStyle+")
button(name="visual_1",label="untitled",x=140,y=333,action="go",url="",target="_self",entity="",w=49,h=26,type="rectangle",arc diameter=20,legend=None,font="Helvetica",size=10,font color="black",style="+_fontStyle+")
button(name="FIX_Operserver",label="FIX_Operserver",x=371,y=69,action="go",url="$(SERVER)/Template/openPageWide.html?System_Filter=LN_FIXP1_SQL_OS",target="hidden",entity="LN_FIXP1_SQL_OS",w=19,h=18,type="rectangle",arc diameter=20,legend=None,font="Helvetica",size=10,font color="black",style="+_fontStyle+")
button(name="FixComms",label="FixComms",x=416,y=5,action="go",url="$(SERVER)/Template/openPageWide.html?System_Filter=FIXCOMM",target="hidden",entity="FIXCOMM",w=19,h=18,type="rectangle",arc diameter=20,legend=None,font="Helvetica",size=10,font color="black",style="+_fontStyle+")
button(name="Cameron",label="Cameron",x=300,y=3,action="go",url="$(SERVER)/Template/openPageWide.html?System_Filter=CAMERON",target="hidden",entity="CAMERON",w=19,h=18,type="rectangle",arc diameter=20,legend=None,font="Helvetica",size=10,font color="black",style="+_fontStyle+")
button(name="OASIS_Openserver",label="OASIS_Openserver",x=144,y=223,action="go",url="$(SERVER)/Template/openPageWide.html?System_Filter=OASISP1_OS",target="hidden",entity="OASISP1_OS",w=19,h=18,type="rectangle",arc diameter=20,legend=None,font="Helvetica",size=10,font color="black",style="+_fontStyle+")
button(name="LN_FIXP1_SQL",label="LN_FIXP1_SQL",x=123,y=68,action="go",url="$(SERVER)/Template/openPageWide.html?System_Filter=LN_FIXP1_SQL",target="hidden",entity="LN_FIXP1_SQL",w=19,h=18,type="rectangle",arc diameter=20,legend=None,font="Helvetica",size=10,font color="black",style="+_fontStyle+")
button(name="FHP",label="FHP",x=337,y=113,action="go",url="$(SERVER)/Template/openPageWide.html?System_Filter=FHP",target="hidden",entity="FHP",w=19,h=18,type="rectangle",arc diameter=20,legend=None,font="Helvetica",size=10,font color="black",style="+_fontStyle+")
button(name="Oasis OHP",label="Oasis OHP",x=47,y=152,action="go",url="$(SERVER)/Template/openPageWide.html?System_Filter=OHPOasis",target="hidden",entity="OHPOasis",w=19,h=18,type="rectangle",arc diameter=20,legend=None,font="Helvetica",size=10,font color="black",style="+_fontStyle+")
button(name="HOG",label="HOG",x=187,y=95,action="go",url="$(SERVER)/Template/openPageWide.html?System_Filter=HOG_CLUSTERS",target="hidden",entity="HOG_CLUSTERS",w=19,h=18,type="rectangle",arc diameter=20,legend=None,font="Helvetica",size=10,font color="black",style="+_fontStyle+")
button(name="FHR",label="FHR",x=47,y=115,action="go",url="$(SERVER)/Template/openPageWide.html?System_Filter=FIX-FHR",target="hidden",entity="FIX-FHR",w=19,h=18,type="rectangle",arc diameter=20,legend=None,font="Helvetica",size=10,font color="black",style="+_fontStyle+")
button(name="cosmos",label="cosmos",x=145,y=189,action="go",url="$(SERVER)/Template/openPageWide.html?System_Filter=COSMOS",target="hidden",entity="COSMOS",w=19,h=18,type="rectangle",arc diameter=20,legend=None,font="Helvetica",size=10,font color="black",style="+_fontStyle+")
button(name="Oaisis Database",label="Oaisis Database",x=397,y=219,action="go",url="$(SERVER)/Template/openPageWide.html?System_Filter=OASIS_EU_DB",target="hidden",entity="OASIS_EU_DB",w=19,h=18,type="rectangle",arc diameter=20,legend=None,font="Helvetica",size=10,font color="black",style="+_fontStyle+")
button(name="osp",label="osp",x=336,y=155,action="go",url="$(SERVER)/Template/openPageWide.html?System_Filter=OSP",target="hidden",entity="OSP",w=19,h=18,type="rectangle",arc diameter=20,legend=None,font="Helvetica",size=10,font color="black",style="+_fontStyle+")
button(name="Prod_proxy",label="Prod_proxy",x=192,y=3,action="go",url="$(SERVER)/Template/openPageWide.html?System_Filter=Prod_Proxy",target="hidden",entity="Prod_Proxy",w=19,h=18,type="rectangle",arc diameter=20,legend=None,font="Helvetica",size=10,font color="black",style="+_fontStyle+")
