map(name="GEM_IB_Contents_bkp20110316",bgColor="#003366",w=252,h=662,acl="*")
text(name="visual_91",label="D11",x=203,y=525,action="Open URL",url="",target="_self",entity="",datasource="NCOMS",flash="true",font="Helvetica",size=11,justify="center",style="b",color="white")
button(name="ISC_UNIX_29",label="untitled",x=198,y=530,action="Active Event List (AEL)",url="",target="main",entity="GEM_IB_AS_D11_Jobs",datasource="NCOMS",flash="true",w=30,h=18,type="rectangle",arc diameter=20,legend=Count,font="Helvetica",size=10,font color="black",style="p")
text(name="ESM_2",label="UIS",x=228,y=169,action="Open URL",url="",target="_self",entity="",datasource="NCOMS",flash="true",font="Helvetica",size=11,justify="center",style="p",color="white")
button(name="visual_89",label="untitled",x=224,y=226,action="Active Event List (AEL)",url="",target="main",entity="GEM_IB_AS_BB_Esc",datasource="NCOMS",flash="true",w=25,h=16,type="rounded",arc diameter=20,legend=Count,font="Helvetica",size=10,font color="black",style="p")
button(name="ISC_ESM_2",label="untitled",x=224,y=203,action="Active Event List (AEL)",url="",target="main",entity="GEM_IB_AS_BB",datasource="NCOMS",flash="true",w=25,h=18,type="rectangle",arc diameter=20,legend=Count,font="Helvetica",size=10,font color="black",style="p")
button(name="ISC_ESM_1",label="untitled",x=224,y=178,action="Active Event List (AEL)",url="",target="main",entity="GEM_IB_AS_BB_Unack",datasource="NCOMS",flash="true",w=25,h=18,type="rectangle",arc diameter=20,legend=Count,font="Helvetica",size=10,font color="black",style="p")
text(name="Unack_9",label="Ack'd",x=172,y=137,action="Open URL",url="",target="_self",entity="",datasource="NCOMS",flash="true",font="Helvetica",size=11,justify="center",style="b",color="cyan")
button(name="visual_34",label="untitled",x=205,y=121,action="Active Event List (AEL)",url="",target="main",entity="GEM_IB_Degrade_Total",datasource="NCOMS",flash="true",w=44,h=22,type="ellipse",arc diameter=20,legend=Count,font="Helvetica",size=10,font color="black",style="p")
button(name="visual_86",label="untitled",x=222,y=488,action="Active Event List (AEL)",url="",target="main",entity="GEM_IB_AS_PL1_Jobs_EV",datasource="NCOMS",flash="true",w=27,h=16,type="rounded",arc diameter=20,legend=Count,font="Helvetica",size=10,font color="black",style="p")
button(name="visual_85",label="untitled",x=189,y=487,action="Active Event List (AEL)",url="",target="main",entity="GEM_IB_AS_PS1_Jobs_EV",datasource="NCOMS",flash="true",w=27,h=16,type="rounded",arc diameter=20,legend=Count,font="Helvetica",size=10,font color="black",style="p")
button(name="ISC_UNIX_28",label="untitled",x=221,y=442,action="Active Event List (AEL)",url="",target="main",entity="GEM_IB_AS_PL1_Jobs",datasource="NCOMS",flash="true",w=30,h=18,type="rectangle",arc diameter=20,legend=Count,font="Helvetica",size=10,font color="black",style="p")
button(name="ISC_UNIX_27",label="untitled",x=188,y=442,action="Active Event List (AEL)",url="",target="main",entity="GEM_IB_AS_PS1_Jobs",datasource="NCOMS",flash="true",w=30,h=18,type="rectangle",arc diameter=20,legend=Count,font="Helvetica",size=10,font color="black",style="p")
text(name="visual_83",label="PL1",x=227,y=437,action="Open URL",url="",target="_self",entity="",datasource="NCOMS",flash="true",font="Helvetica",size=11,justify="center",style="b",color="white")
text(name="visual_40",label="PS1",x=197,y=437,action="Open URL",url="",target="_self",entity="",datasource="NCOMS",flash="true",font="Helvetica",size=11,justify="center",style="b",color="white")
button(name="visual_88",label="untitled",x=197,y=322,action="Active Event List (AEL)",url="",target="main",entity="GEM_IB_DBS_L1_P123_Esc",datasource="NCOMS",flash="true",w=35,h=16,type="rounded",arc diameter=20,legend=Count,font="Helvetica",size=10,font color="black",style="p")
button(name="ISC_Wintel_9",label="untitled",x=194,y=300,action="Active Event List (AEL)",url="",target="main",entity="GEM_IB_DBS_L1_P123_Total",datasource="NCOMS",flash="true",w=43,h=17,type="rectangle",arc diameter=20,legend=Count,font="Helvetica",size=10,font color="black",style="p")
button(name="ISC_Wintel_7",label="untitled",x=194,y=276,action="Active Event List (AEL)",url="",target="main",entity="GEM_IB_DBS_L1_P123_Unack",datasource="NCOMS",flash="true",w=43,h=19,type="rectangle",arc diameter=20,legend=Count,font="Helvetica",size=10,font color="black",style="p")
button(name="ISC_Wintel_8",label="untitled",x=123,y=301,action="Active Event List (AEL)",url="",target="main",entity="GEM_IB_Wintel_L1_P123_Total",datasource="NCOMS",flash="true",w=43,h=17,type="rectangle",arc diameter=20,legend=Count,font="Helvetica",size=10,font color="black",style="p")
text(name="visual_14",label="IB L1",x=7,y=267,action="Open URL",url="",target="_self",entity="",datasource="NCOMS",flash="true",font="Helvetica",size=13,justify="left",style="b",color="white")
button(name="visual_75",label="untitled",x=101,y=82,action="Active Event List (AEL)",url="",target="main",entity="GEM_IB_L1_P123_Total",datasource="NCOMS",flash="true",w=49,h=24,type="rectangle",arc diameter=20,legend=Count,font="Helvetica",size=10,font color="black",style="p")
button(name="visual_71",label="untitled",x=179,y=83,action="Active Event List (AEL)",url="",target="main",entity="GEM_IB_L1_P123_Unack",datasource="NCOMS",flash="true",w=69,h=24,type="rectangle",arc diameter=20,legend=Count,font="Helvetica",size=10,font color="black",style="p")
button(name="visual_90",label="untitled",x=508,y=405,action="Open URL",url="",target="_self",entity="",datasource="NCOMS",flash="true",w=50,h=25,type="rectangle",arc diameter=20,legend=None,font="Helvetica",size=10,font color="black",style="p")
text(name="Unack_8",label="All UnAck",x=200,y=366,action="Open URL",url="",target="_self",entity="",datasource="NCOMS",flash="true",font="Helvetica",size=12,justify="center",style="b",color="white")
button(name="visual_50",label="untitled",x=202,y=372,action="Active Event List (AEL)",url="",target="main",entity="GEM_IB_Autosys_GDMP_All",datasource="NCOMS",flash="true",w=46,h=20,type="rounded",arc diameter=20,legend=Count,font="Helvetica",size=10,font color="black",style="b")
text(name="Unack_7",label="UnAck",x=2,y=387,action="Open URL",url="",target="_self",entity="",datasource="NCOMS",flash="true",font="Helvetica",size=12,justify="center",style="b",color="white")
text(name="Total_4",label="Total",x=4,y=411,action="Open URL",url="",target="_self",entity="",datasource="NCOMS",flash="true",font="Helvetica",size=12,justify="center",style="b",color="white")
button(name="visual_52",label="untitled",x=41,y=373,action="Active Event List (AEL)",url="",target="main",entity="GEM_IB_AS_SCHEDULING_MANUALTASKS_Unack",datasource="NCOMS",flash="true",w=36,h=18,type="rounded",arc diameter=20,legend=Count,font="Helvetica",size=10,font color="black",style="p")
button(name="ISC_UNIX_20",label="untitled",x=169,y=635,action="Active Event List (AEL)",url="",target="main",entity="gdmp_eng_app",datasource="NCOMS",flash="true",w=30,h=18,type="rectangle",arc diameter=20,legend=Count,font="Helvetica",size=10,font color="black",style="p")
text(name="Wintel_5",label="All Severity",x=42,y=36,action="Open URL",url="",target="_self",entity="",datasource="NCOMS",flash="true",font="Helvetica",size=12,justify="center",style="",color="white")
button(name="visual_53",label="untitled",x=102,y=43,action="Active Event List (AEL)",url="",target="main",entity="GEM_L0_Total",datasource="NCOMS",flash="true",w=49,h=24,type="rectangle",arc diameter=20,legend=Count,font="Helvetica",size=10,font color="black",style="p")
button(name="visual_87",label="untitled",x=128,y=322,action="Active Event List (AEL)",url="",target="main",entity="GEM_IB_Wintel_L1_P123_Esc",datasource="NCOMS",flash="true",w=35,h=16,type="rounded",arc diameter=20,legend=Count,font="Helvetica",size=10,font color="black",style="p")
button(name="visual_59",label="untitled",x=56,y=322,action="Active Event List (AEL)",url="",target="main",entity="GEM_IB_Unix_L1_P123_Esc",datasource="NCOMS",flash="true",w=36,h=16,type="rounded",arc diameter=20,legend=Count,font="Helvetica",size=10,font color="black",style="p")
text(name="Total_3",label="Esc",x=4,y=334,action="Open URL",url="",target="_self",entity="",datasource="NCOMS",flash="true",font="Helvetica",size=12,justify="center",style="b",color="white")
button(name="visual_58",label="untitled",x=38,y=226,action="Active Event List (AEL)",url="",target="main",entity="GEM_IB_Esc_Unix",datasource="NCOMS",flash="true",w=25,h=16,type="rounded",arc diameter=20,legend=Count,font="Helvetica",size=10,font color="black",style="p")
button(name="visual_57",label="untitled",x=69,y=226,action="Active Event List (AEL)",url="",target="main",entity="GEM_IB_Esc_Wintel",datasource="NCOMS",flash="true",w=25,h=16,type="rounded",arc diameter=20,legend=Count,font="Helvetica",size=10,font color="black",style="p")
button(name="visual_56",label="untitled",x=99,y=226,action="Active Event List (AEL)",url="",target="main",entity="GEM_IB_Esc_Dbs",datasource="NCOMS",flash="true",w=25,h=16,type="rounded",arc diameter=20,legend=Count,font="Helvetica",size=10,font color="black",style="p")
button(name="visual_55",label="untitled",x=134,y=226,action="Active Event List (AEL)",url="",target="main",entity="GEM_IB_Esc_Storage",datasource="NCOMS",flash="true",w=25,h=16,type="rounded",arc diameter=20,legend=Count,font="Helvetica",size=10,font color="black",style="p")
button(name="visual_54",label="untitled",x=164,y=226,action="Active Event List (AEL)",url="",target="main",entity="GEM_IB_Esc_Nbr",datasource="NCOMS",flash="true",w=25,h=16,type="rounded",arc diameter=20,legend=Count,font="Helvetica",size=10,font color="black",style="p")
text(name="Total_2",label="Esc",x=3,y=238,action="Open URL",url="",target="_self",entity="",datasource="NCOMS",flash="true",font="Helvetica",size=12,justify="center",style="b",color="white")
button(name="visual_33",label="untitled",x=194,y=226,action="Active Event List (AEL)",url="",target="main",entity="GEM_IB_Esc_Esm",datasource="NCOMS",flash="true",w=25,h=16,type="rounded",arc diameter=20,legend=Count,font="Helvetica",size=10,font color="black",style="p")
line(name="visual_84",label="untitled",x=2,y=246,color="#cccccc",thickness=3,x2=250,y2=246)
text(name="visual_23",label="DBS",x=205,y=263,action="Open URL",url="",target="_self",entity="",datasource="NCOMS",flash="true",font="Helvetica",size=12,justify="left",style="b",color="white")
text(name="Unack_6",label="GEM IB - Other Unack",x=3,y=137,action="Open URL",url="",target="_self",entity="",datasource="NCOMS",flash="true",font="Helvetica",size=11,justify="center",style="b",color="white")
button(name="visual_22",label="untitled",x=119,y=121,action="Active Event List (AEL)",url="",target="main",entity="GEM_L1_Test",datasource="NCOMS",flash="true",w=44,h=22,type="ellipse",arc diameter=20,legend=Count,font="Helvetica",size=10,font color="black",style="p")
button(name="ISC_Wintel_6",label="untitled",x=123,y=277,action="Active Event List (AEL)",url="",target="main",entity="GEM_IB_Wintel_L1_P123_Unack",datasource="NCOMS",flash="true",w=43,h=19,type="rectangle",arc diameter=20,legend=Count,font="Helvetica",size=10,font color="black",style="p")
text(name="visual_19",label="Wintel",x=126,y=263,action="Open URL",url="",target="_self",entity="",datasource="NCOMS",flash="true",font="Helvetica",size=12,justify="left",style="b",color="white")
text(name="All Events_5",label="IB L1",x=3,y=102,action="Open URL",url="",target="_self",entity="",datasource="NCOMS",flash="true",font="Helvetica",size=14,justify="center",style="b",color="white")
button(name="ISC_UNIX_26",label="untitled",x=151,y=442,action="Active Event List (AEL)",url="",target="main",entity="AS_UAT_Jobs_ALL",datasource="NCOMS",flash="true",w=30,h=18,type="rectangle",arc diameter=20,legend=Count,font="Helvetica",size=10,font color="black",style="p")
button(name="ISC_UNIX_21",label="untitled",x=210,y=635,action="Active Event List (AEL)",url="",target="main",entity="APP_GSD_LC_RARUS_PROD",datasource="NCOMS",flash="true",w=30,h=18,type="rectangle",arc diameter=20,legend=Count,font="Helvetica",size=10,font color="black",style="p")
button(name="ISC_UNIX_19",label="untitled",x=127,y=635,action="Active Event List (AEL)",url="",target="main",entity="gdmp_apac_hub",datasource="NCOMS",flash="true",w=30,h=18,type="rectangle",arc diameter=20,legend=Count,font="Helvetica",size=10,font color="black",style="p")
button(name="ISC_UNIX_18",label="untitled",x=86,y=635,action="Active Event List (AEL)",url="",target="main",entity="gdmp_emea_hub",datasource="NCOMS",flash="true",w=30,h=18,type="rectangle",arc diameter=20,legend=Count,font="Helvetica",size=10,font color="black",style="p")
button(name="ISC_UNIX_16",label="untitled",x=44,y=635,action="Active Event List (AEL)",url="",target="main",entity="gdmp_us_hub",datasource="NCOMS",flash="true",w=30,h=18,type="rectangle",arc diameter=20,legend=Count,font="Helvetica",size=10,font color="black",style="p")
text(name="visual_82",label="App",x=10,y=646,action="Open URL",url="",target="_self",entity="",datasource="NCOMS",flash="true",font="Helvetica",size=12,justify="center",style="b",color="white")
text(name="visual_81",label="RAR",x=213,y=630,action="Open URL",url="",target="_self",entity="",datasource="NCOMS",flash="true",font="Helvetica",size=12,justify="center",style="b",color="white")
text(name="visual_80",label="Engg",x=172,y=629,action="Open URL",url="",target="_self",entity="",datasource="NCOMS",flash="true",font="Helvetica",size=12,justify="center",style="b",color="white")
text(name="visual_79",label="APAC",x=127,y=631,action="Open URL",url="",target="_self",entity="",datasource="NCOMS",flash="true",font="Helvetica",size=12,justify="center",style="b",color="white")
text(name="visual_78",label="EMEA",x=86,y=631,action="Open URL",url="",target="_self",entity="",datasource="NCOMS",flash="true",font="Helvetica",size=12,justify="center",style="b",color="white")
text(name="visual_77",label="US",x=53,y=631,action="Open URL",url="",target="_self",entity="",datasource="NCOMS",flash="true",font="Helvetica",size=12,justify="center",style="b",color="white")
line(name="visual_76",label="untitled",x=0,y=615,color="#cccccc",thickness=2,x2=248,y2=615)
button(name="visual_74",label="untitled",x=183,y=591,action="Active Event List (AEL)",url="",target="main",entity="gdmp_app",datasource="NCOMS",flash="true",w=36,h=18,type="rounded",arc diameter=20,legend=Count,font="Helvetica",size=10,font color="black",style="p")
button(name="visual_73",label="untitled",x=109,y=591,action="Active Event List (AEL)",url="",target="main",entity="gdmp_app_esc",datasource="NCOMS",flash="true",w=36,h=18,type="rounded",arc diameter=20,legend=Count,font="Helvetica",size=10,font color="black",style="p")
button(name="visual_72",label="untitled",x=34,y=591,action="Active Event List (AEL)",url="",target="main",entity="APP_GSD_LC_RARUS_PROD_EV",datasource="NCOMS",flash="true",w=36,h=18,type="rounded",arc diameter=20,legend=Count,font="Helvetica",size=10,font color="black",style="p")
text(name="visual_70",label="ALL",x=191,y=589,action="Open URL",url="",target="_self",entity="",datasource="NCOMS",flash="true",font="Helvetica",size=11,justify="center",style="b",color="white")
text(name="visual_69",label="GEV",x=117,y=589,action="Open URL",url="",target="_self",entity="",datasource="NCOMS",flash="true",font="Helvetica",size=11,justify="center",style="b",color="white")
text(name="visual_68",label="REV",x=42,y=589,action="Open URL",url="",target="_self",entity="",datasource="NCOMS",flash="true",font="Helvetica",size=11,justify="center",style="b",color="white")
text(name="visual_67",label="GDMP App Archiving",x=48,y=575,action="Open URL",url="",target="_self",entity="",datasource="NCOMS",flash="true",font="Helvetica",size=16,justify="left",style="b",color="white")
line(name="visual_66",label="untitled",x=2,y=555,color="#cccccc",thickness=4,x2=248,y2=555)
text(name="visual_65",label="EMAIL",x=155,y=525,action="Open URL",url="",target="_self",entity="",datasource="NCOMS",flash="true",font="Helvetica",size=11,justify="center",style="b",color="white")
text(name="visual_64",label="BB",x=124,y=525,action="Open URL",url="",target="_self",entity="",datasource="NCOMS",flash="true",font="Helvetica",size=11,justify="center",style="b",color="white")
text(name="visual_63",label="VMS",x=79,y=526,action="Open URL",url="",target="_self",entity="",datasource="NCOMS",flash="true",font="Helvetica",size=11,justify="center",style="b",color="white")
text(name="visual_62",label="AIB",x=44,y=526,action="Open URL",url="",target="_self",entity="",datasource="NCOMS",flash="true",font="Helvetica",size=11,justify="center",style="b",color="white")
button(name="ISC_Wintel_5",label="untitled",x=155,y=530,action="Active Event List (AEL)",url="",target="main",entity="AS_CS_MT",datasource="NCOMS",flash="true",w=30,h=18,type="rectangle",arc diameter=20,legend=Count,font="Helvetica",size=10,font color="black",style="p")
button(name="ISC_Wintel_4",label="untitled",x=116,y=530,action="Active Event List (AEL)",url="",target="main",entity="GEM_IB_AS_BB_Original",datasource="NCOMS",flash="true",w=30,h=18,type="rectangle",arc diameter=20,legend=Count,font="Helvetica",size=10,font color="black",style="p")
button(name="ISC_Wintel_3",label="untitled",x=77,y=530,action="Active Event List (AEL)",url="",target="main",entity="AS_VMS_MT",datasource="NCOMS",flash="true",w=30,h=18,type="rectangle",arc diameter=20,legend=Count,font="Helvetica",size=10,font color="black",style="p")
button(name="ISC_Wintel_2",label="untitled",x=38,y=530,action="Active Event List (AEL)",url="",target="main",entity="AS_AIB_MT",datasource="NCOMS",flash="true",w=30,h=18,type="rectangle",arc diameter=20,legend=Count,font="Helvetica",size=10,font color="black",style="p")
text(name="visual_61",label="MT",x=8,y=545,action="Open URL",url="",target="_self",entity="",datasource="NCOMS",flash="true",font="Helvetica",size=11,justify="center",style="b",color="white")
line(name="visual_60",label="untitled",x=0,y=511,color="#cccccc",thickness=2,x2=251,y2=511)
button(name="visual_51",label="untitled",x=44,y=486,action="Active Event List (AEL)",url="",target="main",entity="AS_PSM_EV_Jobs",datasource="NCOMS",flash="true",w=26,h=16,type="rounded",arc diameter=20,legend=Count,font="Helvetica",size=10,font color="black",style="p")
button(name="visual_50c",label="untitled",x=80,y=486,action="Active Event List (AEL)",url="",target="main",entity="AS_PLN_EV_Jobs",datasource="NCOMS",flash="true",w=26,h=16,type="rounded",arc diameter=20,legend=Count,font="Helvetica",size=10,font color="black",style="p")
button(name="visual_49",label="untitled",x=116,y=486,action="Active Event List (AEL)",url="",target="main",entity="AS_PSG_EV_Jobs",datasource="NCOMS",flash="true",w=26,h=16,type="rounded",arc diameter=20,legend=Count,font="Helvetica",size=10,font color="black",style="p")
button(name="visual_48",label="untitled",x=152,y=486,action="Active Event List (AEL)",url="",target="main",entity="AS_UAT_EV_Jobs",datasource="NCOMS",flash="true",w=27,h=16,type="rounded",arc diameter=20,legend=Count,font="Helvetica",size=10,font color="black",style="p")
button(name="visual_47",label="untitled",x=42,y=465,action="Active Event List (AEL)",url="",target="main",entity="AS_PSM_EA_Jobs",datasource="NCOMS",flash="true",w=30,h=18,type="rectangle",arc diameter=20,legend=Count,font="Helvetica",size=10,font color="black",style="p")
button(name="visual_46",label="untitled",x=79,y=465,action="Active Event List (AEL)",url="",target="main",entity="AS_PLN_EA_Jobs",datasource="NCOMS",flash="true",w=30,h=18,type="rectangle",arc diameter=20,legend=Count,font="Helvetica",size=10,font color="black",style="p")
button(name="visual_45",label="untitled",x=115,y=465,action="Active Event List (AEL)",url="",target="main",entity="AS_PSG_EA_Jobs",datasource="NCOMS",flash="true",w=30,h=18,type="rectangle",arc diameter=20,legend=Count,font="Helvetica",size=10,font color="black",style="p")
button(name="visual_44",label="untitled",x=151,y=465,action="Active Event List (AEL)",url="",target="main",entity="AS_UAT_EA_Jobs",datasource="NCOMS",flash="true",w=30,h=18,type="rectangle",arc diameter=20,legend=Count,font="Helvetica",size=10,font color="black",style="p")
button(name="visual_43",label="untitled",x=42,y=442,action="Active Event List (AEL)",url="",target="main",entity="AS_PSM_Jobs_ALL",datasource="NCOMS",flash="true",w=30,h=18,type="rectangle",arc diameter=20,legend=Count,font="Helvetica",size=10,font color="black",style="p")
button(name="visual_42",label="untitled",x=79,y=442,action="Active Event List (AEL)",url="",target="main",entity="AS_PLN_Jobs_ALL",datasource="NCOMS",flash="true",w=30,h=18,type="rectangle",arc diameter=20,legend=Count,font="Helvetica",size=10,font color="black",style="p")
button(name="visual_41",label="untitled",x=115,y=442,action="Active Event List (AEL)",url="",target="main",entity="AS_PSG_Jobs_ALL",datasource="NCOMS",flash="true",w=30,h=18,type="rectangle",arc diameter=20,legend=Count,font="Helvetica",size=10,font color="black",style="p")
text(name="visual_39",label="PSM",x=43,y=435,action="Open URL",url="",target="_self",entity="",datasource="NCOMS",flash="true",font="Helvetica",size=11,justify="center",style="b",color="white")
text(name="visual_38",label="PLN",x=83,y=435,action="Open URL",url="",target="_self",entity="",datasource="NCOMS",flash="true",font="Helvetica",size=11,justify="center",style="b",color="white")
text(name="visual_37",label="PSG",x=120,y=435,action="Open URL",url="",target="_self",entity="",datasource="NCOMS",flash="true",font="Helvetica",size=11,justify="center",style="b",color="white")
text(name="visual_36",label="UAT",x=156,y=436,action="Open URL",url="",target="_self",entity="",datasource="NCOMS",flash="true",font="Helvetica",size=11,justify="center",style="b",color="white")
text(name="visual_35",label="Esc",x=14,y=499,action="Open URL",url="",target="_self",entity="",datasource="NCOMS",flash="true",font="Helvetica",size=12,justify="center",style="b",color="white")
text(name="visual_32",label="EA",x=15,y=478,action="Open URL",url="",target="_self",entity="",datasource="NCOMS",flash="true",font="Helvetica",size=11,justify="center",style="b",color="white")
text(name="visual_31",label="ALL",x=13,y=455,action="Open URL",url="",target="_self",entity="",datasource="NCOMS",flash="true",font="Helvetica",size=11,justify="center",style="b",color="white")
line(name="visual_30",label="untitled",x=3,y=421,color="#cccccc",thickness=2,x2=246,y2=421)
text(name="visual_29",label="ISG",x=95,y=410,action="Open URL",url="",target="_self",entity="",datasource="NCOMS",flash="true",font="Helvetica",size=11,justify="center",style="b",color="white")
text(name="visual_28",label="All Esc",x=85,y=388,action="Open URL",url="",target="_self",entity="",datasource="NCOMS",flash="true",font="Helvetica",size=11,justify="center",style="b",color="white")
text(name="visual_27",label="AAL",x=177,y=414,action="Open URL",url="",target="_self",entity="",datasource="NCOMS",flash="true",font="Helvetica",size=11,justify="center",style="b",color="white")
button(name="visual_26",label="untitled",x=123,y=396,action="Active Event List (AEL)",url="",target="main",entity="AS_Infra_ALL",datasource="NCOMS",flash="true",w=36,h=18,type="rounded",arc diameter=20,legend=Count,font="Helvetica",size=10,font color="black",style="p")
button(name="visual_25",label="untitled",x=123,y=374,action="Active Event List (AEL)",url="",target="main",entity="GEM_IB_AS_ALL_Esc_Jobs",datasource="NCOMS",flash="true",w=36,h=18,type="rounded",arc diameter=20,legend=Count,font="Helvetica",size=10,font color="black",style="p")
button(name="visual_24",label="untitled",x=202,y=398,action="Active Event List (AEL)",url="",target="main",entity="AS_Jobs_ALL",datasource="NCOMS",flash="true",w=46,h=20,type="rounded",arc diameter=20,legend=Count,font="Helvetica",size=10,font color="black",style="p")
button(name="visual_13",label="untitled",x=42,y=395,action="Active Event List (AEL)",url="",target="main",entity="AS_SCHEDULING_MANUALTASKS",datasource="NCOMS",flash="true",w=36,h=18,type="rounded",arc diameter=20,legend=Count,font="Helvetica",size=10,font color="black",style="p")
text(name="visual_8",label="AMT",x=48,y=366,action="Open URL",url="",target="_self",entity="",datasource="NCOMS",flash="true",font="Helvetica",size=11,justify="center",style="b",color="white")
text(name="visual_12",label="AUTOSYS",x=86,y=361,action="Open URL",url="",target="_self",entity="",datasource="NCOMS",flash="true",font="Helvetica",size=16,justify="left",style="b",color="white")
line(name="visual_21",label="untitled",x=0,y=171,color="#cccccc",thickness=2,x2=260,y2=171)
text(name="Total_1",label="Total",x=2,y=314,action="Open URL",url="",target="_self",entity="",datasource="NCOMS",flash="true",font="Helvetica",size=12,justify="center",style="b",color="white")
button(name="visual_3",label="untitled",x=323,y=583,action="Open URL",url="",target="_self",w=50,h=25,color="gray",type="rounded",arc diameter=20,transparent=false,legend=None,font="Helvetica",size=10,font color="black")
text(name="Unack_5",label="UnAck",x=0,y=293,action="Open URL",url="",target="_self",entity="",datasource="NCOMS",flash="true",font="Helvetica",size=12,justify="center",style="b",color="white")
text(name="All Events_3",label="IB DO",x=4,y=62,action="Open URL",url="",target="_self",entity="",datasource="NCOMS",flash="true",font="Helvetica",size=14,justify="center",style="b",color="white")
text(name="ESM_1",label="ESM",x=198,y=169,action="Open URL",url="",target="_self",entity="",datasource="NCOMS",flash="true",font="Helvetica",size=11,justify="center",style="p",color="white")
text(name="NetBackup_1",label="NBR",x=169,y=169,action="Open URL",url="",target="_self",entity="",datasource="NCOMS",flash="true",font="Helvetica",size=11,justify="center",style="p",color="white")
text(name="DB Services_1",label="DBS",x=103,y=169,action="Open URL",url="",target="_self",entity="",datasource="NCOMS",flash="true",font="Helvetica",size=11,justify="center",style="p",color="white")
text(name="Storage_1",label="Storage",x=128,y=169,action="Open URL",url="",target="_self",entity="",datasource="NCOMS",flash="true",font="Helvetica",size=11,justify="center",style="p",color="white")
text(name="Wintel_1",label="Wintel",x=69,y=169,action="Open URL",url="",target="_self",entity="",datasource="NCOMS",flash="true",font="Helvetica",size=11,justify="center",style="",color="white")
text(name="UNIX_1",label="Unix",x=41,y=169,action="Open URL",url="",target="_self",entity="",datasource="NCOMS",flash="true",font="Helvetica",size=11,justify="center",style="",color="white")
button(name="visual_7",label="untitled",x=370,y=421,action="Open URL",url="",target="_self",entity="",datasource="NCOMS",flash="true",w=50,h=25,type="rectangle",arc diameter=20,legend=None,font="Helvetica",size=10,font color="black",style="p")
button(name="visual_6",label="untitled",x=334,y=302,action="Open URL",url="",target="_self",w=50,h=25,color="gray",type="rectangle",arc diameter=20,transparent=false,legend=None,font="Helvetica",size=10,font color="black")
line(name="visual_20",label="untitled",x=0,y=341,color="#cccccc",thickness=4,x2=257,y2=341)
line(name="visual_17",label="untitled",x=2,y=17,color="#cccccc",thickness=4,x2=251,y2=17)
button(name="visual_1",label="untitled",x=321,y=612,action="Open URL",url="",target="_self",entity="",datasource="NCOMS",flash="true",w=50,h=25,type="rectangle",arc diameter=20,legend=None,font="Helvetica",size=10,font color="black",style="p")
text(name="Unack_4",label="UnAck",x=0,y=191,action="Open URL",url="",target="_self",entity="",datasource="NCOMS",flash="true",font="Helvetica",size=12,justify="center",style="b",color="white")
button(name="ISC_UNIX_14",label="untitled",x=51,y=300,action="Active Event List (AEL)",url="",target="main",entity="GEM_IB_Unix_L1_P123_Total",datasource="NCOMS",flash="true",w=45,h=18,type="rectangle",arc diameter=20,legend=Count,font="Helvetica",size=10,font color="black",style="p")
button(name="ISC_UNIX_12",label="untitled",x=52,y=277,action="Active Event List (AEL)",url="",target="main",entity="GEM_IB_Unix_L1_P123_Unack",datasource="NCOMS",flash="true",w=43,h=18,type="rectangle",arc diameter=20,legend=Count,font="Helvetica",size=10,font color="black",style="p")
text(name="Total Unack Events_1",label="Total Unack Events",x=0,y=0,action="Open URL",url="",target="_self",entity="",datasource="NCOMS",flash="true",font="Helvetica",size=12,justify="center",style="p",color="white")
text(name="All Events_1",label="All Events",x=0,y=0,action="Open URL",url="",target="_self",entity="",datasource="NCOMS",flash="true",font="Helvetica",size=12,justify="center",style="p",color="white")
text(name="visual_11",label="Unix",x=61,y=263,action="Open URL",url="",target="_self",entity="",datasource="NCOMS",flash="true",font="Helvetica",size=12,justify="left",style="b",color="white")
line(name="visual_10",label="untitled",x=221,y=463,color="black",thickness=1,x2=220,y2=463)
line(name="visual_9",label="untitled",x=235,y=467,color="#cccccc",thickness=1,x2=235,y2=467)
button(name="ISC_DBServices_2",label="untitled",x=165,y=203,action="Active Event List (AEL)",url="",target="main",entity="ISC_Netbackup",datasource="NCOMS",flash="true",w=25,h=18,type="rectangle",arc diameter=20,legend=Count,font="Helvetica",size=10,font color="black",style="p")
button(name="ISC_UNIX_9",label="untitled",x=165,y=178,action="Active Event List (AEL)",url="",target="main",entity="ISC_Netbackup_Unack",datasource="NCOMS",flash="true",w=25,h=18,type="rectangle",arc diameter=20,legend=Count,font="Helvetica",size=10,font color="black",style="p")
button(name="ISC_DBServices_1",label="untitled",x=195,y=203,action="Active Event List (AEL)",url="",target="main",entity="ISC_ESM",datasource="NCOMS",flash="true",w=25,h=18,type="rectangle",arc diameter=20,legend=Count,font="Helvetica",size=10,font color="black",style="p")
button(name="ISC_ESM",label="untitled",x=195,y=178,action="Active Event List (AEL)",url="",target="main",entity="ISC_ESM_Unack",datasource="NCOMS",flash="true",w=25,h=18,type="rectangle",arc diameter=20,legend=Count,font="Helvetica",size=10,font color="black",style="p")
line(name="visual_5",label="untitled",x=0,y=156,color="#cccccc",thickness=2,x2=259,y2=156)
button(name="visual_4",label="untitled",x=179,y=43,action="Active Event List (AEL)",url="",target="main",entity="ISC_Unack",datasource="NCOMS",flash="true",w=68,h=26,type="rectangle",arc diameter=20,legend=Count,font="Helvetica",size=10,font color="black",style="p")
button(name="visual_2",label="untitled",x=52,y=42,action="Active Event List (AEL)",url="",target="main",entity="ISC_All",datasource="NCOMS",flash="true",w=37,h=25,type="rectangle",arc diameter=20,legend=Count,font="Helvetica",size=10,font color="black",style="p")
text(name="Total",label="Total",x=2,y=217,action="Open URL",url="",target="_self",entity="",datasource="NCOMS",flash="true",font="Helvetica",size=12,justify="center",style="b",color="white")
button(name="ISC_UNIX_7",label="untitled",x=101,y=178,action="Active Event List (AEL)",url="",target="main",entity="ISC_DBServices_Unack",datasource="NCOMS",flash="true",w=25,h=18,type="rectangle",arc diameter=20,legend=Count,font="Helvetica",size=10,font color="black",style="p")
button(name="ISC_UNIX_5",label="untitled",x=133,y=178,action="Active Event List (AEL)",url="",target="main",entity="ISC_Storage_Unack",datasource="NCOMS",flash="true",w=25,h=18,type="rectangle",arc diameter=20,legend=Count,font="Helvetica",size=10,font color="black",style="p")
button(name="ISC_UNIX_3",label="untitled",x=70,y=178,action="Active Event List (AEL)",url="",target="main",entity="ISC_Wintel_Unack",datasource="NCOMS",flash="true",w=25,h=18,type="rectangle",arc diameter=20,legend=Count,font="Helvetica",size=10,font color="black",style="p")
button(name="ISC_UNIX_1",label="untitled",x=39,y=178,action="Active Event List (AEL)",url="",target="main",entity="ISC_UNIX_Unack",datasource="NCOMS",flash="true",w=25,h=18,type="rectangle",arc diameter=20,legend=Count,font="Helvetica",size=10,font color="black",style="p")
button(name="ISC_Storage",label="untitled",x=133,y=203,action="Active Event List (AEL)",url="",target="main",entity="ISC_Storage",datasource="NCOMS",flash="true",w=25,h=18,type="rectangle",arc diameter=20,legend=Count,font="Helvetica",size=10,font color="black",style="p")
button(name="ISC_DBServices",label="untitled",x=101,y=203,action="Active Event List (AEL)",url="",target="main",entity="ISC_DBServices",datasource="NCOMS",flash="true",w=25,h=18,type="rectangle",arc diameter=20,legend=Count,font="Helvetica",size=10,font color="black",style="p")
button(name="ISC_Wintel",label="untitled",x=70,y=203,action="Active Event List (AEL)",url="",target="main",entity="ISC_Wintel",datasource="NCOMS",flash="true",w=25,h=18,type="rectangle",arc diameter=20,legend=Count,font="Helvetica",size=10,font color="black",style="p")
button(name="ISC_UNIX",label="untitled",x=39,y=203,action="Active Event List (AEL)",url="",target="main",entity="ISC_UNIX",datasource="NCOMS",flash="true",w=25,h=18,type="rectangle",arc diameter=20,legend=Count,font="Helvetica",size=10,font color="black",style="p")
text(name="Total Unack Events",label="All Unack Events",x=164,y=36,action="Open URL",url="",target="_self",entity="",datasource="NCOMS",flash="true",font="Helvetica",size=12,justify="center",style="p",color="white")
text(name="All Events",label="Total",x=113,y=36,action="Open URL",url="",target="_self",entity="",datasource="NCOMS",flash="true",font="Helvetica",size=12,justify="center",style="p",color="white")
text(name="ISC",label="GEM IB Monitoring View",x=42,y=15,action="Open URL",url="",target="_self",entity="",datasource="NCOMS",flash="true",font="Helvetica",size=16,justify="center",style="b",color="white")
