map(name="GSD_EQ_HFS_Batch_Exc_DMS",bgImage="Level2-Excalibur-DMS.gif",bgColor="white",w="579",h="490",acl="*")
text(datasource="NCOMS",action="Open URL",flash="true",target="_self",entity="",justify="center",font="Helvetica",color="black",label="INIT",y="312",style="b",url="",size="12",name="visual_22",x="333")
button(legend="None",arc diameter="20",type="rectangle",url="",datasource="NCOMS",label="untitled",font color="black",y="284",x="308",w="66",entity="HFS_Batch_DMS_INIT",font="Helvetica",size="10",flash="true",action="Active Event List (AEL)",h="48",style="p",target="_self",name="visual_17")
text(datasource="NCOMS",action="Open URL",flash="true",target="_self",entity="",justify="center",font="Helvetica",color="black",label="QG",y="208",style="b",url="",size="12",name="visual_21",x="519")
button(legend="None",arc diameter="20",type="rectangle",url="",datasource="NCOMS",label="untitled",font color="black",y="179",x="495",w="61",entity="HFS_Batch_DMS_QG",font="Helvetica",size="10",flash="true",action="Active Event List (AEL)",h="48",style="p",target="_self",name="visual_19")
text(datasource="NCOMS",action="Open URL",flash="true",target="_self",entity="",justify="center",font="Helvetica",color="black",label="INTL",y="206",style="b",url="",size="12",name="visual_18",x="443")
text(datasource="NCOMS",action="Open URL",flash="true",target="_self",entity="",justify="center",font="Helvetica",color="black",label="DOM",y="207",style="b",url="",size="12",name="visual_16",x="368")
button(legend="None",arc diameter="20",type="rectangle",url="",datasource="NCOMS",label="untitled",font color="black",y="180",x="350",w="61",entity="HFS_Batch_DMS_Dom",font="Helvetica",size="10",flash="true",action="Active Event List (AEL)",h="48",style="p",target="_self",name="visual_15")
text(datasource="NCOMS",action="Open URL",flash="true",target="_self",entity="",justify="center",font="Helvetica",color="black",label="ASIA",y="206",style="b",url="",size="12",name="visual_14",x="293")
button(legend="None",arc diameter="20",type="rectangle",url="",datasource="NCOMS",label="untitled",font color="black",y="179",x="277",w="61",entity="HFS_Batch_DMS_Asia",font="Helvetica",size="10",flash="true",action="Active Event List (AEL)",h="48",style="p",target="_self",name="visual_13")
text(datasource="NCOMS",action="Open URL",flash="true",target="_self",entity="",justify="center",font="Helvetica",color="black",label="AUS",y="205",style="b",url="",size="12",name="visual_12",x="225")
button(legend="None",arc diameter="20",type="rectangle",url="",datasource="NCOMS",label="untitled",font color="black",y="178",x="205",w="61",entity="HFS_Batch_DMS_Aus",font="Helvetica",size="10",flash="true",action="Active Event List (AEL)",h="48",style="p",target="_self",name="visual_11")
text(datasource="NCOMS",action="Open URL",flash="true",target="_self",entity="",justify="center",font="Helvetica",color="black",label="ABN",y="208",style="b",url="",size="12",name="visual_10",x="151")
button(legend="None",arc diameter="20",type="rectangle",url="",datasource="NCOMS",label="untitled",font color="black",y="179",x="132",w="61",entity="HFS_Batch_DMS_ABN",font="Helvetica",size="10",flash="true",action="Active Event List (AEL)",h="48",style="p",target="_self",name="visual_9")
text(datasource="NCOMS",action="Open URL",flash="true",target="_self",entity="",justify="center",font="Helvetica",color="black",label="Trades",y="216",style="b",url="",size="12",name="visual_8",x="68")
text(datasource="NCOMS",action="Open URL",flash="true",target="_self",entity="",justify="center",font="Helvetica",color="black",label="Late",y="202",style="b",url="",size="12",name="visual_7",x="76")
button(legend="None",arc diameter="20",type="rectangle",url="",datasource="NCOMS",label="untitled",font color="black",y="179",x="57",w="61",entity="HFS_Batch_DMS_LT",font="Helvetica",size="10",flash="true",action="Active Event List (AEL)",h="48",style="p",target="_self",name="visual_6")
text(datasource="NCOMS",action="Open URL",flash="true",target="_self",entity="",justify="center",font="Helvetica",color="black",label="DMS",y="68",style="b",url="",size="12",name="visual_5",x="294")
button(legend="None",arc diameter="20",type="rectangle",url="",datasource="NCOMS",label="untitled",font color="black",y="44",x="174",w="267",entity="HFS_DMS_All",font="Helvetica",size="10",flash="true",action="Active Event List (AEL)",h="41",style="p",target="_self",name="visual_4")
text(datasource="NCOMS",action="Open URL",flash="true",target="_self",entity="",justify="center",font="Helvetica",color="#003366",label="Home > ",y="18",style="b",url="$(SERVER)/applications/GSD_EQ_HFS/main.html?GSD_EQ_HFS_Main",size="16",name="visual_3",x="3")
text(datasource="NCOMS",action="Open URL",flash="true",target="_self",entity="",justify="center",font="Helvetica",color="#003366",label="Excalibur >",y="18",style="b",url="$(SERVER)/applications/GSD_EQ_HFS/main.html?GSD_EQ_HFS_Batch_Exc",size="16",name="visual_2",x="64")
text(datasource="NCOMS",action="Open URL",flash="true",target="_self",entity="",justify="center",font="Helvetica",color="#668cb0",label="DMS",y="18",style="b",url="",size="16",name="visual_1",x="150")
button(legend="None",arc diameter="20",type="rectangle",url="",datasource="NCOMS",label="untitled",font color="black",y="180",x="422",w="61",entity="HFS_Batch_DMS_Intl",font="Helvetica",size="10",flash="true",action="Active Event List (AEL)",h="48",style="p",target="_self",name="visual_20")
