map(name="GSD_EQ_HFS_Batch_Exc_Rates",bgImage="Level2-Excalibur-Rates.gif",bgColor="white",w="579",h="490",acl="*")
text(datasource="NCOMS",action="Open URL",flash="true",target="_self",entity="",justify="center",font="Helvetica",color="black",label="Wisdom",y="208",style="b",url="",size="12",name="visual_20",x="448")
button(legend="None",arc diameter="20",type="rectangle",url="",datasource="NCOMS",label="untitled",font color="black",y="181",x="440",w="62",entity="HFS_Batch_Rates_Wisdom",font="Helvetica",size="10",flash="true",action="Active Event List (AEL)",h="47",style="p",target="_self",name="visual_19")
text(datasource="NCOMS",action="Open URL",flash="true",target="_self",entity="",justify="center",font="Helvetica",color="black",label="Reef",y="210",style="b",url="",size="12",name="visual_18",x="386")
button(legend="None",arc diameter="20",type="rectangle",url="",datasource="NCOMS",label="untitled",font color="black",y="181",x="367",w="62",entity="HFS_Batch_Rates_Reef",font="Helvetica",size="10",flash="true",action="Active Event List (AEL)",h="47",style="p",target="_self",name="visual_17")
text(datasource="NCOMS",action="Open URL",flash="true",target="_self",entity="",justify="center",font="Helvetica",color="black",label="Borrow",y="220",style="b",url="",size="12",name="visual_16",x="308")
text(datasource="NCOMS",action="Open URL",flash="true",target="_self",entity="",justify="center",font="Helvetica",color="black",label="to",y="209",style="b",url="",size="12",name="visual_15",x="322")
text(datasource="NCOMS",action="Open URL",flash="true",target="_self",entity="",justify="center",font="Helvetica",color="black",label="Hard",y="196",style="b",url="",size="12",name="visual_14",x="314")
button(legend="None",arc diameter="20",type="rectangle",url="",datasource="NCOMS",label="untitled",font color="black",y="181",x="297",w="62",entity="HFS_Batch_Rates_HtB",font="Helvetica",size="10",flash="true",action="Active Event List (AEL)",h="47",style="p",target="_self",name="visual_13")
text(datasource="NCOMS",action="Open URL",flash="true",target="_self",entity="",justify="center",font="Helvetica",color="black",label="FX",y="209",style="b",url="",size="12",name="visual_12",x="248")
text(datasource="NCOMS",action="Open URL",flash="true",target="_self",entity="",justify="center",font="Helvetica",color="black",label="FED",y="209",style="b",url="",size="12",name="visual_11",x="173")
button(legend="None",arc diameter="20",type="rectangle",url="",datasource="NCOMS",label="untitled",font color="black",y="180",x="223",w="62",entity="HFS_Batch_Rates_FX",font="Helvetica",size="10",flash="true",action="Active Event List (AEL)",h="47",style="p",target="_self",name="visual_10")
button(legend="None",arc diameter="20",type="rectangle",url="",datasource="NCOMS",label="untitled",font color="black",y="180",x="151",w="62",entity="HFS_Batch_Rates_FED",font="Helvetica",size="10",flash="true",action="Active Event List (AEL)",h="47",style="p",target="_self",name="visual_8")
text(datasource="NCOMS",action="Open URL",flash="true",target="_self",entity="",justify="center",font="Helvetica",color="black",label="Bloomberg",y="207",style="b",url="",size="12",name="visual_7",x="81")
button(legend="None",arc diameter="20",type="rectangle",url="",datasource="NCOMS",label="untitled",font color="black",y="180",x="81",w="62",entity="HFS_Batch_Rates_BB",font="Helvetica",size="10",flash="true",action="Active Event List (AEL)",h="47",style="p",target="_self",name="visual_6")
text(datasource="NCOMS",action="Open URL",flash="true",target="_self",entity="",justify="center",font="Helvetica",color="black",label="Rates",y="68",style="b",url="",size="12",name="visual_5",x="272")
button(legend="None",arc diameter="20",type="rectangle",url="",datasource="NCOMS",label="untitled",font color="black",y="43",x="155",w="276",entity="HFS_Batch_Rates_All",font="Helvetica",size="10",flash="true",action="Active Event List (AEL)",h="42",style="p",target="_self",name="visual_4")
text(datasource="NCOMS",action="Open URL",flash="true",target="_self",entity="",justify="center",font="Helvetica",color="#003366",label="Home > ",y="19",style="b",url="$(SERVER)/applications/GSD_EQ_HFS/main.html?GSD_EQ_HFS_Main",size="16",name="visual_3",x="3")
text(datasource="NCOMS",action="Open URL",flash="true",target="_self",entity="",justify="center",font="Helvetica",color="#003366",label="Excalibur >",y="19",style="b",url="$(SERVER)/applications/GSD_EQ_HFS/main.html?GSD_EQ_HFS_Batch_Exc",size="16",name="visual_2",x="66")
text(datasource="NCOMS",action="Open URL",flash="true",target="_self",entity="",justify="center",font="Helvetica",color="#668cb0",label="Rates",y="19",style="b",url="",size="16",name="visual_1",x="155")
