map(name="GSD_EQ_HFS_Batch_Exc_SecStatic",bgImage="Level2-Excalibur-SecStatic.gif",bgColor="white",w="579",h="490",acl="*")
text(datasource="NCOMS",action="Open URL",flash="true",target="_self",entity="",justify="center",font="Helvetica",color="black",label="REEF",y="204",style="b",url="",size="12",name="visual_13",x="419")
button(legend="None",arc diameter="20",type="rectangle",url="",datasource="NCOMS",label="untitled",font color="black",y="175",x="390",w="80",entity="HFS_Batch_SS_REEF",font="Helvetica",size="10",flash="true",action="Active Event List (AEL)",h="50",style="p",target="_self",name="visual_12")
text(datasource="NCOMS",action="Open URL",flash="true",target="_self",entity="",justify="center",font="Helvetica",color="black",label="Camelot",y="203",style="b",url="",size="12",name="visual_11",x="305")
button(legend="None",arc diameter="20",type="rectangle",url="",datasource="NCOMS",label="untitled",font color="black",y="174",x="288",w="80",entity="HFS_Batch_SS_Camelot",font="Helvetica",size="10",flash="true",action="Active Event List (AEL)",h="50",style="p",target="_self",name="visual_10")
text(datasource="NCOMS",action="Open URL",flash="true",target="_self",entity="",justify="center",font="Helvetica",color="black",label="ADP",y="203",style="b",url="",size="12",name="visual_9",x="121")
text(datasource="NCOMS",action="Open URL",flash="true",target="_self",entity="",justify="center",font="Helvetica",color="black",label="BB",y="202",style="b",url="",size="12",name="visual_8",x="225")
button(legend="None",arc diameter="20",type="rectangle",url="",datasource="NCOMS",label="untitled",font color="black",y="173",x="192",w="80",entity="HFS_Batch_SS_BB",font="Helvetica",size="10",flash="true",action="Active Event List (AEL)",h="50",style="p",target="_self",name="visual_7")
button(legend="None",arc diameter="20",type="rectangle",url="",datasource="NCOMS",label="untitled",font color="black",y="173",x="93",w="80",entity="HFS_Batch_SS_ADP",font="Helvetica",size="10",flash="true",action="Active Event List (AEL)",h="50",style="p",target="_self",name="visual_6")
text(datasource="NCOMS",action="Open URL",flash="true",target="_self",entity="",justify="center",font="Helvetica",color="black",label="Security Static",y="64",style="b",url="",size="12",name="visual_5",x="239")
button(legend="None",arc diameter="20",type="rectangle",url="",datasource="NCOMS",label="untitled",font color="black",y="38",x="139",w="280",entity="HFS_Batch_SS_All",font="Helvetica",size="10",flash="true",action="Active Event List (AEL)",h="43",style="p",target="_self",name="visual_4")
text(datasource="NCOMS",action="Open URL",flash="true",target="_self",entity="",justify="center",font="Helvetica",color="#668cb0",label="Security Static",y="19",style="b",url="",size="16",name="visual_3",x="153")
text(datasource="NCOMS",action="Open URL",flash="true",target="_self",entity="",justify="center",font="Helvetica",color="#003366",label="Excalibur >",y="19",style="b",url="$(SERVER)/applications/GSD_EQ_HFS/main.html?GSD_EQ_HFS_Batch_Exc",size="16",name="visual_2",x="66")
text(datasource="NCOMS",action="Open URL",flash="true",target="_self",entity="",justify="center",font="Helvetica",color="#003366",label="Home > ",y="19",style="b",url="$(SERVER)/applications/GSD_EQ_HFS/main.html?GSD_EQ_HFS_Main",size="16",name="visual_1",x="5")
