map(name="GSD_EQ_HFS_Batch_Exc_FIPB",bgImage="Level2-Excalibur-FIPB.gif",bgColor="white",w="579",h="490",acl="*")
line(thickness="1",datasource="NCOMS",color="black",x2="115",label="untitled",y2="124",y="124",name="visual_37",x="26")
line(thickness="1",datasource="NCOMS",color="black",x2="26",label="untitled",y2="248",y="124",name="visual_36",x="26")
line(thickness="1",datasource="NCOMS",color="black",x2="85",label="untitled",y2="138",y="138",name="visual_34",x="85")
line(thickness="1",datasource="NCOMS",color="black",x2="95",label="untitled",y2="206",y="206",name="visual_35",x="95")
text(datasource="NCOMS",action="Open URL",flash="true",target="_self",entity="",justify="center",font="Helvetica",color="black",label="NOAH",y="272",style="b",url="",size="12",name="visual_33",x="12")
button(legend="None",arc diameter="20",type="rectangle",url="",datasource="NCOMS",label="untitled",font color="black",y="246",x="0",w="64",entity="1_HFS_Excalibur_Batch_FIPB_NOAH",font="Helvetica",size="10",flash="true",action="Active Event List (AEL)",h="46",style="p",target="_self",name="visual_32")
line(thickness="1",datasource="NCOMS",color="black",x2="207",label="untitled",y2="503",y="503",name="visual_31",x="207")
line(thickness="1",datasource="NCOMS",color="black",x2="115",label="untitled",y2="241",y="126",name="visual_26",x="116")
line(action="Open URL",datasource="NCOMS",flash="true",target="_self",y2="568",entity="",thickness="1",x2="219",label="untitled",y="568",url="",name="visual_30",x="219")
line(action="Open URL",datasource="NCOMS",flash="true",target="_self",y2="409",entity="",thickness="1",x2="256",label="untitled",y="409",url="",name="visual_29",x="256")
line(action="Open URL",datasource="NCOMS",flash="true",target="_self",y2="525",entity="",thickness="1",x2="203",label="untitled",y="525",url="",name="visual_28",x="203")
line(action="Open URL",datasource="NCOMS",flash="true",target="_self",y2="510",entity="",thickness="1",x2="140",label="untitled",y="510",url="",name="visual_27",x="140")
text(datasource="NCOMS",action="Open URL",flash="true",target="_self",entity="",justify="center",font="Helvetica",color="black",label="WISPA",style="b",y="200",url="",size="12",name="visual_25",x="492")
button(legend="None",arc diameter="20",type="rectangle",url="",datasource="NCOMS",label="untitled",font color="black",y="173",x="470",w="77",entity="1_HFS_Excalibur_Batch_FIPB_WISPA",font="Helvetica",size="10",flash="true",action="Active Event List (AEL)",h="46",style="p",target="_self",name="visual_24")
text(datasource="NCOMS",action="Open URL",flash="true",target="_self",entity="",justify="center",font="Helvetica",color="black",label="FX",style="b",y="277",url="",size="12",name="visual_23",x="451")
text(datasource="NCOMS",action="Open URL",flash="true",target="_self",entity="",justify="center",font="Helvetica",color="black",label="OLT",style="b",y="200",url="",size="12",name="visual_21",x="394")
button(legend="None",arc diameter="20",type="rectangle",url="",datasource="NCOMS",label="untitled",font color="black",y="173",x="365",w="77",entity="1_HFS_Excalibur_Batch_FIPB_OBS",font="Helvetica",size="10",flash="true",action="Active Event List (AEL)",h="46",style="p",target="_self",name="visual_20")
text(datasource="NCOMS",action="Open URL",flash="true",target="_self",entity="",justify="center",font="Helvetica",color="black",label="OBS",style="b",y="273",url="",size="12",name="visual_19",x="332")
button(legend="None",arc diameter="20",type="rectangle",url="",datasource="NCOMS",label="untitled",font color="black",y="246",x="308",w="77",entity="1_HFS_Excalibur_Batch_FIPB_OBS",font="Helvetica",size="10",flash="true",action="Active Event List (AEL)",h="46",style="p",target="_self",name="visual_18")
text(datasource="NCOMS",action="Open URL",flash="true",target="_self",entity="",justify="center",font="Helvetica",color="black",label="Martini",style="b",y="200",url="",size="12",name="visual_17",x="278")
button(legend="None",arc diameter="20",type="rectangle",url="",datasource="NCOMS",label="untitled",font color="black",y="173",x="257",w="77",entity="1_HFS_Excalibur_Batch_FIPB_Martini",font="Helvetica",size="10",flash="true",action="Active Event List (AEL)",h="46",style="p",target="_self",name="visual_16")
text(datasource="NCOMS",action="Open URL",flash="true",target="_self",entity="",justify="center",font="Helvetica",color="black",label="Extracts",style="b",y="273",url="",size="12",name="visual_15",x="218")
button(legend="None",arc diameter="20",type="rectangle",url="",datasource="NCOMS",label="untitled",font color="black",y="245",x="205",w="77",entity="1_HFS_Excalibur_Batch_FIPB_Extracts",font="Helvetica",size="10",flash="true",action="Active Event List (AEL)",h="46",style="p",target="_self",name="visual_14")
text(datasource="NCOMS",action="Open URL",flash="true",target="_self",entity="",justify="center",font="Helvetica",color="black",label="ETD",style="b",y="201",url="",size="12",name="visual_13",x="176")
button(legend="None",arc diameter="20",type="rectangle",url="",datasource="NCOMS",label="untitled",font color="black",y="173",x="146",w="77",entity="1_HFS_Excalibur_Batch_FIPB_ETD",font="Helvetica",size="10",flash="true",action="Active Event List (AEL)",h="46",style="p",target="_self",name="visual_12")
text(datasource="NCOMS",action="Open URL",flash="true",target="_self",entity="",justify="center",font="Helvetica",color="black",label="COMA",style="b",y="272",url="",size="12",name="visual_11",x="97")
button(legend="None",arc diameter="20",type="rectangle",url="",datasource="NCOMS",label="untitled",font color="black",y="245",x="75",w="77",entity="1_HFS_Excalibur_Batch_FIPB_COMA",font="Helvetica",size="10",flash="true",action="Active Event List (AEL)",h="46",style="p",target="_self",name="visual_7")
line(thickness="1",datasource="NCOMS",color="black",x2="387",label="untitled",y2="112",y="112",name="visual_10",x="387")
line(thickness="1",datasource="NCOMS",color="black",x2="390",label="untitled",y2="116",y="116",name="visual_9",x="390")
line(thickness="1",datasource="NCOMS",color="black",x2="388",label="untitled",y2="117",y="117",name="visual_8",x="388")
line(thickness="1",datasource="NCOMS",color="black",x2="304",label="untitled",y2="123",y="87",name="visual_6",x="304")
text(datasource="NCOMS",action="Open URL",flash="true",target="_self",entity="",justify="center",font="Helvetica",color="black",label="FIPB",style="b",y="69",url="",size="12",name="visual_5",x="293")
button(legend="None",arc diameter="20",type="rectangle",url="",datasource="NCOMS",label="untitled",font color="black",y="44",x="164",w="276",entity="2_HFS_Excalibur_Batch_FIPB_All",font="Helvetica",size="10",flash="true",action="Active Event List (AEL)",h="43",style="p",target="_self",name="visual_1")
text(datasource="NCOMS",action="Open URL",flash="true",target="_self",entity="",justify="center",font="Helvetica",color="#003366",label="Excalibur >",style="b",y="18",url="$(SERVER)/applications/GSD_EQ_HFS/main.html?GSD_EQ_HFS_Batch_Exc",size="16",name="visual_2",x="67")
text(datasource="NCOMS",action="Open URL",flash="true",target="_self",entity="",justify="center",font="Helvetica",color="#003366",label="Home > ",style="b",y="19",url="$(SERVER)/applications/GSD_EQ_HFS/main.html?GSD_EQ_HFS_Main",size="16",name="visual_4",x="4")
text(datasource="NCOMS",action="Open URL",flash="true",target="_self",entity="",justify="center",font="Helvetica",color="#668cb0",label="FIPB",style="b",y="19",url="",size="16",name="visual_3",x="155")
button(legend="None",arc diameter="20",type="rectangle",url="",datasource="NCOMS",label="untitled",font color="black",y="244",x="414",w="87",entity="1_HFS_Excalibur_Batch_FIPB_FX",font="Helvetica",size="10",flash="true",action="Active Event List (AEL)",h="47",style="p",target="_self",name="visual_22")
