map(name="HFS_T24_ALERTS",bgImage="",bgColor="#003366",w="1047",h="595",acl="GSD_EQ_HFS_GLOBAL")
text(datasource="NCOMS",action="Open URL",flash="true",target="_self",entity="",justify="center",font="Helvetica",color="white",label="T24",y="198",style="b",url="",size="16",name="visual_9",x="256")
text(datasource="NCOMS",action="Open URL",flash="true",target="_self",entity="",justify="center",font="Helvetica",color="white",label="Real Time",y="195",style="b",url="",size="16",name="visual_8",x="377")
text(datasource="NCOMS",action="Open URL",flash="true",target="_self",entity="",justify="center",font="Helvetica",color="white",label="Infrastructure",y="195",style="b",url="",size="16",name="visual_7",x="507")
text(datasource="NCOMS",action="Open URL",flash="true",target="_self",entity="",justify="center",font="Helvetica",color="white",label="Autosys",y="191",style="b",url="",size="16",name="visual_6",x="662")
button(legend="Count",arc diameter="20",type="rectangle",url=" $(SERVER)/applications/GSD_EQ_HFS/app_t24_t24.html?HFS_T24_T24",datasource="NCOMS",label="T24",font color="black",y="200",x="218",w="104",entity="T24_T24",font="Helvetica",size="13",flash="true",action="Open URL",h="51",style="b",target="_self",name="visual_5")
button(legend="Count",arc diameter="20",type="rectangle",url=" $(SERVER)/applications/GSD_EQ_HFS/t24_infra.html?GSD_EQ_HFS_T24_Infra",datasource="NCOMS",label="Infrastructure",font color="black",y="198",x="505",w="104",entity="T24_Infrastructure",font="Helvetica",size="13",flash="true",action="Active Event List (AEL)",h="51",style="b",target="_self",name="visual_4")
button(legend="Count",arc diameter="20",type="rectangle",url=" $(SERVER)/applications/GSD_EQ_HFS/t24_process.html?GSD_EQ_HFS_T24_Batch",datasource="NCOMS",label="Autosys",font color="black",y="197",x="641",w="104",entity="T24_Batch",font="Helvetica",size="13",flash="true",action="Active Event List (AEL)",h="51",style="b",target="_self",name="visual_3")
button(legend="Count",arc diameter="20",type="rectangle",url=" $(SERVER)/applications/GSD_EQ_HFS/app_t24_realtime.html?HFS_T24_Realtime",datasource="NCOMS",label="Real Time",font color="black",y="199",x="362",w="104",entity="T24_Realtime",font="Helvetica",size="13",flash="true",action="Open URL",h="51",style="b",target="_self",name="visual_2")
