map(name="IRM_contents",bgImage="",bgColor="#003366",w="190",h="500",acl="*")
text(datasource="NCOMS",action="Open URL",flash="true",target="_self",entity="",justify="center",font="Helvetica",color="white",label="Issuer Risk Coaster Transformer",style="p",y="285",url="",size="12",name="Issuer Risk Coaster Transformer",x="3")
button(legend="Count",arc diameter="20",type="rounded",url="",datasource="NCOMS",label="untitled",font color="black",y="295",x="121",w="50",entity="IRM_all",font="Helvetica",size="10",flash="true",action="Active Event List (AEL)",h="25",style="p",target="main",name="IRM_all")
line(thickness="7",datasource="NCOMS",color="#cccccc",x2="200",label="untitled",y2="175",y="175",name="visual_1",x="0")
text(datasource="NCOMS",action="Open URL",flash="true",target="_self",entity="",justify="center",font="Helvetica",color="white",label="All Events",y="145",style="p",url="",size="12",name="I-Flow_Test_visual_4",x="10")
text(datasource="NCOMS",action="Open URL",flash="true",target="_self",entity="",justify="center",font="Helvetica",color="white",label="Unack",y="75",style="p",url="",size="12",name="I-Flow_Test_visual_3",x="10")
monitor(show highest="false",type="lavalamp",url="",show lowest="false",show highest severity as border="false",datasource="NCOMS",label="",show total="true",y="115",x="85",w="100",entity="IRM_all",font="Helvetica",size="10",flash="true",action="Active Event List (AEL)",style="p",show label="false",h="50",foreground color="black",background color="lightGray",show metric="false",target="main",name="All")
monitor(show highest="false",type="lavalamp",url="",show lowest="false",show highest severity as border="false",datasource="NCOMS",label="",show total="true",y="50",x="85",w="100",entity="IRM_Unack",font="Helvetica",size="10",flash="true",action="Active Event List (AEL)",style="p",show label="false",h="50",foreground color="black",background color="lightGray",show metric="false",target="main",name="Unack")
text(datasource="NCOMS",action="Open URL",flash="true",target="_self",entity="",justify="center",font="Helvetica",color="white",label="IRM Webtop",y="30",style="p",url="",size="16",name="IRM Webtop",x="31")
