map(name="L1_SSG_TOOLS",bgColor="white",w=250,h=400,acl="*")
button(name="visual_58",label="0",x=30,y=320,action="Open URL",url="",target="_self",w=23,h=18,color="#66cc00",type="rounded",arc diameter=20,transparent=false,legend=Label,font="Helvetica",size=10,font color="black")
button(name="visual_18",label="0",x=32,y=235,action="Open URL",url="",target="_self",w=23,h=18,color="#66cc00",type="rounded",arc diameter=20,transparent=false,legend=Label,font="Helvetica",size=10,font color="black")
button(name="visual_63",label="untitled",x=180,y=320,action="Active Event List (AEL)",url="",target="main",entity="TOOLS_PR_TAS_PB_06_ALT",datasource="NCOMS",flash="true",w=20,h=18,type="rounded",arc diameter=20,legend=Count,font="Helvetica",size=10,font color="black",style="p")
button(name="visual_62",label="untitled",x=150,y=320,action="Active Event List (AEL)",url="",target="main",entity="TOOLS_PR_TAS_PB_05_ALT",datasource="NCOMS",flash="true",w=20,h=18,type="rounded",arc diameter=20,legend=Count,font="Helvetica",size=10,font color="black",style="p")
button(name="visual_61",label="untitled",x=121,y=319,action="Active Event List (AEL)",url="",target="main",entity="TOOLS_PR_TAS_PB_04_ALT",datasource="NCOMS",flash="true",w=20,h=18,type="rounded",arc diameter=20,legend=Count,font="Helvetica",size=10,font color="black",style="p")
button(name="visual_60",label="untitled",x=89,y=320,action="Active Event List (AEL)",url="",target="main",entity="TOOLS_PR_TAS_PB_03_ALT",datasource="NCOMS",flash="true",w=20,h=18,type="rounded",arc diameter=20,legend=Count,font="Helvetica",size=10,font color="black",style="p")
button(name="visual_59",label="untitled",x=60,y=320,action="Active Event List (AEL)",url="",target="main",entity="TOOLS_PR_TAS_PB_02_ALT",datasource="NCOMS",flash="true",w=20,h=18,type="rounded",arc diameter=20,legend=Count,font="Helvetica",size=10,font color="black",style="p")
button(name="visual_54",label="untitled",x=0,y=320,action="Active Event List (AEL)",url="",target="main",entity="TOOLS_PR_TAS_PB_A01_ALT",datasource="NCOMS",flash="true",w=20,h=18,type="rounded",arc diameter=20,legend=Count,font="Helvetica",size=10,font color="black",style="p")
text(name="visual_44",label="PB01A",x=0,y=317,action="Open URL",url="",target="_self",entity="",datasource="NCOMS",flash="true",font="Helvetica",size=10,justify="center",style="p",color="black")
line(name="visual_52",label="untitled",x=0,y=265,color="#cc0033",thickness=2,x2=223,y2=265)
line(name="visual_57",label="untitled",x=87,y=273,action="Open URL",url="",target="_self",entity="",datasource="NCOMS",flash="true",thickness=1,x2=87,y2=273)
line(name="visual_56",label="untitled",x=55,y=255,action="Open URL",url="",target="_self",entity="",datasource="NCOMS",flash="true",thickness=1,x2=55,y2=255)
line(name="visual_55",label="untitled",x=60,y=255,action="Open URL",url="",target="_self",entity="",datasource="NCOMS",flash="true",thickness=1,x2=60,y2=255)
line(name="visual_53",label="untitled",x=96,y=260,action="Open URL",url="",target="_self",entity="",datasource="NCOMS",flash="true",thickness=1,x2=96,y2=260)
button(name="visual_51",label="untitled",x=185,y=235,action="Active Event List (AEL)",url="",target="main",entity="TOOLS_PR_SSG_NG_06_ALT",datasource="NCOMS",flash="true",w=20,h=18,type="rounded",arc diameter=20,legend=Count,font="Helvetica",size=10,font color="black",style="p")
button(name="visual_22",label="untitled",x=155,y=235,action="Active Event List (AEL)",url="",target="main",entity="TOOLS_PR_SSG_NG_05_ALT",datasource="NCOMS",flash="true",w=20,h=18,type="rounded",arc diameter=20,legend=Count,font="Helvetica",size=10,font color="black",style="p")
button(name="visual_21",label="untitled",x=124,y=235,action="Active Event List (AEL)",url="",target="main",entity="TOOLS_PR_SSG_NG_04_ALT",datasource="NCOMS",flash="true",w=20,h=18,type="rounded",arc diameter=20,legend=Count,font="Helvetica",size=10,font color="black",style="p")
button(name="visual_20",label="untitled",x=96,y=235,action="Active Event List (AEL)",url="",target="main",entity="TOOLS_PR_SSG_NG_03_ALT",datasource="NCOMS",flash="true",w=20,h=18,type="rounded",arc diameter=20,legend=Count,font="Helvetica",size=10,font color="black",style="p")
button(name="visual_19",label="untitled",x=64,y=235,action="Active Event List (AEL)",url="",target="main",entity="TOOLS_PR_SSG_NG_02_ALT",datasource="NCOMS",flash="true",w=20,h=18,type="rounded",arc diameter=20,legend=Count,font="Helvetica",size=10,font color="black",style="p")
button(name="visual_17",label="untitled",x=0,y=235,action="Active Event List (AEL)",url="",target="main",entity="TOOLS_PRIORITY_PB01A_TOOLS",datasource="NCOMS",flash="true",w=20,h=18,type="rounded",arc diameter=20,legend=Count,font="Helvetica",size=10,font color="black",style="p")
text(name="visual_50",label="PB05",x=150,y=317,action="Open URL",url="",target="_self",entity="",datasource="NCOMS",flash="true",font="Helvetica",size=10,justify="center",style="p",color="black")
text(name="visual_49",label="PB06",x=180,y=317,action="Open URL",url="",target="_self",entity="",datasource="NCOMS",flash="true",font="Helvetica",size=10,justify="center",style="p",color="black")
text(name="visual_48",label="PB03",x=90,y=317,action="Open URL",url="",target="_self",entity="",datasource="NCOMS",flash="true",font="Helvetica",size=10,justify="center",style="p",color="black")
text(name="visual_47",label="PB04",x=120,y=317,action="Open URL",url="",target="_self",entity="",datasource="NCOMS",flash="true",font="Helvetica",size=10,justify="center",style="p",color="black")
text(name="visual_46",label="PB02",x=60,y=317,action="Open URL",url="",target="_self",entity="",datasource="NCOMS",flash="true",font="Helvetica",size=10,justify="center",style="p",color="black")
text(name="visual_45",label="PB01",x=35,y=317,action="Open URL",url="",target="_self",entity="",datasource="NCOMS",flash="true",font="Helvetica",size=10,justify="center",style="p",color="black")
text(name="visual_43",label="PB05",x=155,y=230,action="Open URL",url="",target="_self",entity="",datasource="NCOMS",flash="true",font="Helvetica",size=10,justify="center",style="p",color="black")
text(name="visual_42",label="PB03",x=95,y=230,action="Open URL",url="",target="_self",entity="",datasource="NCOMS",flash="true",font="Helvetica",size=10,justify="center",style="p",color="black")
text(name="visual_41",label="PB06",x=185,y=230,action="Open URL",url="",target="_self",entity="",datasource="NCOMS",flash="true",font="Helvetica",size=10,justify="center",style="p",color="black")
text(name="visual_40",label="PB04",x=125,y=230,action="Open URL",url="",target="_self",entity="",datasource="NCOMS",flash="true",font="Helvetica",size=10,justify="center",style="p",color="black")
text(name="visual_39",label="PB02",x=65,y=230,action="Open URL",url="",target="_self",entity="",datasource="NCOMS",flash="true",font="Helvetica",size=10,justify="center",style="p",color="black")
text(name="visual_38",label="PB01",x=35,y=230,action="Open URL",url="",target="_self",entity="",datasource="NCOMS",flash="true",font="Helvetica",size=10,justify="center",style="p",color="black")
text(name="visual_37",label="PB01A",x=0,y=230,action="Open URL",url="",target="_self",entity="",datasource="NCOMS",flash="true",font="Helvetica",size=10,justify="center",style="p",color="black")
button(name="visual_16",label="untitled",x=110,y=288,action="Active Event List (AEL)",url="",target="main",entity="TOOLS_HTH_ALL_L1_TOOLS",datasource="NCOMS",flash="true",w=20,h=18,type="rounded",arc diameter=20,legend=Count,font="Helvetica",size=10,font color="black",style="p")
button(name="visual_15",label="untitled",x=80,y=288,action="Active Event List (AEL)",url="",target="main",entity="TOOLS_HTH_UNACK_L1_TOOLS",datasource="NCOMS",flash="true",w=20,h=18,type="rounded",arc diameter=20,legend=Count,font="Helvetica",size=10,font color="black",style="p")
button(name="visual_14",label="untitled",x=110,y=200,action="Active Event List (AEL)",url="",target="main",entity="TOOLS_ALL_L1_TOOLS",datasource="NCOMS",flash="true",w=20,h=18,type="rounded",arc diameter=20,legend=Count,font="Helvetica",size=10,font color="black",style="p")
button(name="visual_13",label="untitled",x=80,y=200,action="Active Event List (AEL)",url="",target="main",entity="TOOLS_UNACK_L1_TOOLS",datasource="NCOMS",flash="true",w=20,h=18,type="rounded",arc diameter=20,legend=Count,font="Helvetica",size=10,font color="black",style="p")
text(name="visual_36",label="All",x=115,y=285,action="Open URL",url="",target="_self",entity="",datasource="NCOMS",flash="true",font="Helvetica",size=10,justify="center",style="p",color="black")
text(name="visual_35",label="Unack",x=80,y=286,action="Open URL",url="",target="_self",entity="",datasource="NCOMS",flash="true",font="Helvetica",size=10,justify="center",style="p",color="black")
text(name="visual_34",label="All",x=115,y=195,action="Open URL",url="",target="_self",entity="",datasource="NCOMS",flash="true",font="Helvetica",size=10,justify="center",style="p",color="black")
text(name="visual_33",label="Unack",x=80,y=195,action="Open URL",url="",target="_self",entity="",datasource="NCOMS",flash="true",font="Helvetica",size=10,justify="center",style="p",color="black")
line(name="visual_11",label="untitled",x=0,y=175,color="#cc0033",thickness=2,x2=220,y2=175)
button(name="visual_32",label="SSE NG",x=0,y=185,action="Open URL",url="$(SERVER)/L1_SSG_TOOLS/TOOLS_main.html",target="main",w=70,h=25,color="#ccccff",type="rectangle",arc diameter=20,transparent=false,legend=Label,font="Helvetica",size=10,font color="black")
button(name="visual_23",label="TAS",x=0,y=276,action="Open URL",url="$(SERVER)/L1_SSG_TOOLS/HTH_main.html",target="main",w=70,h=25,color="#ccccff",type="rectangle",arc diameter=20,transparent=false,legend=Label,font="Helvetica",size=10,font color="black")
button(name="visual_12",label="untitled",x=145,y=150,action="Active Event List (AEL)",url="",target="main",entity="TOOLS_PRIORITY_PB05_TOOLS_ALL",datasource="NCOMS",flash="true",w=20,h=18,type="rounded",arc diameter=20,legend=Count,font="Helvetica",size=10,font color="black",style="p")
button(name="visual_10",label="untitled",x=116,y=150,action="Active Event List (AEL)",url="",target="main",entity="TOOLS_PRIORITY_PB04_TOOLS_ALL",datasource="NCOMS",flash="true",w=20,h=18,type="rounded",arc diameter=20,legend=Count,font="Helvetica",size=10,font color="black",style="p")
button(name="visual_2",label="0",x=29,y=150,action="Open URL",url="",target="_self",w=23,h=18,color="#66cc00",type="rounded",arc diameter=20,transparent=false,legend=Label,font="Helvetica",size=10,font color="black")
text(name="visual_31",label="PB01",x=30,y=145,action="Open URL",url="",target="_self",entity="",datasource="NCOMS",flash="true",font="Helvetica",size=10,justify="center",style="p",color="black")
text(name="visual_30",label="PB06",x=174,y=145,action="Open URL",url="",target="_self",entity="",datasource="NCOMS",flash="true",font="Helvetica",size=10,justify="center",style="p",color="black")
button(name="visual_29",label="untitled",x=174,y=151,action="Active Event List (AEL)",url="",target="main",entity="TOOLS_PRIORITY_PB06_TOOLS_ALL",datasource="NCOMS",flash="true",w=20,h=18,type="rounded",arc diameter=20,legend=Count,font="Helvetica",size=10,font color="black",style="p")
text(name="visual_28",label="PB05",x=145,y=145,action="Open URL",url="",target="_self",entity="",datasource="NCOMS",flash="true",font="Helvetica",size=10,justify="center",style="p",color="black")
text(name="visual_27",label="PB04",x=116,y=145,action="Open URL",url="",target="_self",entity="",datasource="NCOMS",flash="true",font="Helvetica",size=10,justify="center",style="p",color="black")
text(name="visual_26",label="PB03",x=87,y=145,action="Open URL",url="",target="_self",entity="",datasource="NCOMS",flash="true",font="Helvetica",size=10,justify="center",style="p",color="black")
text(name="visual_25",label="PB02",x=58,y=145,action="Open URL",url="",target="_self",entity="",datasource="NCOMS",flash="true",font="Helvetica",size=10,justify="center",style="p",color="black")
text(name="visual_24",label="PB01A",x=0,y=145,action="Open URL",url="",target="_self",entity="",datasource="NCOMS",flash="true",font="Helvetica",size=9,justify="center",style="p",color="black")
button(name="visual_9",label="untitled",x=87,y=150,action="Active Event List (AEL)",url="",target="main",entity="TOOLS_PRIORITY_PB03_TOOLS_ALL",datasource="NCOMS",flash="true",w=20,h=18,type="rounded",arc diameter=20,legend=Count,font="Helvetica",size=10,font color="black",style="p")
button(name="visual_8",label="untitled",x=58,y=150,action="Active Event List (AEL)",url="",target="main",entity="TOOLS_PRIORITY_PB02_TOOLS_ALL",datasource="NCOMS",flash="true",w=20,h=18,type="rounded",arc diameter=20,legend=Count,font="Helvetica",size=10,font color="black",style="p")
button(name="visual_7",label="untitled",x=0,y=150,action="Active Event List (AEL)",url="",target="main",entity="TOOLS_PRIORITY_PB01A_TOOLS_ALL",datasource="NCOMS",flash="true",w=20,h=18,type="rounded",arc diameter=20,legend=Count,font="Helvetica",size=10,font color="black",style="p")
button(name="visual_6",label="TOOLS",x=10,y=10,action="Open URL",url="",target="_self",w=180,h=18,color="#ffcc00",type="rectangle",arc diameter=20,transparent=false,legend=Label,font="Helvetica",size=10,font color="black")
line(name="visual_5",label="untitled",x=66,y=20,color="black",thickness=1,x2=66,y2=20)
line(name="visual_1",label="untitled",x=74,y=22,color="black",thickness=1,x2=74,y2=22)
monitor(name="visual_4",label="ALL",x=96,y=40,action="Active Event List (AEL)",url="",target="main",entity="TOOLS_ALL_L1_TOOLS_ALL",datasource="NCOMS",flash="true",w=84,h=81,w=84,h=81,type="lavalamp",show label=true,show total=true,show highest=false,show lowest=false,show metric=false,foreground color=black,background color=lightGray,font=Helvetica,size=10,style=p,show highest severity as border=true)
monitor(name="visual_3",label="untitled",x=508,y=203,action="Open URL",url="",target="_self",entity="",datasource="NCOMS",flash="true",w=100,h=50,w=100,h=50,type="lavalamp",show label=true,show total=false,show highest=false,show lowest=false,show metric=false,foreground color=black,background color=lightGray,font=Helvetica,size=10,style=p,show highest severity as border=false)
monitor(name="UNACK",label="UNACK",x=10,y=40,action="Active Event List (AEL)",url="",target="main",entity="TOOLS_UNACK_L1_TOOLS_ALL",datasource="NCOMS",flash="true",w=84,h=81,w=84,h=81,type="lavalamp",show label=true,show total=true,show highest=false,show lowest=false,show metric=false,foreground color=black,background color=lightGray,font=Helvetica,size=10,style=p,show highest severity as border=true)
