map(name="L1_Utility_CST_PB",bgColor="white",w=200,h=530,acl="*")
button(name="APP_PB_CST_ACE_APP_2",label="ACE Alerts",x=100,y=498,action="Active Event List (AEL)",url="",target="submain",entity="APP_PB_CST_TCAP_APP",datasource="NCOMS",flash="true",w=25,h=15,type="rounded",arc diameter=10,legend=Count,font="Helvetica",size=10,font color="black",style="+_fontStyle+")
text(name="APP_PB_CST_ACE_LABEL_2",label="TCAP",x=0,y=510,action="Open URL",url="",target="",entity="",datasource="NCOMS",flash="true",font="Helvetica",size=10,justify="center",style="b",color="black")
button(name="APP_PB_CST_ACE_APP_1",label="ACE Alerts",x=100,y=478,action="Active Event List (AEL)",url="",target="submain",entity="APP_PB_CST_DAL_APP",datasource="NCOMS",flash="true",w=25,h=15,type="rounded",arc diameter=10,legend=Count,font="Helvetica",size=10,font color="black",style="+_fontStyle+")
text(name="APP_PB_CST_ACE_LABEL_1",label="DAL",x=0,y=490,action="Open URL",url="",target="",entity="",datasource="NCOMS",flash="true",font="Helvetica",size=10,justify="center",style="b",color="black")
button(name="APP_PB_CST_ACE_APP",label="ACE Alerts",x=100,y=458,action="Active Event List (AEL)",url="",target="submain",entity="APP_PB_CST_ACE_APP",datasource="NCOMS",flash="true",w=25,h=15,type="rounded",arc diameter=10,legend=Count,font="Helvetica",size=10,font color="black",style="+_fontStyle+")
text(name="APP_PB_CST_ACE_LABEL",label="ACE",x=0,y=470,action="Open URL",url="",target="",entity="",datasource="NCOMS",flash="true",font="Helvetica",size=10,justify="center",style="b",color="black")
button(name="APP_PB_CST_CSL_APP_2",label="CSL Alerts",x=100,y=438,action="Active Event List (AEL)",url="",target="submain",entity="MT_PB",datasource="NCOMS",flash="true",w=25,h=15,type="rounded",arc diameter=10,legend=Count,font="Helvetica",size=10,font color="black",style="+_fontStyle+")
text(name="MT_2",label="MT",x=0,y=450,action="Open URL",url="",target="",entity="",datasource="NCOMS",flash="true",font="Helvetica",size=10,justify="center",style="b",color="black")
monitor(name="visual_16",label="RA",x=134,y=20,action="Active Event List (AEL)",url="",target="submain",entity="RA_PB",datasource="NCOMS",flash="true",w=65,h=70,w=65,h=70,type="lavalamp",show label=true,show total=true,show highest=false,show lowest=false,show metric=false,foreground color=black,background color=lightGray,font=Helvetica,size=10,style=p,show highest severity as border=true)
button(name="APP_PB_CST_CSL_APP_1",label="CSL Alerts",x=100,y=418,action="Active Event List (AEL)",url="",target="submain",entity="APP_PB_CST_CSL_APP",datasource="NCOMS",flash="true",w=25,h=15,type="rounded",arc diameter=10,legend=Count,font="Helvetica",size=10,font color="black",style="+_fontStyle+")
text(name="APP_PB_CST_CSL_LABEL_1",label="CSL",x=0,y=430,action="Open URL",url="",target="",entity="",datasource="NCOMS",flash="true",font="Helvetica",size=10,justify="center",style="b",color="black")
monitor(name="visual_15",label="All",x=67,y=20,action="Active Event List (AEL)",url="",target="submain",entity="PB_ALL",datasource="NCOMS",flash="true",w=65,h=70,w=65,h=70,type="lavalamp",show label=true,show total=true,show highest=false,show lowest=false,show metric=false,foreground color=black,background color=lightGray,font=Helvetica,size=10,style=p,show highest severity as border=true)
monitor(name="visual_14",label="Unack",x=0,y=20,action="Active Event List (AEL)",url="",target="submain",entity="PB_UNACK",datasource="NCOMS",flash="true",w=65,h=70,w=65,h=70,type="lavalamp",show label=true,show total=true,show highest=false,show lowest=false,show metric=false,foreground color=black,background color=lightGray,font=Helvetica,size=10,style=p,show highest severity as border=true)
button(name="APP_PB_CST_AFX_APP",label="AFX Alerts",x=100,y=327,action="Active Event List (AEL)",url="",target="submain",entity="APP_PB_CST_AFX_APP",datasource="NCOMS",flash="true",w=25,h=15,type="rounded",arc diameter=10,legend=Count,font="Helvetica",size=10,font color="black",style="+_fontStyle+")
text(name="APP_PB_CST_AFX_LABEL",label="AFX",x=0,y=338,action="Open URL",url="",target="",entity="",datasource="NCOMS",flash="true",font="Helvetica",size=10,justify="center",style="b",color="black")
button(name="APP_PB_CST_PVE_APP",label="PVE Alerts",x=100,y=235,action="Active Event List (AEL)",url="",target="submain",entity="APP_PB_CST_PVE_APP",datasource="NCOMS",flash="true",w=25,h=15,type="rounded",arc diameter=10,legend=Count,font="Helvetica",size=10,font color="black",style="+_fontStyle+")
text(name="APP_PB_CST_PVO_LABEL",label="PVO",x=0,y=245,action="Open URL",url="",target="",entity="",datasource="NCOMS",flash="true",font="Helvetica",size=10,justify="center",style="b",color="black")
button(name="APP_PB_CST_RFX_APP",label="RiskFlex Alerts",x=100,y=273,action="Active Event List (AEL)",url="",target="submain",entity="APP_PB_CST_RFX",datasource="NCOMS",flash="true",w=25,h=15,type="rounded",arc diameter=10,legend=Count,font="Helvetica",size=10,font color="black",style="+_fontStyle+")
text(name="APP_PB_CST_RFX_LABEL",label="RFX",x=0,y=285,action="Open URL",url="",target="",entity="",datasource="NCOMS",flash="true",font="Helvetica",size=10,justify="center",style="b",color="black")
button(name="APP_PB_CST_INFORM_APP",label="INFORM Alerts",x=100,y=255,action="Active Event List (AEL)",url="",target="submain",entity="APP_PB_CST_INFORM_APP",datasource="NCOMS",flash="true",w=25,h=15,type="rounded",arc diameter=10,legend=Count,font="Helvetica",size=10,font color="black",style="+_fontStyle+")
text(name="APP_PB_CST_INFORM_LABEL",label="Inform",x=0,y=266,action="Open URL",url="",target="",entity="",datasource="NCOMS",flash="true",font="Helvetica",size=10,justify="center",style="b",color="black")
button(name="APP_PB_CST_GLR_APP",label="GLR Alerts",x=100,y=402,action="Active Event List (AEL)",url="",target="submain",entity="APP_PB_CST_GLR_APP",datasource="NCOMS",flash="true",w=25,h=15,type="rounded",arc diameter=10,legend=Count,font="Helvetica",size=10,font color="black",style="+_fontStyle+")
text(name="APP_PB_CST_GLR_LABEL",label="GLR",x=0,y=412,action="Open URL",url="",target="",entity="",datasource="NCOMS",flash="true",font="Helvetica",size=10,justify="center",style="b",color="black")
button(name="APP_PB_CST_PBI_APP",label="PBI Alerts",x=100,y=196,action="Active Event List (AEL)",url="",target="submain",entity="APP_PB_CST_PBI_APP",datasource="NCOMS",flash="true",w=25,h=15,type="rounded",arc diameter=10,legend=Count,font="Helvetica",size=10,font color="black",style="+_fontStyle+")
button(name="APP_PB_CST_PBW_APP",label="PBW Alerts",x=100,y=98,action="Active Event List (AEL)",url="",target="submain",entity="APP_PB_CST_PBW_APP",datasource="NCOMS",flash="true",w=25,h=15,type="rounded",arc diameter=10,legend=Count,font="Helvetica",size=10,font color="black",style="+_fontStyle+")
text(name="APP_PB_CST_PBI_LABEL",label="PBI",x=0,y=208,action="Open URL",url="",target="",entity="",datasource="NCOMS",flash="true",font="Helvetica",size=10,justify="center",style="b",color="black")
text(name="APP_PB_CST_PBW_LABEL",label="PBW",x=0,y=109,action="Open URL",url="",target="",entity="",datasource="NCOMS",flash="true",font="Helvetica",size=10,justify="center",style="b",color="black")
button(name="visual_13",label="untitled",x=300,y=86,action="Open URL",url="",target="_self",entity="",datasource="NCOMS",flash="true",w=50,h=25,type="rectangle",arc diameter=20,legend=None,font="Helvetica",size=10,font color="black",style="p")
button(name="visual_12",label="untitled",x=534,y=440,action="Open URL",url="",target="_self",entity="",datasource="NCOMS",flash="true",w=50,h=25,type="rectangle",arc diameter=20,legend=None,font="Helvetica",size=10,font color="black",style="p")
button(name="visual_11",label="untitled",x=540,y=449,action="Open URL",url="",target="_self",entity="",datasource="NCOMS",flash="true",w=50,h=25,type="rectangle",arc diameter=20,legend=None,font="Helvetica",size=10,font color="black",style="p")
button(name="visual_10",label="untitled",x=607,y=450,action="Open URL",url="",target="_self",entity="",datasource="NCOMS",flash="true",w=50,h=25,type="rectangle",arc diameter=20,legend=None,font="Helvetica",size=10,font color="black",style="p")
button(name="visual_9",label="untitled",x=638,y=420,action="Open URL",url="",target="_self",entity="",datasource="NCOMS",flash="true",w=50,h=25,type="rectangle",arc diameter=20,legend=None,font="Helvetica",size=10,font color="black",style="p")
button(name="visual_8",label="untitled",x=418,y=731,action="Open URL",url="",target="_self",entity="",datasource="NCOMS",flash="true",w=50,h=25,type="rectangle",arc diameter=20,legend=None,font="Helvetica",size=10,font color="black",style="p")
button(name="visual_7",label="untitled",x=622,y=336,action="Open URL",url="",target="_self",entity="",datasource="NCOMS",flash="true",w=50,h=25,type="rectangle",arc diameter=20,legend=None,font="Helvetica",size=10,font color="black",style="p")
button(name="visual_6",label="untitled",x=533,y=324,action="Open URL",url="",target="_self",entity="",datasource="NCOMS",flash="true",w=50,h=25,type="rectangle",arc diameter=20,legend=None,font="Helvetica",size=10,font color="black",style="p")
button(name="visual_5",label="untitled",x=279,y=660,action="Open URL",url="",target="_self",entity="",datasource="NCOMS",flash="true",w=50,h=25,type="rectangle",arc diameter=20,legend=None,font="Helvetica",size=10,font color="black",style="p")
button(name="visual_4",label="untitled",x=405,y=680,action="Open URL",url="",target="_self",entity="",datasource="NCOMS",flash="true",w=50,h=25,type="rectangle",arc diameter=20,legend=None,font="Helvetica",size=10,font color="black",style="p")
button(name="visual_3",label="untitled",x=649,y=673,action="Open URL",url="",target="_self",entity="",datasource="NCOMS",flash="true",w=50,h=25,type="rectangle",arc diameter=20,legend=None,font="Helvetica",size=10,font color="black",style="p")
button(name="visual_2",label="untitled",x=423,y=715,action="Open URL",url="",target="_self",entity="",datasource="NCOMS",flash="true",w=48,h=24,type="rectangle",arc diameter=20,legend=None,font="Helvetica",size=10,font color="black",style="p")
button(name="visual_bar_pb",label="PB",x=0,y=0,action="Open URL",url="",target="_self",w=200,h=14,color="#ccccff",type="rectangle",arc diameter=20,transparent=false,legend=Label,font="Helvetica",size=10,font color="#330033")
button(name="visual_1",label="untitled",x=301,y=702,action="Open URL",url="",target="_self",entity="",datasource="NCOMS",flash="true",w=50,h=25,type="rectangle",arc diameter=20,legend=None,font="Helvetica",size=10,font color="black",style="p")
button(name="APP_PB_CST_HFSCP_APP",label="HFSCP Alerts",x=100,y=383,action="Active Event List (AEL)",url="",target="submain",entity="APP_PB_CST_HFSCP_APP",datasource="NCOMS",flash="true",w=25,h=15,type="rounded",arc diameter=10,legend=Count,font="Helvetica",size=10,font color="black",style="+_fontStyle+")
text(name="APP_PB_CST_HFSCP_LABEL",label="CP",x=0,y=395,action="Open URL",url="",target="",entity="",datasource="NCOMS",flash="true",font="Helvetica",size=10,justify="center",style="b",color="black")
button(name="APP_PB_CST_TPEE_APP",label="TPE Alerts",x=100,y=365,action="Active Event List (AEL)",url="",target="submain",entity="APP_PB_CST_TPE_APP",datasource="NCOMS",flash="true",w=25,h=15,type="rounded",arc diameter=10,legend=Count,font="Helvetica",size=10,font color="black",style="+_fontStyle+")
text(name="APP_PB_CST_TPE_LABEL",label="TPE",x=0,y=376,action="Open URL",url="",target="",entity="",datasource="NCOMS",flash="true",font="Helvetica",size=10,justify="center",style="b",color="black")
button(name="APP_PB_CST_SBE_APP",label="SBE Billing Alerts",x=100,y=346,action="Active Event List (AEL)",url="",target="submain",entity="APP_PB_CST_SBE_APP",datasource="NCOMS",flash="true",w=25,h=15,type="rounded",arc diameter=10,legend=Count,font="Helvetica",size=10,font color="black",style="+_fontStyle+")
text(name="APP_PB_CST_SBE_LABEL",label="SBE",x=0,y=358,action="Open URL",url="",target="",entity="",datasource="NCOMS",flash="true",font="Helvetica",size=10,justify="center",style="b",color="black")
button(name="APP_PB_CST_GENEVA_APP",label="Geneva Application Alerts",x=100,y=215,action="Active Event List (AEL)",url="",target="submain",entity="APP_PB_CST_GENEVA_APP",datasource="NCOMS",flash="true",w=25,h=15,type="rounded",arc diameter=10,legend=Count,font="Helvetica",size=10,font color="black",style="+_fontStyle+")
text(name="APP_PB_CST_GENEVA_LABEL",label="Geneva",x=0,y=225,action="Open URL",url="",target="",entity="",datasource="NCOMS",flash="true",font="Helvetica",size=10,justify="center",style="b",color="black")
text(name="APP_PB_CST_GPA_LABEL",label="GPA",x=0,y=320,action="Open URL",url="",target="",entity="",datasource="NCOMS",flash="true",font="Helvetica",size=10,justify="center",style="b",color="black")
button(name="APP_PB_CST_GENETIX_APP",label="Genetix Application Alerts",x=100,y=309,action="Active Event List (AEL)",url="",target="submain",entity="APP_PB_CST_GENETIX_APP",datasource="NCOMS",flash="true",w=25,h=15,type="rounded",arc diameter=10,legend=Count,font="Helvetica",size=10,font color="black",style="+_fontStyle+")
button(name="APP_PB_CST_EXCAL_APP",label="EXCAL Application",x=100,y=118,action="Active Event List (AEL)",url="",target="submain",entity="APP_PB_CST_EXCAL_APP",datasource="NCOMS",flash="true",w=25,h=15,type="rounded",arc diameter=10,legend=Count,font="Helvetica",size=10,font color="black",style="+_fontStyle+")
text(name="APP_PB_CST_EXCAL_LABEL",label="EXCAL",x=0,y=127,action="Open URL",url="",target="",entity="",datasource="NCOMS",flash="true",font="Helvetica",size=10,justify="center",style="b",color="black")
button(name="APP_PB_CST_CREDITARB_APP",label="CREDITARB Application",x=100,y=176,action="Active Event List (AEL)",url="",target="submain",entity="APP_PB_CST_CREDITARB_APP",datasource="NCOMS",flash="true",w=25,h=15,type="rounded",arc diameter=10,legend=Count,font="Helvetica",size=10,font color="black",style="+_fontStyle+")
text(name="APP_PB_CST_CREDITARB_LABEL",label="CreditArb",x=0,y=185,action="Open URL",url="",target="",entity="",datasource="NCOMS",flash="true",font="Helvetica",size=10,justify="center",style="b",color="black")
button(name="APP_PB_CST_CAMELOT_APP",label="CAMELOT Application",x=100,y=158,action="Active Event List (AEL)",url="",target="submain",entity="APP_PB_CST_CAMELOT_APP",datasource="NCOMS",flash="true",w=25,h=15,type="rounded",arc diameter=10,legend=Count,font="Helvetica",size=10,font color="black",style="+_fontStyle+")
text(name="APP_PB_CST_CAMELOT_LABEL",label="Camelot",x=0,y=166,action="Open URL",url="",target="",entity="",datasource="NCOMS",flash="true",font="Helvetica",size=10,justify="center",style="b",color="black")
button(name="APP_PB_CST_MFX_APP",label="MFX Application",x=100,y=291,action="Active Event List (AEL)",url="",target="submain",entity="APP_PB_CST_MFX_APP",datasource="NCOMS",flash="true",w=25,h=15,type="rounded",arc diameter=10,legend=Count,font="Helvetica",size=10,font color="black",style="+_fontStyle+")
text(name="APP_PB_CST_MFX_LABEL",label="MFX",x=0,y=302,action="Open URL",url="",target="",entity="",datasource="NCOMS",flash="true",font="Helvetica",size=10,justify="center",style="b",color="black")
button(name="APP_PB_CST_ENCORE_APP",label="Encore Application",x=100,y=138,action="Active Event List (AEL)",url="",target="submain",entity="APP_PB_CST_ENCORE_APP",datasource="NCOMS",flash="true",w=25,h=15,type="rounded",arc diameter=10,legend=Count,font="Helvetica",size=10,font color="black",style="+_fontStyle+")
text(name="APP_PB_CST_ENCORE_LABEL",label="Encore",x=0,y=145,action="Open URL",url="",target="",entity="",datasource="NCOMS",flash="true",font="Helvetica",size=10,justify="center",style="b",color="black")
