map(name="L1_Utility_SSE_Offshore",bgColor="white",w=145,h=320,acl="*")
button(name="SSE NG: WIM_2",label="untitled",x=94,y=235,action="Active Event List (AEL)",url="",target="submain",entity="OFF_SHARES",datasource="NCOMS",flash="true",w=30,h=18,type="rounded",arc diameter=10,legend=Count,font="Helvetica",size=10,font color="black",style="p")
text(name="APAC_CS_Label_1",label="SHARES",x=0,y=250,action="Open URL",url="",target="_self",entity="",datasource="NCOMS",flash="true",font="Helvetica",size=10,justify="center",style="p",color="black")
button(name="SSE NG: SL_1",label="untitled",x=93,y=155,action="Active Event List (AEL)",url="",target="submain",entity="OFF_SSE_SSE_NG_SL_AG",datasource="NCOMS",flash="true",w=30,h=18,type="rounded",arc diameter=10,legend=Count,font="Helvetica",size=10,font color="black",style="p")
text(name="SSE NG: SL Label_1",label="SSE NG: SL EMEA",x=0,y=170,action="Open URL",url="",target="_self",entity="",datasource="NCOMS",flash="true",font="Helvetica",size=10,justify="center",style="p",color="black")
button(name="SSE NG: WIM_3",label="untitled",x=94,y=255,action="Active Event List (AEL)",url="",target="submain",entity="OFF_TAS_HEALTH_CHECKS",datasource="NCOMS",flash="true",w=30,h=18,type="rounded",arc diameter=10,legend=Count,font="Helvetica",size=10,font color="black",style="p")
text(name="MT_Label_2",label="TAS Health Checks",x=0,y=270,action="Open URL",url="",target="_self",entity="",datasource="NCOMS",flash="true",font="Helvetica",size=10,justify="center",style="p",color="black")
button(name="SSE NG: WIM_1",label="untitled",x=93,y=215,action="Active Event List (AEL)",url="",target="submain",entity="OFF_SSE_APAC_CS",datasource="NCOMS",flash="true",w=30,h=18,type="rounded",arc diameter=10,legend=Count,font="Helvetica",size=10,font color="black",style="p")
text(name="APAC_CS_Label",label="APAC CS",x=0,y=230,action="Open URL",url="",target="_self",entity="",datasource="NCOMS",flash="true",font="Helvetica",size=10,justify="center",style="p",color="black")
button(name="SSE NG: WIM",label="untitled",x=93,y=195,action="Active Event List (AEL)",url="",target="submain",entity="OFF_SSE_SSE_NG_WIM",datasource="NCOMS",flash="true",w=30,h=18,type="rounded",arc diameter=10,legend=Count,font="Helvetica",size=10,font color="black",style="p")
button(name="SSE NG: TR",label="untitled",x=93,y=175,action="Active Event List (AEL)",url="",target="submain",entity="OFF_SSE_SSE_NG_TR",datasource="NCOMS",flash="true",w=30,h=18,type="rounded",arc diameter=10,legend=Count,font="Helvetica",size=10,font color="black",style="p")
text(name="SSENG: WIM Label",label="SSE NG: WIM",x=0,y=210,action="Open URL",url="",target="_self",entity="",datasource="NCOMS",flash="true",font="Helvetica",size=10,justify="center",style="p",color="black")
text(name="SSE NG: TR Lable",label="SSE NG: TR",x=0,y=190,action="Open URL",url="",target="_self",entity="",datasource="NCOMS",flash="true",font="Helvetica",size=10,justify="center",style="p",color="black")
button(name="SSE NG: SL",label="untitled",x=92,y=135,action="Active Event List (AEL)",url="",target="submain",entity="OFF_SSE_SSE_NG_SL",datasource="NCOMS",flash="true",w=30,h=18,type="rounded",arc diameter=10,legend=Count,font="Helvetica",size=10,font color="black",style="p")
text(name="SSE NG: SL Label",label="SSE NG: SL",x=0,y=150,action="Open URL",url="",target="_self",entity="",datasource="NCOMS",flash="true",font="Helvetica",size=10,justify="center",style="p",color="black")
button(name="visual_9",label="untitled",x=288,y=346,action="Open URL",url="",target="_self",entity="",datasource="NCOMS",flash="true",w=50,h=25,type="rectangle",arc diameter=20,legend=None,font="Helvetica",size=10,font color="black",style="p")
button(name="visual_8",label="untitled",x=298,y=212,action="Open URL",url="",target="_self",entity="",datasource="NCOMS",flash="true",w=50,h=25,type="rectangle",arc diameter=20,legend=None,font="Helvetica",size=10,font color="black",style="p")
button(name="SSE NG",label="untitled",x=92,y=95,action="Active Event List (AEL)",url="",target="submain",entity="OFF_SSE_SSE_NG",datasource="NCOMS",flash="true",w=30,h=18,type="rounded",arc diameter=10,legend=Count,font="Helvetica",size=10,font color="black",style="p")
text(name="SSE NG Label",label="SSE NG",x=0,y=110,action="Open URL",url="",target="_self",entity="",datasource="NCOMS",flash="true",font="Helvetica",size=10,justify="center",style="p",color="black")
monitor(name="visual_3",label="All",x=75,y=20,action="Active Event List (AEL)",url="",target="submain",entity="OFF_SSE_ALL",datasource="NCOMS",flash="true",w=70,h=70,w=70,h=70,type="lavalamp",show label=true,show total=true,show highest=false,show lowest=false,show metric=false,foreground color=black,background color=lightGray,font=Helvetica,size=10,style=p,show highest severity as border=true)
monitor(name="visual_2",label="Unack",x=0,y=20,action="Active Event List (AEL)",url="",target="submain",entity="OFF_SSE_UNACK",datasource="NCOMS",flash="true",w=70,h=70,w=70,h=70,type="lavalamp",show label=true,show total=true,show highest=false,show lowest=false,show metric=false,foreground color=black,background color=lightGray,font=Helvetica,size=10,style=p,show highest severity as border=true)
button(name="visual_19",label="TAS : SSE",x=0,y=0,action="Open URL",url="",target="_self",w=145,h=14,color="#ccccff",type="rectangle",arc diameter=20,transparent=false,legend=Label,font="Helvetica",size=10,font color="black")
text(name="APP_Deckmen_Label_2",label="Deckmen",x=0,y=0,action="Open URL",url="",target="main",entity="",datasource="NCOMS",flash="true",font="Helvetica",size=10,justify="center",style="p",color="white")
text(name="APP_Deckmen_Label_1",label="Deckmen",x=0,y=0,action="Open URL",url="",target="main",entity="",datasource="NCOMS",flash="true",font="Helvetica",size=10,justify="center",style="p",color="white")
text(name="visual_6",label="untitled",x=553,y=629,action="Open URL",url="",target="_self",entity="",datasource="NCOMS",flash="true",font="Helvetica",size=10,justify="center",style="p",color="black")
text(name="visual_4",label="untitled",x=521,y=279,action="Open URL",url="",target="_self",entity="",datasource="NCOMS",flash="true",font="Helvetica",size=10,justify="center",style="p",color="black")
text(name="visual_1",label="untitled",x=377,y=594,action="Open URL",url="",target="_self",entity="",datasource="NCOMS",flash="true",font="Helvetica",size=10,justify="center",style="p",color="black")
text(name="SSE NG: FITR Label",label="SSE NG: FITR",x=0,y=130,action="Open URL",url="",target="main",entity="",datasource="NCOMS",flash="true",font="Helvetica",size=10,justify="center",style="p",color="black")
button(name="SSE NG: FITR",label="SSE NG",x=92,y=115,action="Active Event List (AEL)",url="",target="submain",entity="OFF_SSE_SSE_NG_FITR",datasource="NCOMS",flash="true",w=30,h=18,type="rounded",arc diameter=10,legend=Count,font="Helvetica",size=10,font color="black",style="+_fontStyle+")
