map(name="LnC_map",bgColor="#003366",w=160,h=585,acl="*")
button(name="visual_33",label="untitled",x=100,y=545,action="Active Event List (AEL)",url="",target="submain",entity="CMG_APP_GSD_LC_ORI_PROD",datasource="NCOMS",flash="true",w=32,h=20,type="rounded",arc diameter=20,legend=Count,font="Helvetica",size=10,font color="black",style="p")
text(name="visual_18",label="ORI",x=0,y=560,action="Open URL",url="",target="_self",entity="",datasource="NCOMS",flash="true",font="TimesRoman",size=12,justify="center",style="p",color="white")
text(name="visual_17",label="PAD",x=3,y=531,action="Open URL",url="",target="_self",entity="",datasource="NCOMS",flash="true",font="TimesRoman",size=12,justify="center",style="p",color="white")
text(name="visual_16",label="IBSS",x=3,y=500,action="Open URL",url="",target="_self",entity="",datasource="NCOMS",flash="true",font="TimesRoman",size=12,justify="center",style="p",color="white")
text(name="visual_15",label="CBP",x=2,y=470,action="Open URL",url="",target="_self",entity="",datasource="NCOMS",flash="true",font="TimesRoman",size=12,justify="center",style="p",color="white")
text(name="visual_14",label="GSP",x=2,y=435,action="Open URL",url="",target="_self",entity="",datasource="NCOMS",flash="true",font="TimesRoman",size=12,justify="center",style="p",color="white")
text(name="visual_13",label="ETWEB",x=2,y=410,action="Open URL",url="",target="_self",entity="",datasource="NCOMS",flash="true",font="TimesRoman",size=12,justify="center",style="p",color="white")
text(name="visual_12",label="CBT",x=2,y=379,action="Open URL",url="",target="_self",entity="",datasource="NCOMS",flash="true",font="TimesRoman",size=12,justify="center",style="p",color="white")
text(name="visual_11",label="GCIS",x=2,y=352,action="Open URL",url="",target="_self",entity="",datasource="NCOMS",flash="true",font="TimesRoman",size=12,justify="center",style="p",color="white")
text(name="visual_10",label="KMP",x=2,y=320,action="Open URL",url="",target="_self",entity="",datasource="NCOMS",flash="true",font="TimesRoman",size=12,justify="center",style="p",color="white")
text(name="visual_9",label="AOL",x=2,y=291,action="Open URL",url="",target="_self",entity="",datasource="NCOMS",flash="true",font="TimesRoman",size=12,justify="center",style="p",color="white")
text(name="visual_8",label="TGRS",x=2,y=261,action="Open URL",url="",target="_self",entity="",datasource="NCOMS",flash="true",font="TimesRoman",size=12,justify="center",style="p",color="white")
text(name="visual_7",label="Actimize",x=2,y=232,action="Open URL",url="",target="_self",entity="",datasource="NCOMS",flash="true",font="TimesRoman",size=12,justify="center",style="p",color="white")
text(name="visual_6",label="GSS",x=2,y=203,action="Open URL",url="",target="_self",entity="",datasource="NCOMS",flash="true",font="TimesRoman",size=12,justify="center",style="p",color="white")
text(name="visual_5",label="GLS",x=2,y=178,action="Open URL",url="",target="_self",entity="",datasource="NCOMS",flash="true",font="TimesRoman",size=12,justify="center",style="p",color="white")
button(name="visual_49",label="Applications",x=0,y=107,action="Open URL",url="",target="_self",w=170,h=22,color="gray",type="rectangle",arc diameter=20,transparent=false,legend=Label,font="Helvetica",size=16,font color="white")
text(name="visual_47",label="ALL",x=111,y=149,action="Open URL",url="",target="_self",entity="",datasource="NCOMS",flash="true",font="Helvetica",size=10,justify="center",style="p",color="white")
button(name="visual_32",label="untitled",x=100,y=517,action="Active Event List (AEL)",url="",target="submain",entity="CMG_APP_GSD_LC_PAD_PROD",datasource="NCOMS",flash="true",w=32,h=20,type="rounded",arc diameter=20,legend=Count,font="Helvetica",size=10,font color="black",style="p")
button(name="visual_31",label="untitled",x=100,y=486,action="Active Event List (AEL)",url="",target="submain",entity="CMG_APP_GSD_LC_IBSS_PROD",datasource="NCOMS",flash="true",w=32,h=20,type="rounded",arc diameter=20,legend=Count,font="Helvetica",size=10,font color="black",style="p")
button(name="visual_30",label="untitled",x=100,y=456,action="Active Event List (AEL)",url="",target="submain",entity="CMG_APP_GSD_LC_CBP_APP_PROD",datasource="NCOMS",flash="true",w=32,h=20,type="rounded",arc diameter=20,legend=Count,font="Helvetica",size=10,font color="black",style="p")
button(name="visual_28",label="untitled",x=100,y=423,action="Active Event List (AEL)",url="",target="submain",entity="CMG_APP_GSD_LC_GSP_PROD",datasource="NCOMS",flash="true",w=32,h=20,type="rounded",arc diameter=20,legend=Count,font="Helvetica",size=10,font color="black",style="p")
button(name="visual_27",label="untitled",x=100,y=394,action="Active Event List (AEL)",url="",target="submain",entity="CMG_APP_GSD_LC_ETWEB_PROD",datasource="NCOMS",flash="true",w=32,h=20,type="rounded",arc diameter=20,legend=Count,font="Helvetica",size=10,font color="black",style="p")
button(name="visual_26",label="untitled",x=100,y=366,action="Active Event List (AEL)",url="",target="submain",entity="CMG_APP_GSD_LC_CBT_PROD",datasource="NCOMS",flash="true",w=32,h=20,type="rounded",arc diameter=20,legend=Count,font="Helvetica",size=10,font color="black",style="p")
button(name="visual_25",label="untitled",x=100,y=340,action="Active Event List (AEL)",url="",target="submain",entity="CMG_APP_GSD_LC_CTG_PROD",datasource="NCOMS",flash="true",w=32,h=20,type="rounded",arc diameter=20,legend=Count,font="Helvetica",size=10,font color="black",style="p")
button(name="visual_24",label="untitled",x=100,y=311,action="Active Event List (AEL)",url="",target="submain",entity="CMG_APP_GSD_LC_KMP_PROD",datasource="NCOMS",flash="true",w=32,h=20,type="rounded",arc diameter=20,legend=Count,font="Helvetica",size=10,font color="black",style="p")
button(name="visual_23",label="untitled",x=100,y=281,action="Active Event List (AEL)",url="",target="submain",entity="CMG_APP_GSD_LC_AOL_PROD",datasource="NCOMS",flash="true",w=32,h=20,type="rounded",arc diameter=20,legend=Count,font="Helvetica",size=10,font color="black",style="p")
button(name="visual_22",label="untitled",x=100,y=250,action="Active Event List (AEL)",url="",target="submain",entity="CMG_APP_GSD_LC_TGRS_PROD",datasource="NCOMS",flash="true",w=32,h=20,type="rounded",arc diameter=20,legend=Count,font="Helvetica",size=10,font color="black",style="p")
button(name="visual_21",label="untitled",x=100,y=220,action="Active Event List (AEL)",url="",target="submain",entity="CMG_APP_GSD_LC_ACTIMIZE_PROD",datasource="NCOMS",flash="true",w=32,h=20,type="rounded",arc diameter=20,legend=Count,font="Helvetica",size=10,font color="black",style="p")
button(name="visual_20",label="untitled",x=100,y=188,action="Active Event List (AEL)",url="",target="submain",entity="CMG_APP_GSD_LC_GSS_PROD",datasource="NCOMS",flash="true",w=32,h=20,type="rounded",arc diameter=20,legend=Count,font="Helvetica",size=10,font color="black",style="p")
button(name="visual_19",label="untitled",x=100,y=160,action="Active Event List (AEL)",url="",target="submain",entity="CMG_APP_GSD_LC_GLS_PROD",datasource="NCOMS",flash="true",w=32,h=20,type="rounded",arc diameter=20,legend=Count,font="Helvetica",size=10,font color="black",style="p")
button(name="visual_4",label="untitled",x=358,y=242,action="Open URL",url="",target="_self",w=50,h=25,color="gray",type="rectangle",arc diameter=20,transparent=false,legend=None,font="Helvetica",size=10,font color="black")
button(name="visual_3",label="LnC",x=9,y=0,action="Open URL",url="",target="_self",w=125,h=28,color="#003366",type="rounded",arc diameter=20,transparent=false,legend=Label,font="Helvetica",size=20,font color="white")
monitor(name="visual_2",label="ALL",x=80,y=31,action="Active Event List (AEL)",url="",target="submain",entity="CMG_LNC_ALL",datasource="NCOMS",flash="true",w=73,h=71,w=73,h=71,type="lavalamp",show label=true,show total=true,show highest=false,show lowest=false,show metric=false,foreground color=black,background color=#ffffcc,font=Helvetica,size=10,style=p,show highest severity as border=true)
monitor(name="visual_1",label="Unack",x=0,y=32,action="Active Event List (AEL)",url="",target="submain",entity="CMG_LNC_UNACK",datasource="NCOMS",flash="true",w=73,h=71,w=73,h=71,type="lavalamp",show label=true,show total=true,show highest=false,show lowest=false,show metric=false,foreground color=black,background color=#ffffcc,font=Helvetica,size=10,style=p,show highest severity as border=true)
