map(name="MA_visio",bgImage="ma.gif",bgColor="white",w="750",h="500",acl="*")
text(datasource="NCOMS",action="Open URL",flash="true",target="_self",entity="",justify="center",font="Helvetica",color="black",label="MA HUB Cluster",style="b",y="0",url="",size="11",name="visual_46",x="0")
text(datasource="NCOMS",action="Open URL",flash="true",target="_self",entity="",justify="center",font="Helvetica",color="black",label="sstmc081pn3",style="",y="315",url="",size="10",name="visual_41",x="337")
text(datasource="NCOMS",action="Open URL",flash="true",target="_self",entity="",justify="center",font="Helvetica",color="black",label="sstmc081pn1 sstmc081pn2",style="",y="302",url="",size="10",name="visual_37",x="302")
text(datasource="NCOMS",action="Open URL",flash="true",target="_self",entity="",justify="center",font="Helvetica",color="black",label="SSO STM",style="b",y="125",url="",size="11",name="visual_40",x="435")
text(datasource="NCOMS",action="Open URL",flash="true",target="_self",entity="",justify="center",font="Helvetica",color="black",label="nldn1178pau",style="b",y="130",url="",size="11",name="visual_45",x="655")
text(datasource="NCOMS",action="Open URL",flash="true",target="_self",entity="",justify="center",font="Helvetica",color="black",label="MA DATABASE",style="b",y="125",url="",size="11",name="visual_44",x="25")
text(datasource="NCOMS",action="Open URL",flash="true",target="_self",entity="",justify="center",font="Helvetica",color="black",label="sstmc081v01por",style="b",y="135",url="",size="11",name="visual_43",x="25")
text(datasource="NCOMS",action="Open URL",flash="true",target="_self",entity="",justify="center",font="Helvetica",color="black",label="SSO LDN",style="b",y="125",url="",size="11",name="visual_39",x="230")
text(datasource="NCOMS",action="Open URL",flash="true",target="_self",entity="",justify="center",font="Helvetica",color="black",label="AD DC",style="b",y="120",url="",size="11",name="visual_38",x="670")
text(datasource="NCOMS",action="Open URL",flash="true",target="_self",entity="",justify="center",font="Helvetica",color="black",label="MA HUB Cluster",style="b",y="289",url="",size="11",name="visual_36",x="320")
text(datasource="NCOMS",action="Open URL",flash="true",target="_self",entity="",justify="center",font="Helvetica",color="black",label="snyc0145pap",style="b",y="460",url="",size="11",name="visual_35",x="665")
text(datasource="NCOMS",action="Open URL",flash="true",target="_self",entity="",justify="center",font="Helvetica",color="black",label="schi0181pap",style="b",y="390",url="",size="11",name="visual_34",x="665")
text(datasource="NCOMS",action="Open URL",flash="true",target="_self",entity="",justify="center",font="Helvetica",color="black",label="sstm8975pap",style="b",y="315",url="",size="11",name="visual_33",x="665")
text(datasource="NCOMS",action="Open URL",flash="true",target="_self",entity="",justify="center",font="Helvetica",color="black",label="AMER3(NYC)",style="b",y="450",url="",size="11",name="visual_32",x="670")
text(datasource="NCOMS",action="Open URL",flash="true",target="_self",entity="",justify="center",font="Helvetica",color="black",label="AMER2(CHI)",style="b",y="380",url="",size="11",name="visual_31",x="670")
text(datasource="NCOMS",action="Open URL",flash="true",target="_self",entity="",justify="center",font="Helvetica",color="black",label="AMER1(STM)",style="b",y="305",url="",size="11",name="visual_30",x="670")
text(datasource="NCOMS",action="Open URL",flash="true",target="_self",entity="",justify="center",font="Helvetica",color="black",label="APAC3(TKY)",style="b",y="450",url="",size="11",name="visual_29",x="530")
text(datasource="NCOMS",action="Open URL",flash="true",target="_self",entity="",justify="center",font="Helvetica",color="black",label="stky1032pap",style="b",y="460",url="",size="11",name="visual_28",x="525")
text(datasource="NCOMS",action="Open URL",flash="true",target="_self",entity="",justify="center",font="Helvetica",color="black",label="ssng1036pap",style="b",y="460",url="",size="11",name="visual_27",x="405")
text(datasource="NCOMS",action="Open URL",flash="true",target="_self",entity="",justify="center",font="Helvetica",color="black",label="ssng1035pap",style="b",y="465",url="",size="11",name="visual_26",x="275")
text(datasource="NCOMS",action="Open URL",flash="true",target="_self",entity="",justify="center",font="Helvetica",color="black",label="APAC2(SNG)",style="b",y="450",url="",size="11",name="visual_25",x="405")
text(datasource="NCOMS",action="Open URL",flash="true",target="_self",entity="",justify="center",font="Helvetica",color="black",label="sopf0049pap",style="b",y="465",url="",size="11",name="visual_24",x="140")
text(datasource="NCOMS",action="Open URL",flash="true",target="_self",entity="",justify="center",font="Helvetica",color="black",label="EMEA3(Hayes)",style="b",y="450",url="",size="11",name="visual_23",x="5")
text(datasource="NCOMS",action="Open URL",flash="true",target="_self",entity="",justify="center",font="Helvetica",color="black",label="sldn0280pap",style="b",y="385",url="",size="11",name="visual_22",x="10")
text(datasource="NCOMS",action="Open URL",flash="true",target="_self",entity="",justify="center",font="Helvetica",color="black",label="sldn0279pap",style="b",y="315",url="",size="11",name="visual_21",x="10")
text(datasource="NCOMS",action="Open URL",flash="true",target="_self",entity="",justify="center",font="Helvetica",color="black",label="APAC1(SNG)",style="b",y="455",url="",size="11",name="visual_20",x="280")
text(datasource="NCOMS",action="Open URL",flash="true",target="_self",entity="",justify="center",font="Helvetica",color="black",label="EMEA4(OPF)",style="b",y="455",url="",size="11",name="visual_19",x="140")
text(datasource="NCOMS",action="Open URL",flash="true",target="_self",entity="",justify="center",font="Helvetica",color="black",label="sldn0281pap",style="b",y="460",url="",size="11",name="visual_18",x="5")
text(datasource="NCOMS",action="Open URL",flash="true",target="_self",entity="",justify="center",font="Helvetica",color="black",label="EMEA2(100LS)",style="b",y="375",url="",size="11",name="visual_17",x="10")
text(datasource="NCOMS",action="Open URL",flash="true",target="_self",entity="",justify="center",font="Helvetica",color="black",label="EMEA1(100LS)",style="b",y="303",url="",size="11",name="visual_16",x="9")
button(legend="None",arc diameter="20",type="ellipse",url="",datasource="NCOMS",label="untitled",font color="black",y="101",x="629",w="120",entity="ADPOOL",font="Helvetica",size="10",flash="true",action="Active Event List (AEL)",h="46",style="p",target="_self",name="visual_15")
button(legend="None",arc diameter="20",type="ellipse",url="",datasource="NCOMS",label="untitled",font color="black",y="101",x="2",w="120",entity="MADB",font="Helvetica",size="10",flash="true",action="Active Event List (AEL)",h="46",style="p",target="_self",name="visual_14")
button(legend="None",arc diameter="20",type="rounded",url="",datasource="NCOMS",label="untitled",font color="black",y="269",x="297",w="139",entity="MAHUB",font="Helvetica",size="10",flash="true",action="Active Event List (AEL)",h="55",style="p",target="_self",name="visual_13")
button(legend="None",arc diameter="20",type="rectangle",url="",datasource="NCOMS",label="untitled",font color="black",y="100",x="410",w="101",entity="SSOSTM",font="Helvetica",size="10",flash="true",action="Active Event List (AEL)",h="40",style="p",target="_self",name="visual_12")
button(legend="None",arc diameter="20",type="rectangle",url="",datasource="NCOMS",label="untitled",font color="black",y="100",x="205",w="96",entity="SSOLDN",font="Helvetica",size="10",flash="true",action="Active Event List (AEL)",h="40",style="p",target="_self",name="visual_11")
button(legend="None",arc diameter="20",type="rectangle",url="",datasource="NCOMS",label="untitled",font color="black",y="286",x="2",w="96",entity="EMEA1",font="Helvetica",size="10",flash="true",action="Active Event List (AEL)",h="40",style="p",target="_self",name="visual_10")
button(legend="None",arc diameter="20",type="rectangle",url="",datasource="NCOMS",label="untitled",font color="black",y="360",x="0",w="96",entity="EMEA2",font="Helvetica",size="10",flash="true",action="Active Event List (AEL)",h="40",style="p",target="_self",name="visual_9")
button(legend="None",arc diameter="20",type="rectangle",url="",datasource="NCOMS",label="untitled",font color="black",y="435",x="0",w="96",entity="EMEA3",font="Helvetica",size="10",flash="true",action="Active Event List (AEL)",h="40",style="p",target="_self",name="visual_8")
button(legend="None",arc diameter="20",type="rectangle",url="",datasource="NCOMS",label="untitled",font color="black",y="286",x="656",w="96",entity="AMER1",font="Helvetica",size="10",flash="true",action="Active Event List (AEL)",h="40",style="p",target="_self",name="visual_7")
button(legend="None",arc diameter="20",type="rectangle",url="",datasource="NCOMS",label="untitled",font color="black",y="362",x="654",w="96",entity="AMER2",font="Helvetica",size="10",flash="true",action="Active Event List (AEL)",h="40",style="p",target="_self",name="visual_6")
button(legend="None",arc diameter="20",type="rectangle",url="",datasource="NCOMS",label="untitled",font color="black",y="435",x="652",w="96",entity="AMER3",font="Helvetica",size="10",flash="true",action="Active Event List (AEL)",h="40",style="p",target="_self",name="visual_5")
button(legend="None",arc diameter="20",type="rectangle",url="",datasource="NCOMS",label="untitled",font color="black",y="436",x="524",w="96",entity="APAC3",font="Helvetica",size="10",flash="true",action="Active Event List (AEL)",h="40",style="p",target="_self",name="visual_4")
button(legend="None",arc diameter="20",type="rectangle",url="",datasource="NCOMS",label="untitled",font color="black",y="435",x="393",w="96",entity="APAC2",font="Helvetica",size="10",flash="true",action="Active Event List (AEL)",h="40",style="p",target="_self",name="visual_3")
button(legend="None",arc diameter="20",type="rectangle",url="",datasource="NCOMS",label="untitled",font color="black",y="436",x="262",w="96",entity="APAC1",font="Helvetica",size="10",flash="true",action="Active Event List (AEL)",h="40",style="p",target="_self",name="visual_2")
button(legend="None",arc diameter="20",type="rectangle",url="",datasource="NCOMS",label="untitled",font color="black",y="437",x="132",w="96",entity="EMEA4",font="Helvetica",size="10",flash="true",action="Active Event List (AEL)",h="40",style="p",target="_self",name="visual_1")
