map(name="MAP_CD_PROD_AEL",bgImage="",bgColor="#c6d2e2",w="990",h="340",acl="*")
monitor(show highest="false",type="histogram",url="javascript:SetURLView('/Template/firc_creditdelta/showaelent.html?title=Active Events List: All&amp;entity=ENT_CD_SITESCOPE&amp;showinframe=false&amp;width=100%&amp;height=100%&amp;monitortitle=Active Alerts');",show lowest="false",show highest severity as border="false",datasource="NCOMS",label="All CreditDelta Alerts",show total="true",y="200",x="740",w="245",entity="ENT_CD_SITESCOPE",font="Verdana",size="10",flash="true",action="Open URL",show label="true",h="130",foreground color="black",style="p",background color="lightGray",show metric="false",target="_self",name="vAll_1")
monitor(show highest="false",type="histogram",url="javascript:SetURLView('/Template/firc_creditdelta/showaelent.html?title=Active Events List: Singapore&amp;entity=ENT_CD_SNGALL&amp;showinframe=false&amp;width=100%&amp;height=100%&amp;monitortitle=Active Alerts');",show lowest="false",show highest severity as border="false",datasource="NCOMS",label="Singapore Alerts",show total="false",y="0",x="497",w="245",entity="ENT_CD_SNGALL",font="Verdana",size="10",flash="true",action="Open URL",show label="true",h="200",foreground color="black",style="p",background color="lightGray",show metric="true",target="_self",name="vSingapore")
monitor(show highest="false",type="histogram",url="javascript:SetURLView('/Template/firc_creditdelta/showaelent.html?title=Active Events List: London&amp;entity=ENT_CD_LDNALL&amp;showinframe=false&amp;width=100%&amp;height=100%&amp;monitortitle=Active Alerts');",show lowest="false",show highest severity as border="false",datasource="NCOMS",label="London Alerts",show total="false",y="0",x="248",w="245",entity="ENT_CD_LDNALL",font="Verdana",size="10",flash="true",action="Open URL",show label="true",h="200",foreground color="black",style="p",background color="lightGray",show metric="true",target="_self",name="vLondon")
monitor(show highest="false",type="histogram",url="javascript:SetURLView('/Template/firc_creditdelta/showaelent.html?title=Active Events List: Stamford&amp;entity=ENT_CD_STMALL&amp;showinframe=false&amp;width=100%&amp;height=100%&amp;monitortitle=Active Alerts');",show lowest="false",show highest severity as border="false",datasource="NCOMS",label="Stamford Alerts",show total="false",y="0",x="0",w="245",entity="ENT_CD_STMALL",font="Verdana",size="10",flash="true",action="Open URL",show label="true",h="200",foreground color="black",style="p",background color="lightGray",show metric="true",target="_self",name="vStamford")
monitor(show highest="false",type="histogram",url="javascript:SetURLView('/Template/firc_creditdelta/showaelent.html?title=Active Events List: All&amp;entity=ENT_CD_ALLREGIONS&amp;showinframe=false&amp;width=100%&amp;height=100%&amp;monitortitle=Active Alerts');",show lowest="false",show highest severity as border="false",datasource="NCOMS",label="All Alerts",show total="true",y="0",x="740",w="245",entity="ENT_CD_ALLREGIONS",font="Verdana",size="10",flash="true",action="Open URL",show label="true",h="200",foreground color="black",style="p",background color="lightGray",show metric="false",target="_self",name="vAll")
