map(name="MAP_CD_QA",bgImage="",bgColor="#c6d2e2",w="1085",h="545",acl="*")
text(datasource="NCOMS",action="Open URL",flash="true",target="_self",entity="",justify="center",font="Helvetica",color="black",label="LN_FI_T1_SQL",style="p",y="525",url="",size="12",name="visual_1",x="305")
icon(legend="None",arc diameter="20",type="rectangle",url="javascript:ExecThis('DBArt810.exe');",datasource="NCOMS",label="",font color="black",y="435",x="365",w="16",entity="",font="Tahoma",size="9",image="CDArtisanLogo.gif",flash="true",action="Open URL",entity status indicator="Highlight Bar",h="13",style="p",target="_self",name="vRDP_32")
icon(legend="None",arc diameter="20",type="rectangle",url="javascript:OpenDrive('nldn8015dww','d$');",datasource="NCOMS",label="",font color="black",y="240",x="575",w="16",entity="",font="Tahoma",size="9",image="CDHardDrive.gif",flash="true",action="Open URL",entity status indicator="Highlight Bar",h="16",style="p",target="_self",name="vRDP_27")
icon(legend="None",arc diameter="20",type="rectangle",url="javascript:OpenDrive('nldn8126pww','d$');",datasource="NCOMS",label="",font color="black",y="335",x="310",w="16",entity="",font="Tahoma",size="9",image="CDHardDrive.gif",flash="true",action="Open URL",entity status indicator="Highlight Bar",h="16",style="p",target="_self",name="vRDP_28")
icon(legend="None",arc diameter="20",type="rectangle",url="javascript:OpenDrive('nldn8349dww','d$');",datasource="NCOMS",label="",font color="black",y="240",x="85",w="16",entity="",font="Tahoma",size="9",image="CDHardDrive.gif",flash="true",action="Open URL",entity status indicator="Highlight Bar",h="16",style="p",target="_self",name="vRDP_26")
icon(legend="None",arc diameter="20",type="rectangle",url="javascript:OpenDrive('nldn9624pap','d$');",datasource="NCOMS",label="",font color="black",y="155",x="310",w="16",entity="",font="Tahoma",size="9",image="CDHardDrive.gif",flash="true",action="Open URL",entity status indicator="Highlight Bar",h="16",style="p",target="_self",name="vRDP_22")
icon(legend="None",arc diameter="20",type="rectangle",url="javascript:OpenDrive('nldn8779PWW','d$');",datasource="NCOMS",label="",font color="black",y="70",x="310",w="16",entity="",font="Tahoma",size="9",image="CDHardDrive.gif",flash="true",action="Open URL",entity status indicator="Highlight Bar",h="16",style="p",target="_self",name="vRDP_20")
icon(legend="None",arc diameter="20",type="rectangle",url="http://NLDN9624PAP:8000",datasource="NCOMS",label="",font color="black",y="185",x="365",w="16",entity="",font="Tahoma",size="9",image="CDgridadmin.gif",flash="true",action="Open URL",entity status indicator="Highlight Bar",h="16",style="p",target="_blank",name="vRDP_19")
icon(legend="None",arc diameter="20",type="rectangle",url="$(SERVER)/applications/APP_CREDITDELTA/shortcuts/NLDN8015DWW.rdp",datasource="NCOMS",label="",font color="black",y="240",x="630",w="16",entity="",font="Tahoma",size="9",image="rdp.gif",flash="true",action="Open URL",entity status indicator="Highlight Bar",h="16",style="p",target="_self",name="vRDP_18")
icon(legend="Count",arc diameter="20",type="rounded",url="javascript:SetAlertView('MAP_CD_UAT','ENT_CD_NLDN8015DWW','NLDN8015DWW');",datasource="NCOMS",label="NLDN8015DWW",font color="#003366",y="240",x="565",w="90",entity="ENT_CD_NLDN8015DWW",font="Tahoma",size="9",image="CDcalcbtchsmall.gif",flash="true",action="Open URL",entity status indicator="Highlight Bar",h="84",style="p",target="_self",name="vNLDN8015DWW_1")
icon(legend="None",arc diameter="20",type="rectangle",url="$(SERVER)/applications/APP_CREDITDELTA/shortcuts/NLDN8349DWW.rdp",datasource="NCOMS",label="",font color="black",y="240",x="140",w="16",entity="",font="Tahoma",size="9",image="rdp.gif",flash="true",action="Open URL",entity status indicator="Highlight Bar",h="16",style="p",target="_self",name="vRDP_23")
icon(legend="None",arc diameter="20",type="rectangle",url="$(SERVER)/applications/APP_CREDITDELTA/shortcuts/NLDN8779PWW.rdp",datasource="NCOMS",label="",font color="black",y="70",x="365",w="16",entity="",font="Tahoma",size="9",image="rdp.gif",flash="true",action="Open URL",entity status indicator="Highlight Bar",h="16",style="p",target="_self",name="vRDP_7")
icon(legend="Count",arc diameter="20",type="rounded",url="javascript:SetAlertView('MAP_CD_QA','ENT_CD_NLDN8779PWW','NLDN8779PWW');",datasource="NCOMS",label="NLDN8779PWW",font color="#003366",y="70",x="300",w="90",entity="ENT_CD_NLDN8779PWW",font="Tahoma",size="9",image="CDwebsmall.gif",flash="true",action="Open URL",entity status indicator="Highlight Bar",h="84",style="p",target="_self",name="vNLDN8779PWW")
line(thickness="1",datasource="NCOMS",color="black",x2="1085",label="untitled",y2="420",y="420",name="visual_19",x="0")
line(thickness="1",datasource="NCOMS",color="black",x2="1085",label="untitled",y2="330",y="330",name="visual_18",x="0")
line(thickness="1",datasource="NCOMS",color="black",x2="1085",label="untitled",y2="150",y="150",name="visual_17",x="0")
line(thickness="2",datasource="NCOMS",color="#cc0000",x2="1085",label="untitled",y2="60",y="60",name="visual_16",x="0")
line(thickness="1",datasource="NCOMS",color="black",x2="1085",label="untitled",y2="235",y="235",name="visual_15",x="0")
icon(legend="None",arc diameter="20",type="rectangle",url="",datasource="NCOMS",label="",font color="black",y="450",x="5",w="58",entity="",font="Helvetica",size="10",image="CDdbservers.jpg",flash="true",action="Open URL",entity status indicator="Fill Background",h="43",style="p",target="_self",name="visual_25")
icon(legend="None",arc diameter="20",type="rectangle",url="",datasource="NCOMS",label="",font color="black",y="345",x="5",w="58",entity="",font="Helvetica",size="10",image="CDbatchservers.jpg",flash="true",action="Open URL",entity status indicator="Fill Background",h="43",style="p",target="_self",name="visual_24")
icon(legend="None",arc diameter="20",type="rectangle",url="",datasource="NCOMS",label="",font color="black",y="250",x="5",w="58",entity="",font="Helvetica",size="10",image="CDgridengines.jpg",flash="true",action="Open URL",entity status indicator="Fill Background",h="43",style="p",target="_self",name="visual_23")
icon(legend="None",arc diameter="20",type="rectangle",url="",datasource="NCOMS",label="",font color="black",y="165",x="5",w="58",entity="",font="Helvetica",size="10",image="CDgridbrokers.jpg",flash="true",action="Open URL",entity status indicator="Fill Background",h="42",style="p",target="_self",name="visual_22")
icon(legend="None",arc diameter="20",type="rectangle",url="",datasource="NCOMS",label="",font color="black",y="85",x="5",w="58",entity="",font="Helvetica",size="10",image="CDintwebservers.jpg",flash="true",action="Open URL",entity status indicator="Fill Background",h="40",style="p",target="_self",name="visual_21")
icon(legend="None",arc diameter="20",type="rectangle",url="",datasource="NCOMS",label="",font color="black",y="5",x="5",w="58",entity="",font="Helvetica",size="10",image="CDextwebservers.jpg",flash="true",action="Open URL",entity status indicator="Fill Background",h="41",style="p",target="_self",name="visual_20")
button(legend="Label",arc diameter="20",type="rectangle",url="javascript:ShowMap('MAP_CD_DEVUAT_ALERTS');",datasource="NCOMS",label="Show Graphs",font color="black",y="435",x="80",w="86",entity="",font="Tahoma",size="9",flash="true",action="Open URL",h="26",style="p",target="_self",name="visual_8")
button(legend="Label",arc diameter="20",type="rectangle",url="javascript:SetAlertView('MAP_CD_DEV','ENT_CD_DEVUATPROD','ALL ALERTS');",datasource="NCOMS",label="Show All Alerts",font color="black",y="465",x="80",w="86",entity="",font="Tahoma",size="9",flash="true",action="Open URL",h="26",style="p",target="_self",name="visual_5")
button(legend="Label",arc diameter="20",type="rectangle",url="javascript:SetAlertView('MAP_CREDITDELTA','ENT_CD_PROD','Production');",datasource="NCOMS",label="Show PROD Alerts",font color="black",y="485",x="420",w="111",entity="",font="Tahoma",size="9",flash="true",action="Open URL",h="18",style="p",target="_self",name="visual_9")
button(legend="Label",arc diameter="20",type="rectangle",url="javascript:SetAlertView('MAP_CD_UAT','ENT_CD_UAT','UAT');",datasource="NCOMS",label="Show UAT Alerts",font color="black",y="460",x="420",w="111",entity="",font="Tahoma",size="9",flash="true",action="Open URL",h="18",style="p",target="_self",name="visual_7")
button(legend="Label",arc diameter="20",type="rectangle",url="javascript:SetAlertView('MAP_CD_DEV','ENT_CD_DEV','Development');",datasource="NCOMS",label="Show DEV Alerts",font color="black",y="435",x="420",w="111",entity="",font="Tahoma",size="9",flash="true",action="Open URL",h="18",style="p",target="_self",name="visual_6")
button(legend="Label",arc diameter="20",type="rectangle",url="javascript:SetAlertView('MAP_CD_LONDON','ENT_CD_LDNALL','LONDON');",datasource="NCOMS",label="Show London Alerts",font color="black",y="435",x="545",w="111",entity="",font="Tahoma",size="9",flash="true",action="Open URL",h="18",style="p",target="_self",name="visual_4")
button(legend="Label",arc diameter="20",type="rectangle",url="javascript:SetAlertView('MAP_CREDITDELTA_SINGAPORE','ENT_CD_SNGALL','SINGAPORE');",datasource="NCOMS",label="Show Singapore Alerts",font color="black",y="485",x="545",w="110",entity="",font="Tahoma",size="9",flash="true",action="Open URL",h="18",style="p",target="_self",name="visual_3")
button(legend="Label",arc diameter="20",type="rectangle",url="javascript:SetAlertView('MAP_CREDITDELTA_STAMFORD','ENT_CD_STMALL','STAMFORD');",datasource="NCOMS",label="Show Stamford Alerts",font color="black",y="460",x="545",w="111",entity="",font="Tahoma",size="9",flash="true",action="Open URL",h="18",style="p",target="_self",name="visual_2")
icon(legend="None",arc diameter="20",type="rectangle",url="$(SERVER)/applications/APP_CREDITDELTA/shortcuts/NLDN9624PAP.rdp",datasource="NCOMS",label="",font color="black",y="155",x="365",w="16",entity="",font="Tahoma",size="9",image="rdp.gif",flash="true",action="Open URL",entity status indicator="Highlight Bar",h="16",style="p",target="_self",name="vRDP_29")
icon(legend="None",arc diameter="20",type="rectangle",url="$(SERVER)/applications/APP_CREDITDELTA/shortcuts/NLDN8126PWW.rdp",datasource="NCOMS",label="",font color="black",y="335",x="365",w="16",entity="",font="Tahoma",size="9",image="rdp.gif",flash="true",action="Open URL",entity status indicator="Highlight Bar",h="16",style="p",target="_self",name="vRDP_33")
icon(legend="Count",arc diameter="20",type="rounded",url="javascript:SetAlertView('MAP_CD_UAT','ENT_CD_SLDN1051DSY','SLDN1051DSY');",datasource="NCOMS",label="SLDN1051DSY",font color="#003366",y="435",x="300",w="90",entity="ENT_CD_SLDN1051DSY",font="Tahoma",size="9",image="CDdbserversmall.gif",flash="true",action="Open URL",entity status indicator="Highlight Bar",h="84",style="p",target="_self",name="vSLDN1051DSY")
icon(legend="Count",arc diameter="20",type="rounded",url="javascript:SetAlertView('MAP_CD_UAT','ENT_CD_NLDN8126PWW','NLDN8126PWW');",datasource="NCOMS",label="NLDN8126PWW",font color="#003366",y="335",x="300",w="90",entity="ENT_CD_NLDN8126PWW",font="Tahoma",size="9",image="CDcalcbtchsmall.gif",flash="true",action="Open URL",entity status indicator="Highlight Bar",h="84",style="p",target="_self",name="vNLDN8126PWW")
icon(legend="Count",arc diameter="20",type="rounded",url="javascript:SetAlertView('MAP_CD_UAT','ENT_CD_NLDN8349DWW','NLDN8349DWW');",datasource="NCOMS",label="NLDN8349DWW",font color="#003366",y="240",x="75",w="90",entity="ENT_CD_NLDN8349DWW",font="Tahoma",size="9",image="CDcalcbtchsmall.gif",flash="true",action="Open URL",entity status indicator="Highlight Bar",h="84",style="p",target="_self",name="vNLDN8349DWW")
icon(legend="Count",arc diameter="20",type="rounded",url="javascript:SetAlertView('MAP_CD_UAT','ENT_CD_NLDN9624PAP','NLDN9624PAP');",datasource="NCOMS",label="NLDN9624PAP",font color="#003366",y="155",x="300",w="90",entity="ENT_CD_NLDN9624PAP",font="Tahoma",size="9",image="CDcalcbtchsmall.gif",flash="true",action="Open URL",entity status indicator="Highlight Bar",h="84",style="p",target="_self",name="vNLDN9624PAP")
