map(name="MAP_CD_SINGAPORE_WIN2K",bgImage="",bgColor="#c6d2e2",w="1085",h="540",acl="AdminGroup")
icon(legend="Count",arc diameter="20",type="rounded",url="javascript:SetAlertView('MAP_CREDITDELTA_SINGAPORE','ENT_CD_NSNG8039PAP','NSNG8039PAP');",datasource="NCOMS",label="NSNG8039PAP",font color="#003366",y="270",x="185",w="90",entity="ENT_CD_NSNG8039PAP",font="Tahoma",size="9",image="CDcalcbtchsmall.gif",flash="true",action="Open URL",entity status indicator="Highlight Bar",h="84",style="p",target="_self",name="vNSNG8039PAP_1")
icon(legend="None",arc diameter="20",type="rectangle",url="$(SERVER)/applications/APP_CREDITDELTA/shortcuts/NSNG8041PAP.rdp",datasource="NCOMS",label="",font color="black",y="285",x="340",w="16",entity="",font="Tahoma",size="9",image="rdp.gif",flash="true",action="Open URL",entity status indicator="Highlight Bar",h="16",style="p",target="_self",name="vRDP_33")
icon(legend="None",arc diameter="20",type="rectangle",url="$(SERVER)/applications/APP_CREDITDELTA/shortcuts/NSNG8040PAP.rdp",datasource="NCOMS",label="",font color="black",y="285",x="150",w="16",entity="",font="Tahoma",size="9",image="rdp.gif",flash="true",action="Open URL",entity status indicator="Highlight Bar",h="16",style="p",target="_self",name="vRDP_32")
icon(legend="Count",arc diameter="20",type="rounded",url="javascript:SetAlertView('MAP_CREDITDELTA_SINGAPORE','ENT_CD_NSNG8041PAP','NSNG8041PAP');",datasource="NCOMS",label="NSNG8041PAP",font color="#003366",y="285",x="275",w="90",entity="ENT_CD_NSNG8041PAP",font="Tahoma",size="9",image="CDcalcbtchsmall.gif",flash="true",action="Open URL",entity status indicator="Highlight Bar",h="84",style="p",target="_self",name="vNSNG8041PAP")
icon(legend="Count",arc diameter="20",type="rounded",url="javascript:SetAlertView('MAP_CREDITDELTA_SINGAPORE','ENT_CD_NSNG8040PAP','NSNG8040PAP');",datasource="NCOMS",label="NSNG8040PAP",font color="#003366",y="285",x="85",w="90",entity="ENT_CD_NSNG8040PAP",font="Tahoma",size="9",image="CDcalcbtchsmall.gif",flash="true",action="Open URL",entity status indicator="Highlight Bar",h="84",style="p",target="_self",name="vNSNG8040PAP")
line(thickness="1",datasource="NCOMS",color="black",x2="1085",label="untitled",y2="440",y="440",name="visual_19",x="0")
line(thickness="1",datasource="NCOMS",color="black",x2="1085",label="untitled",y2="375",y="375",name="visual_18",x="0")
line(thickness="1",datasource="NCOMS",color="black",x2="1085",label="untitled",y2="185",y="185",name="visual_17",x="0")
line(thickness="2",datasource="NCOMS",color="#cc0000",x2="1085",label="untitled",y2="100",y="100",name="visual_16",x="0")
line(thickness="1",datasource="NCOMS",color="black",x2="1085",label="untitled",y2="268",y="268",name="visual_15",x="0")
icon(legend="None",arc diameter="20",type="rectangle",url="",datasource="NCOMS",label="",font color="black",y="460",x="5",w="58",entity="",font="Helvetica",size="10",image="CDdbservers.jpg",flash="true",action="Open URL",entity status indicator="Fill Background",h="43",style="p",target="_self",name="visual_25")
icon(legend="None",arc diameter="20",type="rectangle",url="",datasource="NCOMS",label="",font color="black",y="385",x="5",w="58",entity="",font="Helvetica",size="10",image="CDbatchservers.jpg",flash="true",action="Open URL",entity status indicator="Fill Background",h="43",style="p",target="_self",name="visual_24")
icon(legend="None",arc diameter="20",type="rectangle",url="",datasource="NCOMS",label="",font color="black",y="295",x="5",w="58",entity="",font="Helvetica",size="10",image="CDgridengines.jpg",flash="true",action="Open URL",entity status indicator="Fill Background",h="43",style="p",target="_self",name="visual_23")
icon(legend="None",arc diameter="20",type="rectangle",url="",datasource="NCOMS",label="",font color="black",y="205",x="5",w="58",entity="",font="Helvetica",size="10",image="CDgridbrokers.jpg",flash="true",action="Open URL",entity status indicator="Fill Background",h="42",style="p",target="_self",name="visual_22")
icon(legend="None",arc diameter="20",type="rectangle",url="",datasource="NCOMS",label="",font color="black",y="120",x="5",w="58",entity="",font="Helvetica",size="10",image="CDintwebservers.jpg",flash="true",action="Open URL",entity status indicator="Fill Background",h="40",style="p",target="_self",name="visual_21")
icon(legend="None",arc diameter="20",type="rectangle",url="",datasource="NCOMS",label="",font color="black",y="25",x="5",w="58",entity="",font="Helvetica",size="10",image="CDextwebservers.jpg",flash="true",action="Open URL",entity status indicator="Fill Background",h="41",style="p",target="_self",name="visual_20")
button(legend="Label",arc diameter="20",type="rounded",url="javascript:ShowMap('MAP_CD_PROD_VIEW_ALERTS');",datasource="NCOMS",label="Show Graphs",font color="black",y="460",x="80",w="86",entity="",font="Tahoma",size="9",flash="true",action="Open URL",h="26",style="p",target="_self",name="visual_8")
button(legend="Label",arc diameter="20",type="rounded",url="javascript:SetAlertView('MAP_CREDITDELTA','ENT_CD_ALL','ALL ALERTS');",datasource="NCOMS",label="Show All Alerts",font color="black",y="490",x="80",w="86",entity="",font="Tahoma",size="9",flash="true",action="Open URL",h="26",style="p",target="_self",name="visual_5")
button(legend="Label",arc diameter="20",type="rounded",url="javascript:SetAlertView('MAP_CREDITDELTA_LONDON','ENT_CD_LDN','LONDON');",datasource="NCOMS",label="Show London Alerts",font color="black",y="480",x="280",w="113",entity="",font="Tahoma",size="9",flash="true",action="Open URL",h="18",style="p",target="_self",name="visual_4")
button(legend="Label",arc diameter="20",type="rounded",url="javascript:SetAlertView('MAP_CREDITDELTA_SINGAPORE','ENT_CD_SNG','SINGAPORE');",datasource="NCOMS",label="Show Singapore Alerts",font color="black",y="500",x="280",w="112",entity="",font="Tahoma",size="9",flash="true",action="Open URL",h="18",style="p",target="_self",name="visual_3")
button(legend="Label",arc diameter="20",type="rounded",url="javascript:SetAlertView('MAP_CREDITDELTA_STAMFORD','ENT_CD_STM','STAMFORD');",datasource="NCOMS",label="Show Stamford Alerts",font color="black",y="460",x="280",w="111",entity="",font="Tahoma",size="9",flash="true",action="Open URL",h="18",style="p",target="_self",name="visual_2")
icon(legend="None",arc diameter="20",type="rectangle",url="$(SERVER)/applications/APP_CREDITDELTA/shortcuts/NSTM0181XWW.rdp",datasource="NCOMS",label="",font color="black",y="15",x="250",w="16",entity="",font="Tahoma",size="9",image="rdp.gif",flash="true",action="Open URL",entity status indicator="Highlight Bar",h="16",style="p",target="_self",name="vRDP_4")
icon(legend="None",arc diameter="20",type="rectangle",url="$(SERVER)/applications/APP_CREDITDELTA/shortcuts/NSNG0179PWW.rdp",datasource="NCOMS",label="",font color="black",y="105",x="250",w="16",entity="",font="Tahoma",size="9",image="rdp.gif",flash="true",action="Open URL",entity status indicator="Highlight Bar",h="16",style="p",target="_self",name="vRDP_15")
icon(legend="None",arc diameter="20",type="rectangle",url="$(SERVER)/applications/APP_CREDITDELTA/shortcuts/NSNG8039PAP.rdp",datasource="NCOMS",label="",font color="black",y="190",x="250",w="16",entity="",font="Tahoma",size="9",image="rdp.gif",flash="true",action="Open URL",entity status indicator="Highlight Bar",h="16",style="p",target="_self",name="vRDP_18")
icon(legend="Count",arc diameter="20",type="rounded",url="javascript:SetAlertView('MAP_CREDITDELTA_SINGAPORE','ENT_CD_SSNG1255PSY','SSNG1255PSY');",datasource="NCOMS",label="SSNG1255PSY",font color="#003366",y="455",x="185",w="90",entity="ENT_CD_SSNG1255PSY",font="Tahoma",size="9",image="CDdbserversmall.gif",flash="true",action="Open URL",entity status indicator="Highlight Bar",h="84",style="p",target="_self",name="vSSNG1255PSY")
icon(legend="Count",arc diameter="20",type="rounded",url="javascript:SetAlertView('MAP_CREDITDELTA_SINGAPORE','ENT_CD_NSNG8039PAP','NSNG8039PAP');",datasource="NCOMS",label="NSNG8039PAP",font color="#003366",y="190",x="185",w="90",entity="ENT_CD_NSNG8039PAP",font="Tahoma",size="9",image="CDcalcbtchsmall.gif",flash="true",action="Open URL",entity status indicator="Highlight Bar",h="84",style="p",target="_self",name="vNSNG8039PAP")
icon(legend="Count",arc diameter="20",type="rounded",url="javascript:SetAlertView('MAP_CREDITDELTA_SINGAPORE','ENT_CD_NSNG0179PWW','NSNG0179PWW');",datasource="NCOMS",label="NSNG0179PWW",font color="#003366",y="105",x="185",w="90",entity="ENT_CD_NSNG0179PWW",font="Tahoma",size="9",image="CDwebsmall.gif",flash="true",action="Open URL",entity status indicator="Highlight Bar",h="84",style="p",target="_self",name="vNSNG0179PWW")
icon(legend="Count",arc diameter="20",type="rounded",url="javascript:SetAlertView('MAP_CREDITDELTA_SINGAPORE','ENT_CD_NSNG0181XWW','NSNG0181XWW');",datasource="NCOMS",label="NSNG0181XWW",font color="#003366",y="15",x="185",w="90",entity="ENT_CD_NSNG0181XWW",font="Tahoma",size="9",image="CDwebsmall.gif",flash="true",action="Open URL",entity status indicator="Highlight Bar",h="84",style="p",target="_self",name="vNSNG0181XWW")
