map(name="MonDiS_WMSB",bgColor="#003366",w=228,h=525,acl="*")
button(name="WMSB_MOM_unack_1",label="WMSB_MOM_unack",x=185,y=330,action="Active Event List (AEL)",url="",target="main4.html",entity="mom_unack_WMI",datasource="NCOMS",flash="true",w=40,h=25,type="rectangle",arc diameter=20,legend=Count,font="Helvetica",size=10,font color="black",style="p")
button(name="WMSB_MOM_ack_1",label="WMSB_MOM_ack",x=142,y=330,action="Active Event List (AEL)",url="",target="main",entity="mom_ack_WMI",datasource="NCOMS",flash="true",w=40,h=25,type="rectangle",arc diameter=20,legend=Count,font="Helvetica",size=10,font color="black",style="p")
button(name="WMSB_MOM_total_1",label="WMSB_MOM_total",x=98,y=330,action="Active Event List (AEL)",url="",target="main",entity="mom_WMI",datasource="NCOMS",flash="true",w=40,h=25,type="rectangle",arc diameter=20,legend=Count,font="Helvetica",size=10,font color="#333300",style="p")
text(name="WMSB_MOM_block_WMI",label="MOM WMI",x=7,y=345,action="Open URL",url="",target="main",entity="",datasource="NCOMS",flash="true",font="Helvetica",size=11,justify="center",style="p",color="white")
text(name="Note-Infotext2",label="Critical events",x=7,y=135,action="Open URL",url="",target="main",entity="",datasource="NCOMS",flash="true",font="Helvetica",size=11,justify="center",style="bi",color="white")
text(name="WMSB_xyz_unack_block_3",label=" Unack",x=188,y=400,action="Open URL",url="",target="main",entity="",datasource="NCOMS",flash="true",font="Helvetica",size=11,justify="center",style="i",color="white")
text(name="WMSB_xyz_ack_block_3",label=" Ack",x=150,y=400,action="Open URL",url="",target="main",entity="",datasource="NCOMS",flash="true",font="Helvetica",size=11,justify="center",style="i",color="white")
text(name="WMSB_xyz_total_block_3",label="All",x=112,y=400,action="Open URL",url="",target="main",entity="",datasource="NCOMS",flash="true",font="Helvetica",size=11,justify="center",style="i",color="white")
line(name="visual_5",label="untitled",x=0,y=370,color="#cccccc",thickness=8,x2=252,y2=370)
text(name="WMSB_xyz_unack_block_1",label=" Unack",x=188,y=296,action="Open URL",url="",target="main",entity="",datasource="NCOMS",flash="true",font="Helvetica",size=11,justify="center",style="i",color="white")
text(name="WMSB_xyz_ack_block_1",label=" Ack",x=150,y=296,action="Open URL",url="",target="main",entity="",datasource="NCOMS",flash="true",font="Helvetica",size=11,justify="center",style="i",color="white")
text(name="WMSB_xyz_total_block_1",label="All",x=113,y=296,action="Open URL",url="",target="main",entity="",datasource="NCOMS",flash="true",font="Helvetica",size=11,justify="center",style="i",color="white")
line(name="visual_3",label="untitled",x=0,y=272,color="#cccccc",thickness=8,x2=232,y2=272)
line(name="visual_2",label="untitled",x=0,y=150,color="#cccccc",thickness=8,x2=245,y2=150)
text(name="Note-Infotext1",label="Views below display only Warnings and",x=7,y=120,action="Open URL",url="",target="main",entity="",datasource="NCOMS",flash="true",font="Helvetica",size=11,justify="center",style="bi",color="white")
text(name="Note",label="Note:",x=7,y=100,action="Open URL",url="",target="main",entity="",datasource="NCOMS",flash="true",font="Helvetica",size=11,justify="center",style="bi",color="white")
line(name="visual_1",label="untitled",x=0,y=70,color="#cccccc",thickness=8,x2=253,y2=70)
button(name="WMSB_Solaris_unack",label="WMSB_Solaris_unack",x=185,y=239,action="Active Event List (AEL)",url="",target="main3.html",entity="Solaris_unack_WMSB",datasource="NCOMS",flash="true",w=40,h=25,type="rectangle",arc diameter=20,legend=Count,font="Helvetica",size=10,font color="black",style="p")
button(name="WMSB_MOM_unack",label="WMSB_MOM_unack",x=185,y=301,action="Active Event List (AEL)",url="",target="main4.html",entity="MOM_unack_WMSB",datasource="NCOMS",flash="true",w=40,h=25,type="rectangle",arc diameter=20,legend=Count,font="Helvetica",size=10,font color="black",style="p")
button(name="WMSB_Middleware_unack",label="WMSB_Middleware_unack",x=185,y=405,action="Active Event List (AEL)",url="",target="main6.html",entity="Middleware_unack_WMSB",datasource="NCOMS",flash="true",w=40,h=25,type="rectangle",arc diameter=20,legend=Count,font="Helvetica",size=10,font color="black",style="p")
button(name="WMSB_IIZ_unack",label="WMSB_IIZ_unack",x=185,y=210,action="Active Event List (AEL)",url="",target="main2.html",entity="IIZ_unack_WMSB",datasource="NCOMS",flash="true",w=40,h=25,type="rectangle",arc diameter=20,legend=Count,font="Helvetica",size=10,font color="black",style="p")
button(name="WMSB_Solaris_ack",label="WMSB_Solaris_ack",x=142,y=239,action="Active Event List (AEL)",url="",target="main",entity="Solaris_ack_WMSB",datasource="NCOMS",flash="true",w=40,h=25,type="rectangle",arc diameter=20,legend=Count,font="Helvetica",size=10,font color="black",style="p")
button(name="WMSB_MOM_ack",label="WMSB_MOM_ack",x=142,y=301,action="Active Event List (AEL)",url="",target="main",entity="MOM_ack_WMSB",datasource="NCOMS",flash="true",w=40,h=25,type="rectangle",arc diameter=20,legend=Count,font="Helvetica",size=10,font color="black",style="p")
button(name="WMSB_Middleware_ack",label="WMSB_Middleware_ack",x=142,y=405,action="Active Event List (AEL)",url="",target="main",entity="Middleware_ack_WMSB",datasource="NCOMS",flash="true",w=40,h=25,type="rectangle",arc diameter=20,legend=Count,font="Helvetica",size=10,font color="black",style="p")
button(name="WMSB_IIZ_ack",label="WMSB_IIZ_ack",x=142,y=210,action="Active Event List (AEL)",url="",target="main",entity="IIZ_ack_WMSB",datasource="NCOMS",flash="true",w=40,h=25,type="rectangle",arc diameter=20,legend=Count,font="Helvetica",size=10,font color="black",style="p")
text(name="WMSB_Solaris_block",label="Solaris (ex OLU)",x=7,y=256,action="Open URL",url="",target="main",entity="",datasource="NCOMS",flash="true",font="Helvetica",size=11,justify="center",style="p",color="white")
text(name="WMSB_MOM_block_WMSB",label="MOM WMSB",x=7,y=318,action="Open URL",url="",target="main",entity="",datasource="NCOMS",flash="true",font="Helvetica",size=11,justify="center",style="p",color="white")
text(name="WMSB_Middleware_block",label="Middleware",x=7,y=420,action="Open URL",url="",target="main",entity="",datasource="NCOMS",flash="true",font="Helvetica",size=11,justify="center",style="p",color="white")
text(name="WMSB_IIZ_block",label="IIZ",x=7,y=227,action="Open URL",url="",target="main",entity="",datasource="NCOMS",flash="true",font="Helvetica",size=11,justify="center",style="p",color="white")
button(name="WMSB_Solaris_total",label="WMSB_Solaris_total",x=98,y=239,action="Active Event List (AEL)",url="",target="main",entity="Solaris_WMSB",datasource="NCOMS",flash="true",w=40,h=25,type="rectangle",arc diameter=20,legend=Count,font="Helvetica",size=10,font color="#333300",style="p")
button(name="WMSB_MOM_total",label="WMSB_MOM_total",x=98,y=301,action="Active Event List (AEL)",url="",target="main",entity="MOM_WMSB",datasource="NCOMS",flash="true",w=40,h=25,type="rectangle",arc diameter=20,legend=Count,font="Helvetica",size=10,font color="#333300",style="p")
button(name="WMSB_Middleware_total",label="WMSB_Middleware_total",x=97,y=405,action="Active Event List (AEL)",url="",target="main",entity="Middleware_WMSB",datasource="NCOMS",flash="true",w=40,h=25,type="rectangle",arc diameter=20,legend=Count,font="Helvetica",size=10,font color="#333300",style="p")
button(name="WMSB_IIZ_total",label="WMSB_IIZ_total",x=98,y=210,action="Active Event List (AEL)",url="",target="main",entity="IIZ_WMSB",datasource="NCOMS",flash="true",w=40,h=25,type="rectangle",arc diameter=20,legend=Count,font="Helvetica",size=10,font color="#333300",style="p")
text(name="WMSB_xyz_unack_block",label=" Unack",x=188,y=175,action="Open URL",url="",target="main",entity="",datasource="NCOMS",flash="true",font="Helvetica",size=11,justify="center",style="i",color="white")
button(name="WMSB_DWH_unack",label="WMSB_DWH_unack",x=185,y=181,action="Active Event List (AEL)",url="www.ubs.com",target="main1.html",entity="DWH_unack_WMSB",datasource="NCOMS",flash="true",w=40,h=25,type="rectangle",arc diameter=20,legend=Count,font="Helvetica",size=10,font color="black",style="p")
text(name="WMSB_DWH_block",label="DWH",x=7,y=198,action="Open URL",url="",target="main",entity="",datasource="NCOMS",flash="true",font="Helvetica",size=11,justify="center",style="p",color="white")
button(name="WMSB_DWH_ack",label="WMSB_DWH_ack",x=142,y=181,action="Active Event List (AEL)",url="",target="main",entity="DWH_ack_WMSB",datasource="NCOMS",flash="true",w=40,h=25,type="rectangle",arc diameter=20,legend=Count,font="Helvetica",size=10,font color="black",style="p")
button(name="WMSB_DWH_total",label="WMSB_DWH_total",x=98,y=181,action="Active Event List (AEL)",url="",target="main",entity="DWH_WMSB",datasource="NCOMS",flash="true",w=40,h=25,type="rectangle",arc diameter=20,legend=Count,font="Helvetica",size=10,font color="#333300",style="p")
text(name="WMSB_xyz_ack_block",label=" Ack",x=150,y=175,action="Open URL",url="",target="main",entity="",datasource="NCOMS",flash="true",font="Helvetica",size=11,justify="center",style="i",color="white")
text(name="WMSB_xyz_total_block",label="All",x=113,y=175,action="Open URL",url="",target="main",entity="",datasource="NCOMS",flash="true",font="Helvetica",size=11,justify="center",style="i",color="white")
monitor(name="total",label="total",x=124,y=11,action="Active Event List (AEL)",url="",target="main",entity="MonDiS_WMSB",datasource="NCOMS",flash="true",w=100,h=50,w=100,h=50,type="lavalamp",show label=false,show total=true,show highest=false,show lowest=false,show metric=false,foreground color=black,background color=lightGray,font=Helvetica,size=10,style=p,show highest severity as border=false)
text(name="WMSB_total_block",label="All Events",x=7,y=42,action="Open URL",url="",target="main",entity="",datasource="NCOMS",flash="true",font="Helvetica",size=11,justify="center",style="",color="white")
