map(name="MonDiS_WMUS-GLAM",bgColor="#003366",w=228,h=525,acl="*")
text(name="Note-Infotext2",label="Critical events",x=7,y=135,action="Open URL",url="",target="main",entity="",datasource="NCOMS",flash="true",font="Helvetica",size=11,justify="center",style="bi",color="white")
text(name="WMUS-GLAM_xyz_unack_block_1",label=" Unack",x=188,y=296,action="Open URL",url="",target="main",entity="",datasource="NCOMS",flash="true",font="Helvetica",size=11,justify="center",style="i",color="white")
text(name="WMUS-GLAM_xyz_ack_block_1",label=" Ack",x=150,y=296,action="Open URL",url="",target="main",entity="",datasource="NCOMS",flash="true",font="Helvetica",size=11,justify="center",style="i",color="white")
text(name="WMUS-GLAM_xyz_total_block_1",label="All",x=113,y=296,action="Open URL",url="",target="main",entity="",datasource="NCOMS",flash="true",font="Helvetica",size=11,justify="center",style="i",color="white")
line(name="visual_3",label="untitled",x=0,y=272,color="#cccccc",thickness=8,x2=232,y2=272)
line(name="visual_2",label="untitled",x=0,y=150,color="#cccccc",thickness=8,x2=245,y2=150)
text(name="Note-Infotext1",label="Views below display only Warnings and",x=7,y=120,action="Open URL",url="",target="main",entity="",datasource="NCOMS",flash="true",font="Helvetica",size=11,justify="center",style="bi",color="white")
text(name="Note",label="Note:",x=7,y=100,action="Open URL",url="",target="main",entity="",datasource="NCOMS",flash="true",font="Helvetica",size=11,justify="center",style="bi",color="white")
line(name="visual_1",label="untitled",x=0,y=70,color="#cccccc",thickness=8,x2=253,y2=70)
button(name="WMUS-GLAM_MOM-SQL_unack",label="WMUS-GLAM_MOM-SQL_unack",x=185,y=239,action="Active Event List (AEL)",url="",target="main3.html",entity="MOM_SQL_unack_WMUSGLAM",datasource="NCOMS",flash="true",w=40,h=25,type="rectangle",arc diameter=20,legend=Count,font="Helvetica",size=10,font color="black",style="p")
button(name="WMUS-GLAM_Solaris_unack",label="WMUS-GLAM_Solaris_unack",x=185,y=301,action="Active Event List (AEL)",url="",target="main4.html",entity="Solaris_unack_WMUS",datasource="NCOMS",flash="true",w=40,h=25,type="rectangle",arc diameter=20,legend=Count,font="Helvetica",size=10,font color="black",style="p")
button(name="WMUS-GLAM_MOM-Storage_unack",label="WMUS-GLAM_MOM-Storage_unack",x=185,y=210,action="Active Event List (AEL)",url="",target="main2.html",entity="MOM_Sto_unack_WMUSGLAM",datasource="NCOMS",flash="true",w=40,h=25,type="rectangle",arc diameter=20,legend=Count,font="Helvetica",size=10,font color="black",style="p")
button(name="WMUS-GLAM_MOM-SQL_ack",label="WMUS-GLAM_MOM-SQL_ack",x=142,y=239,action="Active Event List (AEL)",url="",target="main",entity="MOM_SQL_ack_WMUSGLAM",datasource="NCOMS",flash="true",w=40,h=25,type="rectangle",arc diameter=20,legend=Count,font="Helvetica",size=10,font color="black",style="p")
button(name="WMUS-GLAM_Solaris_ack",label="WMUS-GLAM_Solaris_ack",x=142,y=301,action="Active Event List (AEL)",url="",target="main",entity="Solaris_ack_WMUS",datasource="NCOMS",flash="true",w=40,h=25,type="rectangle",arc diameter=20,legend=Count,font="Helvetica",size=10,font color="black",style="p")
button(name="WMUS-GLAM_MOM-Storage_ack",label="WMUS-GLAM_MOM-Storage_ack",x=142,y=210,action="Active Event List (AEL)",url="",target="main",entity="MOM_Sto_ack_WMUSGLAM",datasource="NCOMS",flash="true",w=40,h=25,type="rectangle",arc diameter=20,legend=Count,font="Helvetica",size=10,font color="black",style="p")
text(name="WMUS-GLAM_MOM-SQL_block",label="MOM SQL",x=7,y=256,action="Open URL",url="",target="main",entity="",datasource="NCOMS",flash="true",font="Helvetica",size=11,justify="center",style="p",color="white")
text(name="WMUS-GLAM_Solaris_block",label="WMUS Solaris",x=7,y=318,action="Open URL",url="",target="main",entity="",datasource="NCOMS",flash="true",font="Helvetica",size=11,justify="center",style="p",color="white")
text(name="WMUS-GLAM_MOM-Storage_block",label="MOM Storage",x=7,y=227,action="Open URL",url="",target="main",entity="",datasource="NCOMS",flash="true",font="Helvetica",size=11,justify="center",style="p",color="white")
button(name="WMUS-GLAM_MOM-SQL_total",label="WMUS-GLAM_MOM-SQL_total",x=98,y=239,action="Active Event List (AEL)",url="",target="main",entity="MOM_SQL_WMUSGLAM",datasource="NCOMS",flash="true",w=40,h=25,type="rectangle",arc diameter=20,legend=Count,font="Helvetica",size=10,font color="#333300",style="p")
button(name="WMUS-GLAM_Solaris_total",label="WMUS-GLAM_Solaris_total",x=98,y=301,action="Active Event List (AEL)",url="",target="main",entity="Solaris_WMUS",datasource="NCOMS",flash="true",w=40,h=25,type="rectangle",arc diameter=20,legend=Count,font="Helvetica",size=10,font color="#333300",style="p")
button(name="WMUS-GLAM_MOM-Storage_total",label="WMUS-GLAM_MOM-Storage_total",x=98,y=210,action="Active Event List (AEL)",url="",target="main",entity="MOM_Sto_WMUSGLAM",datasource="NCOMS",flash="true",w=40,h=25,type="rectangle",arc diameter=20,legend=Count,font="Helvetica",size=10,font color="#333300",style="p")
text(name="WMUS-GLAM_xyz_unack_block",label=" Unack",x=188,y=175,action="Open URL",url="",target="main",entity="",datasource="NCOMS",flash="true",font="Helvetica",size=11,justify="center",style="i",color="white")
button(name="WMUS-GLAM_MOM_unack",label="WMUS-GLAM_MOM_unack",x=185,y=181,action="Active Event List (AEL)",url="",target="main1.html",entity="MOM_unack_WMUSGLAM",datasource="NCOMS",flash="true",w=40,h=25,type="rectangle",arc diameter=20,legend=Count,font="Helvetica",size=10,font color="black",style="p")
text(name="WMUS-GLAM_MOM_block",label="MOM",x=7,y=198,action="Open URL",url="",target="main",entity="",datasource="NCOMS",flash="true",font="Helvetica",size=11,justify="center",style="p",color="white")
button(name="WMUS-GLAM_MOM_ack",label="WMUS-GLAM_MOM_ack",x=142,y=181,action="Active Event List (AEL)",url="",target="main",entity="MOM_ack_WMUSGLAM",datasource="NCOMS",flash="true",w=40,h=25,type="rectangle",arc diameter=20,legend=Count,font="Helvetica",size=10,font color="black",style="p")
button(name="WMUS-GLAM_MOM_total",label="WMUS-GLAM_MOM_total",x=98,y=181,action="Active Event List (AEL)",url="",target="main",entity="MOM_WMUSGLAM",datasource="NCOMS",flash="true",w=40,h=25,type="rectangle",arc diameter=20,legend=Count,font="Helvetica",size=10,font color="#333300",style="p")
text(name="WMUS-GLAM_xyz_ack_block",label=" Ack",x=150,y=175,action="Open URL",url="",target="main",entity="",datasource="NCOMS",flash="true",font="Helvetica",size=11,justify="center",style="i",color="white")
text(name="WMUS-GLAM_xyz_total_block",label="All",x=113,y=175,action="Open URL",url="",target="main",entity="",datasource="NCOMS",flash="true",font="Helvetica",size=11,justify="center",style="i",color="white")
monitor(name="total",label="total",x=124,y=11,action="Active Event List (AEL)",url="",target="main",entity="MonDiS_WMUS-GLAM",datasource="NCOMS",flash="true",w=100,h=50,w=100,h=50,type="lavalamp",show label=false,show total=true,show highest=false,show lowest=false,show metric=false,foreground color=black,background color=lightGray,font=Helvetica,size=10,style=p,show highest severity as border=false)
text(name="WMUS-GLAM_total_block",label="All Events",x=7,y=42,action="Open URL",url="",target="main",entity="",datasource="NCOMS",flash="true",font="Helvetica",size=11,justify="center",style="",color="white")
