map(name="Osd_main_backup",bgColor="#003366",w=220,h=900,acl="*")
text(name="visual_182",label="PB06",x=174,y=795,action="Open URL",url="",target="_self",entity="",datasource="NCOMS",flash="true",font="TimesRoman",size=10,justify="center",style="b",color="white")
text(name="visual_181",label="PB05",x=145,y=795,action="Open URL",url="",target="_self",entity="",datasource="NCOMS",flash="true",font="TimesRoman",size=10,justify="center",style="b",color="white")
text(name="visual_180",label="PB04",x=116,y=795,action="Open URL",url="",target="_self",entity="",datasource="NCOMS",flash="true",font="TimesRoman",size=10,justify="center",style="b",color="white")
text(name="visual_179",label="PB03",x=87,y=795,action="Open URL",url="",target="_self",entity="",datasource="NCOMS",flash="true",font="TimesRoman",size=10,justify="center",style="b",color="white")
text(name="visual_178",label="PB02",x=58,y=795,action="Open URL",url="",target="_self",entity="",datasource="NCOMS",flash="true",font="TimesRoman",size=10,justify="center",style="b",color="white")
text(name="visual_177",label="PB01A",x=28,y=795,action="Open URL",url="",target="_self",entity="",datasource="NCOMS",flash="true",font="TimesRoman",size=10,justify="center",style="b",color="white")
text(name="visual_133",label="PB01",x=0,y=795,action="Open URL",url="",target="_self",entity="",datasource="NCOMS",flash="true",font="TimesRoman",size=10,justify="center",style="b",color="white")
button(name="visual_176",label="untitled",x=174,y=800,action="Active Event List (AEL)",url="",target="main",entity="FIT_pb06",datasource="NCOMS",flash="true",w=25,h=20,type="rounded",arc diameter=20,legend=Count,font="Helvetica",size=10,font color="black",style="p")
button(name="visual_175",label="untitled",x=145,y=800,action="Active Event List (AEL)",url="",target="main",entity="FIT_pb05",datasource="NCOMS",flash="true",w=25,h=20,type="rounded",arc diameter=20,legend=Count,font="Helvetica",size=10,font color="black",style="p")
button(name="visual_171",label="untitled",x=116,y=800,action="Active Event List (AEL)",url="",target="main",entity="FIT_pb04",datasource="NCOMS",flash="true",w=25,h=20,type="rounded",arc diameter=20,legend=Count,font="Helvetica",size=10,font color="black",style="p")
button(name="visual_169",label="untitled",x=87,y=800,action="Active Event List (AEL)",url="",target="main",entity="FIT_pb03",datasource="NCOMS",flash="true",w=25,h=20,type="rounded",arc diameter=20,legend=Count,font="Helvetica",size=10,font color="black",style="p")
button(name="visual_129",label="0",x=58,y=800,action="Open URL",url="",target="_self",w=25,h=20,color="#339900",type="ellipse",arc diameter=20,transparent=false,legend=Label,font="Helvetica",size=10,font color="black")
button(name="visual_168",label="untitled",x=30,y=800,action="Active Event List (AEL)",url="",target="main",entity="FIT_pb01A",datasource="NCOMS",flash="true",w=25,h=20,type="rounded",arc diameter=20,legend=Count,font="Helvetica",size=10,font color="black",style="p")
button(name="visual_7",label="0",x=0,y=800,action="Open URL",url="",target="_self",w=25,h=20,color="#339900",type="rounded",arc diameter=20,transparent=false,legend=Label,font="Helvetica",size=10,font color="black")
button(name="visual_123",label="untitled",x=125,y=755,action="Active Event List (AEL)",url="",target="main",entity="CMG_FIT_ALL",datasource="NCOMS",flash="true",w=25,h=20,type="rounded",arc diameter=20,legend=Count,font="Helvetica",size=10,font color="black",style="p")
text(name="visual_44",label="All",x=125,y=745,action="Open URL",url="",target="_self",entity="",datasource="NCOMS",flash="true",font="TimesRoman",size=10,justify="center",style="b",color="white")
button(name="visual_117",label="untitled",x=70,y=755,action="Active Event List (AEL)",url="",target="main",entity="CMG_FIT_UNACK",datasource="NCOMS",flash="true",w=25,h=20,type="rounded",arc diameter=20,legend=Count,font="Helvetica",size=10,font color="black",style="p")
text(name="visual_42",label="Unack",x=70,y=745,action="Open URL",url="",target="_self",entity="",datasource="NCOMS",flash="true",font="TimesRoman",size=10,justify="center",style="b",color="white")
button(name="visual_19",label="Finance IT",x=2,y=730,action="Open URL",url="$(SERVER)/OSD_ORCA/Osd_FIT_main.html",target="main",w=60,h=25,color="#999999",type="rounded",arc diameter=20,transparent=false,legend=Label,font="Helvetica",size=12,font color="white")
button(name="visual_163",label="0",x=87,y=685,action="Open URL",url="",target="_self",w=25,h=20,color="#339900",type="ellipse",arc diameter=20,transparent=false,legend=Label,font="Helvetica",size=10,font color="black")
button(name="visual_151",label="0",x=58,y=570,action="Open URL",url="",target="_self",w=25,h=20,color="#339900",type="ellipse",arc diameter=20,transparent=false,legend=Label,font="Helvetica",size=10,font color="black")
button(name="visual_150",label="0",x=58,y=455,action="Open URL",url="",target="_self",w=25,h=20,color="#339900",type="ellipse",arc diameter=20,transparent=false,legend=Label,font="Helvetica",size=10,font color="black")
button(name="visual_166",label="0",x=58,y=340,action="Open URL",url="",target="_self",w=25,h=20,color="#339900",type="ellipse",arc diameter=20,transparent=false,legend=Label,font="Helvetica",size=10,font color="black")
button(name="visual_162",label="0",x=58,y=225,action="Open URL",url="",target="_self",w=25,h=20,color="#339900",type="ellipse",arc diameter=20,transparent=false,legend=Label,font="Helvetica",size=10,font color="black")
button(name="visual_161",label="0",x=0,y=115,action="Open URL",url="",target="_self",w=25,h=20,color="#339900",type="ellipse",arc diameter=20,transparent=false,legend=Label,font="Helvetica",size=10,font color="black")
button(name="visual_138",label="0",x=58,y=115,action="Open URL",url="",target="_self",w=25,h=20,color="#339900",type="ellipse",arc diameter=20,transparent=false,legend=Label,font="Helvetica",size=10,font color="black")
text(name="visual_122",label="PB01A",x=29,y=110,action="Open URL",url="",target="_self",entity="",datasource="NCOMS",flash="true",font="TimesRoman",size=10,justify="center",style="b",color="white")
button(name="visual_160",label="untitled",x=29,y=115,action="Active Event List (AEL)",url="",target="main",entity="ALL_pb01A",datasource="NCOMS",flash="true",w=25,h=20,type="rounded",arc diameter=20,legend=Count,font="Helvetica",size=10,font color="black",style="p")
button(name="visual_156",label="untitled",x=29,y=685,action="Active Event List (AEL)",url="",target="main",entity="IF_pb01A",datasource="NCOMS",flash="true",w=25,h=20,type="rounded",arc diameter=20,legend=Count,font="Helvetica",size=10,font color="black",style="p")
text(name="visual_116",label="PB01A",x=28,y=680,action="Open URL",url="",target="_self",entity="",datasource="NCOMS",flash="true",font="TimesRoman",size=10,justify="center",style="b",color="white")
text(name="visual_59",label="PB01A",x=28,y=335,action="Open URL",url="",target="_self",entity="",datasource="NCOMS",flash="true",font="TimesRoman",size=10,justify="center",style="b",color="white")
button(name="visual_170",label="untitled",x=29,y=340,action="Active Event List (AEL)",url="",target="main",entity="RISK_pb01A",datasource="NCOMS",flash="true",w=25,h=20,type="rounded",arc diameter=20,legend=Count,font="Helvetica",size=10,font color="black",style="p")
text(name="visual_58",label="PB01A",x=28,y=565,action="Open URL",url="",target="_self",entity="",datasource="NCOMS",flash="true",font="TimesRoman",size=10,justify="center",style="b",color="white")
text(name="visual_57",label="PB01A",x=28,y=450,action="Open URL",url="",target="_self",entity="",datasource="NCOMS",flash="true",font="TimesRoman",size=10,justify="center",style="b",color="white")
text(name="visual_56",label="PB01A",x=28,y=220,action="Open URL",url="",target="_self",entity="",datasource="NCOMS",flash="true",font="TimesRoman",size=10,justify="center",style="b",color="white")
button(name="visual_139",label="untitled",x=29,y=570,action="Active Event List (AEL)",url="",target="main",entity="RECS_pb01A",datasource="NCOMS",flash="true",w=25,h=20,type="rounded",arc diameter=20,legend=Count,font="Helvetica",size=10,font color="black",style="p")
button(name="visual_132",label="untitled",x=29,y=455,action="Active Event List (AEL)",url="",target="main",entity="LNC_pb01A",datasource="NCOMS",flash="true",w=25,h=20,type="rounded",arc diameter=20,legend=Count,font="Helvetica",size=10,font color="black",style="p")
button(name="visual_159",label="untitled",x=29,y=226,action="Active Event List (AEL)",url="",target="main",entity="DATA_pb01A",datasource="NCOMS",flash="true",w=25,h=20,type="rounded",arc diameter=20,legend=Count,font="Helvetica",size=10,font color="black",style="p")
button(name="visual_48",label="0",x=58,y=685,action="Open URL",url="",target="_self",w=25,h=20,color="#339900",type="rounded",arc diameter=20,transparent=false,legend=Label,font="Helvetica",size=10,font color="black")
button(name="visual_47",label="0",x=0,y=685,action="Open URL",url="",target="_self",w=25,h=20,color="#339900",type="rounded",arc diameter=20,transparent=false,legend=Label,font="Helvetica",size=10,font color="black")
button(name="visual_32",label="0",x=0,y=570,action="Open URL",url="",target="_self",w=25,h=20,color="#339900",type="rounded",arc diameter=20,transparent=false,legend=Label,font="Helvetica",size=10,font color="black")
button(name="visual_31",label="0",x=0,y=455,action="Open URL",url="",target="_self",w=25,h=20,color="#339900",type="rounded",arc diameter=20,transparent=false,legend=Label,font="Helvetica",size=10,font color="black")
button(name="visual_18",label="0",x=0,y=340,action="Open URL",url="",target="_self",w=25,h=20,color="#339900",type="rounded",arc diameter=20,transparent=false,legend=Label,font="Helvetica",size=10,font color="black")
button(name="visual_14",label="0",x=0,y=225,action="Open URL",url="",target="_self",w=25,h=20,color="#339900",type="rounded",arc diameter=20,transparent=false,legend=Label,font="Helvetica",size=10,font color="black")
text(name="visual_4",label="ALL ESS",x=3,y=17,action="Open URL",url="",target="_self",entity="",datasource="NCOMS",flash="true",font="Helvetica",size=12,justify="center",style="b",color="white")
button(name="visual_174",label="untitled",x=174,y=685,action="Active Event List (AEL)",url="",target="main",entity="IF_pb06",datasource="NCOMS",flash="true",w=25,h=20,type="rounded",arc diameter=20,legend=Count,font="Helvetica",size=10,font color="black",style="p")
button(name="visual_173",label="untitled",x=145,y=685,action="Active Event List (AEL)",url="",target="main",entity="IF_pb05",datasource="NCOMS",flash="true",w=25,h=20,type="rounded",arc diameter=20,legend=Count,font="Helvetica",size=10,font color="black",style="p")
button(name="visual_172",label="untitled",x=116,y=685,action="Active Event List (AEL)",url="",target="main",entity="IF_pb04",datasource="NCOMS",flash="true",w=25,h=20,type="rounded",arc diameter=20,legend=Count,font="Helvetica",size=10,font color="black",style="p")
button(name="visual_167",label="untitled",x=125,y=640,action="Active Event List (AEL)",url="",target="main",entity="CMG_IF_CDL_DATA_ALL",datasource="NCOMS",flash="true",w=25,h=20,type="rounded",arc diameter=20,legend=Count,font="Helvetica",size=10,font color="black",style="p")
button(name="visual_165",label="untitled",x=70,y=640,action="Active Event List (AEL)",url="",target="main",entity="CMG_IF_CDL_DATA_UNACK",datasource="NCOMS",flash="true",w=25,h=20,type="rounded",arc diameter=20,legend=Count,font="Helvetica",size=10,font color="black",style="p")
button(name="visual_30",label="Daytona",x=2,y=615,action="Open URL",url="$(SERVER)/OSD_ORCA/Osd_daytona_main.html",target="main",w=55,h=25,color="#999999",type="rounded",arc diameter=20,transparent=false,legend=Label,font="Helvetica",size=12,font color="white")
button(name="visual_164",label="untitled",x=0,y=715,action="Open URL",url="",target="_self",w=300,h=7,color="gray",type="rectangle",arc diameter=20,transparent=false,legend=None,font="Helvetica",size=10,font color="black")
text(name="visual_111",label="PB06",x=174,y=680,action="Open URL",url="",target="_self",entity="",datasource="NCOMS",flash="true",font="TimesRoman",size=10,justify="center",style="b",color="white")
text(name="visual_110",label="PB05",x=145,y=680,action="Open URL",url="",target="_self",entity="",datasource="NCOMS",flash="true",font="TimesRoman",size=10,justify="center",style="b",color="white")
text(name="visual_109",label="PB04",x=116,y=680,action="Open URL",url="",target="_self",entity="",datasource="NCOMS",flash="true",font="TimesRoman",size=10,justify="center",style="b",color="white")
text(name="visual_108",label="PB03",x=87,y=680,action="Open URL",url="",target="_self",entity="",datasource="NCOMS",flash="true",font="TimesRoman",size=10,justify="center",style="b",color="white")
text(name="visual_107",label="PB02",x=58,y=680,action="Open URL",url="",target="_self",entity="",datasource="NCOMS",flash="true",font="TimesRoman",size=10,justify="center",style="b",color="white")
text(name="visual_106",label="PB01",x=0,y=680,action="Open URL",url="",target="_self",entity="",datasource="NCOMS",flash="true",font="TimesRoman",size=10,justify="center",style="b",color="white")
text(name="visual_105",label="All",x=125,y=630,action="Open URL",url="",target="_self",entity="",datasource="NCOMS",flash="true",font="TimesRoman",size=10,justify="center",style="b",color="white")
text(name="visual_104",label="Unack",x=70,y=630,action="Open URL",url="",target="_self",entity="",datasource="NCOMS",flash="true",font="TimesRoman",size=10,justify="center",style="b",color="white")
button(name="visual_94",label="untitled",x=0,y=600,action="Open URL",url="",target="_self",w=300,h=7,color="gray",type="rectangle",arc diameter=20,transparent=false,legend=None,font="Helvetica",size=10,font color="black")
text(name="visual_93",label="PB06",x=174,y=565,action="Open URL",url="",target="_self",entity="",datasource="NCOMS",flash="true",font="TimesRoman",size=10,justify="center",style="b",color="white")
text(name="visual_92",label="PB05",x=145,y=565,action="Open URL",url="",target="_self",entity="",datasource="NCOMS",flash="true",font="TimesRoman",size=10,justify="center",style="b",color="white")
text(name="visual_91",label="PB04",x=117,y=565,action="Open URL",url="",target="_self",entity="",datasource="NCOMS",flash="true",font="TimesRoman",size=10,justify="center",style="b",color="white")
text(name="visual_90",label="PB03",x=87,y=565,action="Open URL",url="",target="_self",entity="",datasource="NCOMS",flash="true",font="TimesRoman",size=10,justify="center",style="b",color="white")
text(name="visual_89",label="PB02",x=58,y=565,action="Open URL",url="",target="_self",entity="",datasource="NCOMS",flash="true",font="TimesRoman",size=10,justify="center",style="b",color="white")
text(name="visual_88",label="PB01",x=0,y=565,action="Open URL",url="",target="_self",entity="",datasource="NCOMS",flash="true",font="TimesRoman",size=10,justify="center",style="b",color="white")
button(name="visual_147",label="untitled",x=174,y=570,action="Active Event List (AEL)",url="",target="main",entity="RECS_pb06",datasource="NCOMS",flash="true",w=25,h=20,type="rounded",arc diameter=20,legend=Count,font="Helvetica",size=10,font color="black",style="p")
button(name="visual_146",label="untitled",x=145,y=570,action="Active Event List (AEL)",url="",target="main",entity="RECS_pb05",datasource="NCOMS",flash="true",w=25,h=20,type="rounded",arc diameter=20,legend=Count,font="Helvetica",size=10,font color="black",style="p")
button(name="visual_137",label="untitled",x=116,y=570,action="Active Event List (AEL)",url="",target="main",entity="RECS_pb04",datasource="NCOMS",flash="true",w=25,h=20,type="rounded",arc diameter=20,legend=Count,font="Helvetica",size=10,font color="black",style="p")
button(name="visual_135",label="untitled",x=87,y=570,action="Active Event List (AEL)",url="",target="main",entity="RECS_pb03",datasource="NCOMS",flash="true",w=25,h=20,type="rounded",arc diameter=20,legend=Count,font="Helvetica",size=10,font color="black",style="p")
text(name="visual_83",label="All",x=125,y=515,action="Open URL",url="",target="_self",entity="",datasource="NCOMS",flash="true",font="TimesRoman",size=10,justify="center",style="b",color="white")
text(name="visual_80",label="Unack",x=70,y=515,action="Open URL",url="",target="_self",entity="",datasource="NCOMS",flash="true",font="TimesRoman",size=10,justify="center",style="b",color="white")
button(name="visual_130",label="untitled",x=125,y=525,action="Active Event List (AEL)",url="",target="main",entity="CMG_APP_SCR_ALL",datasource="NCOMS",flash="true",w=25,h=20,type="rounded",arc diameter=20,legend=Count,font="Helvetica",size=10,font color="black",style="p")
button(name="visual_128",label="untitled",x=70,y=525,action="Active Event List (AEL)",url="",target="main",entity="CMG_APP_SCR_UNACK",datasource="NCOMS",flash="true",w=25,h=20,type="rounded",arc diameter=20,legend=Count,font="Helvetica",size=10,font color="black",style="p")
button(name="visual_27",label="Recs IT",x=2,y=501,action="Open URL",url="$(SERVER)/OSD_ORCA/Osd_Recs_main.html",target="main",w=60,h=25,color="#999999",type="rounded",arc diameter=20,transparent=false,legend=Label,font="Helvetica",size=12,font color="white")
button(name="visual_79",label="untitled",x=0,y=485,action="Open URL",url="",target="_self",w=300,h=7,color="gray",type="rectangle",arc diameter=20,transparent=false,legend=None,font="Helvetica",size=10,font color="black")
text(name="visual_64",label="All",x=125,y=400,action="Open URL",url="",target="_self",entity="",datasource="NCOMS",flash="true",font="TimesRoman",size=10,justify="center",style="b",color="white")
text(name="visual_63",label="Unack",x=70,y=400,action="Open URL",url="",target="_self",entity="",datasource="NCOMS",flash="true",font="TimesRoman",size=10,justify="center",style="b",color="white")
text(name="visual_78",label="PB06",x=174,y=450,action="Open URL",url="",target="_self",entity="",datasource="NCOMS",flash="true",font="TimesRoman",size=10,justify="center",style="b",color="white")
text(name="visual_77",label="PB05",x=145,y=450,action="Open URL",url="",target="_self",entity="",datasource="NCOMS",flash="true",font="TimesRoman",size=10,justify="center",style="b",color="white")
text(name="visual_76",label="PB04",x=116,y=450,action="Open URL",url="",target="_self",entity="",datasource="NCOMS",flash="true",font="TimesRoman",size=10,justify="center",style="b",color="white")
text(name="visual_75",label="PB03",x=87,y=450,action="Open URL",url="",target="_self",entity="",datasource="NCOMS",flash="true",font="TimesRoman",size=10,justify="center",style="b",color="white")
text(name="visual_74",label="PB02",x=58,y=450,action="Open URL",url="",target="_self",entity="",datasource="NCOMS",flash="true",font="TimesRoman",size=10,justify="center",style="b",color="white")
text(name="visual_73",label="PB01",x=0,y=450,action="Open URL",url="",target="_self",entity="",datasource="NCOMS",flash="true",font="TimesRoman",size=10,justify="center",style="b",color="white")
text(name="visual_71",label="PB01",x=0,y=0,action="Open URL",url="",target="_self",entity="",datasource="NCOMS",flash="true",font="Helvetica",size=10,justify="center",style="",color="black")
button(name="visual_145",label="untitled",x=174,y=455,action="Active Event List (AEL)",url="",target="main",entity="LNC_pb06",datasource="NCOMS",flash="true",w=25,h=20,type="rounded",arc diameter=20,legend=Count,font="Helvetica",size=10,font color="black",style="p")
button(name="visual_136",label="untitled",x=145,y=455,action="Active Event List (AEL)",url="",target="main",entity="LNC_pb05",datasource="NCOMS",flash="true",w=25,h=20,type="rounded",arc diameter=20,legend=Count,font="Helvetica",size=10,font color="black",style="p")
button(name="visual_134",label="untitled",x=116,y=455,action="Active Event List (AEL)",url="",target="main",entity="LNC_pb04",datasource="NCOMS",flash="true",w=25,h=20,type="rounded",arc diameter=20,legend=Count,font="Helvetica",size=10,font color="black",style="p")
button(name="visual_131",label="untitled",x=87,y=455,action="Active Event List (AEL)",url="",target="main",entity="LNC_pb03",datasource="NCOMS",flash="true",w=25,h=20,type="rounded",arc diameter=20,legend=Count,font="Helvetica",size=10,font color="black",style="p")
button(name="visual_120",label="untitled",x=125,y=410,action="Active Event List (AEL)",url="",target="main",entity="CMG_LNC_ALL",datasource="NCOMS",flash="true",w=25,h=20,type="rounded",arc diameter=20,legend=Count,font="Helvetica",size=10,font color="black",style="p")
button(name="visual_118",label="untitled",x=70,y=410,action="Active Event List (AEL)",url="",target="main",entity="CMG_LNC_UNACK",datasource="NCOMS",flash="true",w=25,h=20,type="rounded",arc diameter=20,legend=Count,font="Helvetica",size=10,font color="black",style="p")
button(name="visual_16",label="LnC",x=2,y=385,action="Open URL",url="$(SERVER)/OSD_ORCA/Osd_lnc_main.html",target="main",w=55,h=25,color="#999999",type="rounded",arc diameter=20,transparent=false,legend=Label,font="TimesRoman",size=12,font color="white")
button(name="visual_86",label="untitled",x=413,y=479,action="Open URL",url="",target="_self",entity="",datasource="NCOMS",flash="true",w=50,h=25,type="rectangle",arc diameter=20,legend=None,font="Helvetica",size=10,font color="black",style="p")
button(name="visual_85",label="untitled",x=404,y=578,action="Open URL",url="",target="_self",entity="",datasource="NCOMS",flash="true",w=50,h=25,type="rectangle",arc diameter=20,legend=None,font="Helvetica",size=10,font color="black",style="p")
button(name="visual_84",label="untitled",x=145,y=225,action="Active Event List (AEL)",url="",target="main",entity="DATA_pb05",datasource="NCOMS",flash="true",w=25,h=20,type="rounded",arc diameter=20,legend=Count,font="Helvetica",size=10,font color="black",style="p")
button(name="visual_2",label="untitled",x=87,y=225,action="Active Event List (AEL)",url="",target="main",entity="DATA_pb03",datasource="NCOMS",flash="true",w=25,h=20,type="rounded",arc diameter=20,legend=Count,font="Helvetica",size=10,font color="black",style="p")
button(name="visual_15",label="untitled",x=388,y=496,action="Open URL",url="",target="_self",w=50,h=25,color="gray",type="rectangle",arc diameter=20,transparent=false,legend=None,font="Helvetica",size=10,font color="black")
button(name="visual_127",label="untitled",x=174,y=340,action="Active Event List (AEL)",url="",target="main",entity="RISK_pb06",datasource="NCOMS",flash="true",w=25,h=20,type="rounded",arc diameter=20,legend=Count,font="Helvetica",size=10,font color="black",style="p")
button(name="visual_126",label="untitled",x=144,y=340,action="Active Event List (AEL)",url="",target="main",entity="RISK_pb05",datasource="NCOMS",flash="true",w=25,h=20,type="rounded",arc diameter=20,legend=Count,font="Helvetica",size=10,font color="black",style="p")
button(name="visual_125",label="untitled",x=116,y=340,action="Active Event List (AEL)",url="",target="main",entity="RISK_pb04",datasource="NCOMS",flash="true",w=25,h=20,type="rounded",arc diameter=20,legend=Count,font="Helvetica",size=10,font color="black",style="p")
button(name="visual_124",label="untitled",x=87,y=340,action="Active Event List (AEL)",url="",target="main",entity="RISK_pb03",datasource="NCOMS",flash="true",w=25,h=20,type="rounded",arc diameter=20,legend=Count,font="Helvetica",size=10,font color="black",style="p")
button(name="visual_121",label="untitled",x=174,y=225,action="Active Event List (AEL)",url="",target="main",entity="DATA_pb06",datasource="NCOMS",flash="true",w=25,h=20,type="rounded",arc diameter=20,legend=Count,font="Helvetica",size=10,font color="black",style="p")
button(name="visual_119",label="untitled",x=116,y=225,action="Active Event List (AEL)",url="",target="main",entity="DATA_pb04",datasource="NCOMS",flash="true",w=25,h=20,type="rounded",arc diameter=20,legend=Count,font="Helvetica",size=10,font color="black",style="p")
button(name="visual_115",label="untitled",x=125,y=295,action="Active Event List (AEL)",url="",target="main",entity="CMG_RISK_ALL",datasource="NCOMS",flash="true",w=25,h=20,type="rounded",arc diameter=20,legend=Count,font="Helvetica",size=10,font color="black",style="p")
button(name="visual_114",label="untitled",x=70,y=295,action="Active Event List (AEL)",url="",target="main",entity="CMG_RISK_UNACK",datasource="NCOMS",flash="true",w=25,h=20,type="rounded",arc diameter=20,legend=Count,font="Helvetica",size=10,font color="black",style="p")
button(name="visual_113",label="untitled",x=125,y=180,action="Active Event List (AEL)",url="",target="main",entity="CMG_DATA_ALL",datasource="NCOMS",flash="true",w=25,h=20,type="rounded",arc diameter=20,legend=Count,font="Helvetica",size=10,font color="black",style="p")
button(name="visual_112",label="untitled",x=70,y=180,action="Active Event List (AEL)",url="",target="main",entity="CMG_DATA_UNACK",datasource="NCOMS",flash="true",w=25,h=20,type="rounded",arc diameter=20,legend=Count,font="Helvetica",size=10,font color="black",style="p")
button(name="visual_10",label="RISK",x=2,y=270,action="Open URL",url="$(SERVER)/OSD_ORCA/Osd_risk_main.html",target="main",w=55,h=25,color="#999999",type="rounded",arc diameter=20,transparent=false,legend=Label,font="TimesRoman",size=12,font color="white")
button(name="visual_9",label="DATA IT",x=2,y=155,action="Open URL",url="$(SERVER)/OSD_ORCA/Osd_data_main.html",target="main",w=55,h=25,color="#999999",type="rounded",arc diameter=20,transparent=false,legend=Label,font="Helvetica",size=12,font color="white")
button(name="visual_72",label="untitled",x=0,y=370,action="Open URL",url="",target="_self",w=300,h=7,color="gray",type="rectangle",arc diameter=20,transparent=false,legend=None,font="Helvetica",size=10,font color="black")
text(name="visual_70",label="PB06",x=174,y=335,action="Open URL",url="",target="_self",entity="",datasource="NCOMS",flash="true",font="TimesRoman",size=10,justify="center",style="b",color="white")
text(name="visual_69",label="PB05",x=145,y=335,action="Open URL",url="",target="_self",entity="",datasource="NCOMS",flash="true",font="TimesRoman",size=10,justify="center",style="b",color="white")
text(name="visual_68",label="PB04",x=116,y=335,action="Open URL",url="",target="_self",entity="",datasource="NCOMS",flash="true",font="TimesRoman",size=10,justify="center",style="b",color="white")
text(name="visual_67",label="PB03",x=87,y=335,action="Open URL",url="",target="_self",entity="",datasource="NCOMS",flash="true",font="TimesRoman",size=10,justify="center",style="b",color="white")
text(name="visual_66",label="PB02",x=58,y=335,action="Open URL",url="",target="_self",entity="",datasource="NCOMS",flash="true",font="TimesRoman",size=10,justify="center",style="b",color="white")
text(name="visual_65",label="PB01",x=0,y=335,action="Open URL",url="",target="_self",entity="",datasource="NCOMS",flash="true",font="TimesRoman",size=10,justify="center",style="b",color="white")
text(name="visual_62",label="All",x=125,y=285,action="Open URL",url="",target="_self",entity="",datasource="NCOMS",flash="true",font="TimesRoman",size=10,justify="center",style="b",color="white")
text(name="visual_61",label="Unack",x=70,y=285,action="Open URL",url="",target="_self",entity="",datasource="NCOMS",flash="true",font="TimesRoman",size=10,justify="center",style="b",color="white")
button(name="visual_60",label="untitled",x=0,y=255,action="Open URL",url="",target="_self",w=300,h=7,color="gray",type="rectangle",arc diameter=20,transparent=false,legend=None,font="Helvetica",size=10,font color="black")
text(name="visual_54",label="PB06",x=174,y=220,action="Open URL",url="",target="_self",entity="",datasource="NCOMS",flash="true",font="TimesRoman",size=10,justify="center",style="b",color="white")
text(name="visual_53",label="PB05",x=145,y=220,action="Open URL",url="",target="_self",entity="",datasource="NCOMS",flash="true",font="TimesRoman",size=10,justify="center",style="b",color="white")
text(name="visual_52",label="PB04",x=116,y=220,action="Open URL",url="",target="_self",entity="",datasource="NCOMS",flash="true",font="TimesRoman",size=10,justify="center",style="b",color="white")
text(name="visual_51",label="PB03",x=87,y=220,action="Open URL",url="",target="_self",entity="",datasource="NCOMS",flash="true",font="TimesRoman",size=10,justify="center",style="b",color="white")
text(name="visual_50",label="PB02",x=58,y=220,action="Open URL",url="",target="_self",entity="",datasource="NCOMS",flash="true",font="TimesRoman",size=10,justify="center",style="b",color="white")
text(name="visual_49",label="PB01",x=0,y=220,action="Open URL",url="",target="_self",entity="",datasource="NCOMS",flash="true",font="TimesRoman",size=10,justify="center",style="b",color="white")
text(name="visual_46",label="All",x=125,y=170,action="Open URL",url="",target="_self",entity="",datasource="NCOMS",flash="true",font="TimesRoman",size=10,justify="center",style="b",color="white")
text(name="visual_45",label="Unack",x=70,y=170,action="Open URL",url="",target="_self",entity="",datasource="NCOMS",flash="true",font="TimesRoman",size=10,justify="center",style="b",color="white")
button(name="visual_26",label="untitled",x=0,y=140,action="Open URL",url="",target="_self",w=295,h=7,color="gray",type="rectangle",arc diameter=20,transparent=false,legend=None,font="Helvetica",size=10,font color="black")
button(name="visual_23",label="untitled",x=174,y=115,action="Active Event List (AEL)",url="",target="main",entity="ALL_pb06",datasource="NCOMS",flash="true",w=25,h=20,type="rounded",arc diameter=20,legend=Count,font="Helvetica",size=10,font color="black",style="p")
button(name="visual_22",label="untitled",x=145,y=115,action="Active Event List (AEL)",url="",target="main",entity="ALL_pb05",datasource="NCOMS",flash="true",w=25,h=20,type="rounded",arc diameter=20,legend=Count,font="Helvetica",size=10,font color="black",style="p")
button(name="visual_21",label="untitled",x=116,y=115,action="Active Event List (AEL)",url="",target="main",entity="ALL_pb04",datasource="NCOMS",flash="true",w=25,h=20,type="rounded",arc diameter=20,legend=Count,font="Helvetica",size=10,font color="black",style="p")
button(name="visual_20",label="untitled",x=87,y=115,action="Active Event List (AEL)",url="",target="main",entity="ALL_pb03",datasource="NCOMS",flash="true",w=25,h=20,type="rounded",arc diameter=20,legend=Count,font="Helvetica",size=10,font color="black",style="p")
text(name="visual_17",label="PB06",x=174,y=110,action="Open URL",url="",target="_self",entity="",datasource="NCOMS",flash="true",font="TimesRoman",size=10,justify="center",style="b",color="white")
text(name="visual_13",label="PB05",x=145,y=110,action="Open URL",url="",target="_self",entity="",datasource="NCOMS",flash="true",font="TimesRoman",size=10,justify="center",style="b",color="white")
text(name="visual_12",label="PB04",x=116,y=110,action="Open URL",url="",target="_self",entity="",datasource="NCOMS",flash="true",font="TimesRoman",size=10,justify="center",style="b",color="white")
text(name="visual_11",label="PB03",x=87,y=110,action="Open URL",url="",target="_self",entity="",datasource="NCOMS",flash="true",font="TimesRoman",size=10,justify="center",style="b",color="white")
text(name="visual_6",label="PB02",x=58,y=110,action="Open URL",url="",target="_self",entity="",datasource="NCOMS",flash="true",font="TimesRoman",size=10,justify="center",style="b",color="white")
text(name="visual_5",label="PB01",x=0,y=110,action="Open URL",url="",target="_self",entity="",datasource="NCOMS",flash="true",font="TimesRoman",size=10,justify="center",style="b",color="white")
monitor(name="visual_24",label="Unacked",x=5,y=25,action="Active Event List (AEL)",url="",target="main",entity="CMG_UNACK",datasource="NCOMS",flash="true",w=75,h=70,w=75,h=70,type="lavalamp",show label=true,show total=true,show highest=false,show lowest=false,show metric=false,foreground color=black,background color=lightGray,font=Helvetica,size=10,style=p,show highest severity as border=true)
monitor(name="visual_25",label="All Alarms",x=90,y=25,action="Active Event List (AEL)",url="",target="main",entity="cmg_all",datasource="NCOMS",flash="true",w=75,h=70,w=75,h=70,type="lavalamp",show label=true,show total=true,show highest=false,show lowest=false,show metric=false,foreground color=black,background color=lightGray,font=Helvetica,size=10,style=p,show highest severity as border=true)
