map(name="SSZ_GSD_MAP",bgColor="#003366",w=207,h=850,acl="*")
text(name="KSR_APP",label="KSR",x=12,y=580,action="Open URL",url="http://www.yetisports.net/yetisports3/",target="main",entity="",datasource="NCOMS",flash="true",font="Helvetica",size=12,justify="center",style="",color="white")
text(name="FTG_2",label="TRACS",x=0,y=0,action="Open URL",url="http://www.yetisports.net/yetisports3/",target="main",entity="",datasource="NCOMS",flash="true",font="Helvetica",size=12,justify="center",style="",color="white")
button(name="TRACS_4",label="KSR",x=133,y=571,action="Active Event List (AEL)",url="",target="main",entity="APP_SCR_KSR_infra",datasource="NCOMS",flash="true",w=30,h=18,type="rounded",arc diameter=10,legend=Count,font="Helvetica",size=10,font color="black",style="+_fontStyle+")
button(name="TRACS_3",label="KSR",x=90,y=571,action="Active Event List (AEL)",url="",target="main",entity="APP_SCR_KSR_app",datasource="NCOMS",flash="true",w=30,h=18,type="rounded",arc diameter=10,legend=Count,font="Helvetica",size=10,font color="black",style="+_fontStyle+")
button(name="TRACS_11",label="FTG",x=30,y=634,action="Active Event List (AEL)",url="",target="main",entity="PB01_SSZ_Applications",datasource="NCOMS",flash="true",w=25,h=20,type="ellipse",arc diameter=15,legend=Count,font="Helvetica",size=10,font color="black",style="+_fontStyle+")
button(name="visual_2",label="0",x=60,y=634,action="Open URL",url="",target="_self",w=25,h=20,color="#33cc00",type="ellipse",arc diameter=15,transparent=false,legend=Label,font="Helvetica",size=10,font color="black")
button(name="TRACS_10",label="FTG",x=181,y=634,action="Active Event List (AEL)",url="",target="main",entity="PB06_SSZ_Applications",datasource="NCOMS",flash="true",w=25,h=20,type="ellipse",arc diameter=15,legend=Count,font="Helvetica",size=10,font color="black",style="+_fontStyle+")
text(name="PB06_SSZ_Application_label_2",label="PB06",x=180,y=630,action="Open URL",url="http://www.yetisports.net/yetisports3/",target="main",entity="",datasource="NCOMS",flash="true",font="Helvetica",size=10,justify="center",style="",color="white")
button(name="TRACS_9",label="FTG",x=0,y=634,action="Active Event List (AEL)",url="",target="main",entity="PB01A_SSZ_Applications",datasource="NCOMS",flash="true",w=25,h=20,type="ellipse",arc diameter=15,legend=Count,font="Helvetica",size=10,font color="black",style="+_fontStyle+")
button(name="TRACS_8",label="FTG",x=150,y=634,action="Active Event List (AEL)",url="",target="main",entity="PB05_SSZ_Applications",datasource="NCOMS",flash="true",w=25,h=20,type="ellipse",arc diameter=15,legend=Count,font="Helvetica",size=10,font color="black",style="+_fontStyle+")
button(name="TRACS_7",label="FTG",x=120,y=634,action="Active Event List (AEL)",url="",target="main",entity="PB04_SSZ_Applications",datasource="NCOMS",flash="true",w=25,h=20,type="ellipse",arc diameter=15,legend=Count,font="Helvetica",size=10,font color="black",style="+_fontStyle+")
button(name="TRACS_6",label="FTG",x=90,y=634,action="Active Event List (AEL)",url="",target="main",entity="PB03_SSZ_Applications",datasource="NCOMS",flash="true",w=25,h=20,type="ellipse",arc diameter=15,legend=Count,font="Helvetica",size=10,font color="black",style="+_fontStyle+")
button(name="TRACS_2",label="FTG",x=30,y=598,action="Active Event List (AEL)",url="",target="main",entity="All_SSZ_Applications",datasource="NCOMS",flash="true",w=25,h=20,type="ellipse",arc diameter=15,legend=Count,font="Helvetica",size=10,font color="black",style="+_fontStyle+")
button(name="TRACS_1",label="FTG",x=0,y=599,action="Active Event List (AEL)",url="",target="main",entity="Unack_SSZ_Applications",datasource="NCOMS",flash="true",w=25,h=20,type="ellipse",arc diameter=15,legend=Count,font="Helvetica",size=10,font color="black",style="+_fontStyle+")
text(name="PB04_SSZ_Application_label_7",label="PB03",x=90,y=630,action="Open URL",url="",target="main",entity="",datasource="NCOMS",flash="true",font="Helvetica",size=10,justify="center",style="",color="white")
text(name="PB03_SSZ_Application_label_6",label="PB02",x=60,y=630,action="Open URL",url="",target="main",entity="",datasource="NCOMS",flash="true",font="Helvetica",size=10,justify="center",style="",color="white")
text(name="PB02_SSZ_Application_label_5",label="PB01",x=31,y=630,action="Open URL",url="",target="main",entity="",datasource="NCOMS",flash="true",font="Helvetica",size=10,justify="center",style="",color="white")
text(name="PB05_SSZ_Application_label_4",label="PB04",x=120,y=630,action="Open URL",url="",target="main",entity="",datasource="NCOMS",flash="true",font="Helvetica",size=10,justify="center",style="",color="white")
text(name="Unack_SSZ_Application_label_3",label="Unack",x=0,y=593,action="Open URL",url="http://www.yetisports.net/yetisports3/",target="main",entity="",datasource="NCOMS",flash="true",font="Helvetica",size=10,justify="center",style="",color="white")
text(name="All_SSZ_Application_label_2",label="All",x=34,y=593,action="Open URL",url="http://www.yetisports.net/yetisports3/",target="main",entity="",datasource="NCOMS",flash="true",font="Helvetica",size=10,justify="center",style="",color="white")
text(name="PB06_SSZ_Application_label_1",label="PB05",x=150,y=630,action="Open URL",url="",target="main",entity="",datasource="NCOMS",flash="true",font="Helvetica",size=10,justify="center",style="",color="white")
text(name="PB01_SSZ_Application_label",label="PB01A",x=0,y=630,action="Open URL",url="http://www.yetisports.net/yetisports3/",target="main",entity="",datasource="NCOMS",flash="true",font="Helvetica",size=9,justify="center",style="",color="white")
text(name="FTG_1",label="TRACS",x=10,y=559,action="Open URL",url="http://www.yetisports.net/yetisports3/",target="main",entity="",datasource="NCOMS",flash="true",font="Helvetica",size=12,justify="center",style="",color="white")
button(name="TRACS",label="FTG",x=89,y=547,action="Active Event List (AEL)",url="",target="main",entity="APP_SSZ_TRACS",datasource="NCOMS",flash="true",w=30,h=18,type="rounded",arc diameter=10,legend=Count,font="Helvetica",size=10,font color="black",style="+_fontStyle+")
button(name="TES_4",label="FTG",x=135,y=518,action="Active Event List (AEL)",url="",target="main",entity="APP_SSZ_FTG",datasource="NCOMS",flash="true",w=30,h=18,type="rounded",arc diameter=10,legend=Count,font="Helvetica",size=10,font color="black",style="+_fontStyle+")
button(name="TES_3",label="FTG",x=90,y=518,action="Active Event List (AEL)",url="",target="main",entity="APP_SSZ_FTG",datasource="NCOMS",flash="true",w=30,h=18,type="rounded",arc diameter=10,legend=Count,font="Helvetica",size=10,font color="black",style="+_fontStyle+")
text(name="FTG",label="FTG",x=10,y=532,action="Open URL",url="http://www.yetisports.net/yetisports3/",target="main",entity="",datasource="NCOMS",flash="true",font="Helvetica",size=12,justify="center",style="",color="white")
button(name="LnC_Checks",label="LnC Checks",x=121,y=706,action="Active Event List (AEL)",url="",target="main",entity="App_LnC_Checks",datasource="NCOMS",flash="true",w=30,h=18,type="rounded",arc diameter=10,legend=Count,font="Helvetica",size=10,font color="black",style="+_fontStyle+")
text(name="Legal_Compliance",label="Legal_Compliance",x=7,y=721,action="Open URL",url="",target="main",entity="",datasource="NCOMS",flash="true",font="Helvetica",size=12,justify="center",style="",color="white")
button(name="HPSL Infra_10",label="HPSL Infra",x=135,y=237,action="Lightweight Event List (LEL)",url="",target="main",entity="APP_GSD_FCD_HPSL_infra",datasource="NCOMS",flash="true",w=30,h=18,type="rounded",arc diameter=10,legend=Count,font="Helvetica",size=10,font color="black",style="+_fontStyle+")
button(name="HPSL Infra_9",label="HPSL Infra",x=135,y=265,action="Lightweight Event List (LEL)",url="",target="main",entity="APP_GSD_FCD_HPSL_infra",datasource="NCOMS",flash="true",w=30,h=18,type="rounded",arc diameter=10,legend=Count,font="Helvetica",size=10,font color="black",style="+_fontStyle+")
button(name="HPSL Infra_8",label="HPSL Infra",x=135,y=293,action="Lightweight Event List (LEL)",url="",target="main",entity="APP_GSD_FCD_HPSL_infra",datasource="NCOMS",flash="true",w=30,h=18,type="rounded",arc diameter=10,legend=Count,font="Helvetica",size=10,font color="black",style="+_fontStyle+")
button(name="HPSL Infra_7",label="HPSL Infra",x=135,y=321,action="Lightweight Event List (LEL)",url="",target="main",entity="APP_GSD_FCD_HPSL_infra",datasource="NCOMS",flash="true",w=30,h=18,type="rounded",arc diameter=10,legend=Count,font="Helvetica",size=10,font color="black",style="+_fontStyle+")
button(name="HPSL Infra_6",label="HPSL Infra",x=135,y=349,action="Lightweight Event List (LEL)",url="",target="main",entity="APP_GSD_FCD_HPSL_infra",datasource="NCOMS",flash="true",w=30,h=18,type="rounded",arc diameter=10,legend=Count,font="Helvetica",size=10,font color="black",style="+_fontStyle+")
button(name="HPSL Infra_5",label="HPSL Infra",x=135,y=377,action="Lightweight Event List (LEL)",url="",target="main",entity="APP_GSD_FCD_HPSL_infra",datasource="NCOMS",flash="true",w=30,h=18,type="rounded",arc diameter=10,legend=Count,font="Helvetica",size=10,font color="black",style="+_fontStyle+")
button(name="HPSL Infra_4",label="HPSL Infra",x=135,y=405,action="Lightweight Event List (LEL)",url="",target="main",entity="APP_SSZ_DOX_infra",datasource="NCOMS",flash="true",w=30,h=18,type="rounded",arc diameter=10,legend=Count,font="Helvetica",size=10,font color="black",style="+_fontStyle+")
button(name="HPSL Infra_3",label="HPSL Infra",x=135,y=433,action="Lightweight Event List (LEL)",url="",target="main",entity="APP_GSD_FCD_HPSL_infra",datasource="NCOMS",flash="true",w=30,h=18,type="rounded",arc diameter=10,legend=Count,font="Helvetica",size=10,font color="black",style="+_fontStyle+")
button(name="HPSL Infra_2",label="HPSL Infra",x=135,y=460,action="Lightweight Event List (LEL)",url="",target="main",entity="APP_GSD_FCD_HPSL_infra",datasource="NCOMS",flash="true",w=30,h=18,type="rounded",arc diameter=10,legend=Count,font="Helvetica",size=10,font color="black",style="+_fontStyle+")
button(name="HPSL App_14",label="HPSL App",x=90,y=460,action="Active Event List (AEL)",url="",target="main",entity="App_SSZ_CMIS",datasource="NCOMS",flash="true",w=30,h=18,type="rounded",arc diameter=10,legend=Count,font="Helvetica",size=10,font color="black",style="+_fontStyle+")
button(name="HPSL App_13",label="HPSL App",x=90,y=433,action="Active Event List (AEL)",url="",target="main",entity="App_SSZ_Zcal",datasource="NCOMS",flash="true",w=30,h=18,type="rounded",arc diameter=10,legend=Count,font="Helvetica",size=10,font color="black",style="+_fontStyle+")
button(name="HPSL App_12",label="HPSL App",x=90,y=405,action="Active Event List (AEL)",url="",target="main",entity="App_SSZ_Dox",datasource="NCOMS",flash="true",w=30,h=18,type="rounded",arc diameter=10,legend=Count,font="Helvetica",size=10,font color="black",style="+_fontStyle+")
button(name="HPSL App_11",label="HPSL App",x=90,y=377,action="Active Event List (AEL)",url="",target="main",entity="AOL_Swiss",datasource="NCOMS",flash="true",w=30,h=18,type="rounded",arc diameter=10,legend=Count,font="Helvetica",size=10,font color="black",style="+_fontStyle+")
button(name="HPSL App_10",label="HPSL App",x=90,y=349,action="Active Event List (AEL)",url="",target="main",entity="Risk_Online",datasource="NCOMS",flash="true",w=30,h=18,type="rounded",arc diameter=10,legend=Count,font="Helvetica",size=10,font color="black",style="+_fontStyle+")
button(name="HPSL App_9",label="HPSL App",x=90,y=321,action="Active Event List (AEL)",url="",target="main",entity="APP_SSZ_CReW",datasource="NCOMS",flash="true",w=30,h=18,type="rounded",arc diameter=10,legend=Count,font="Helvetica",size=10,font color="black",style="+_fontStyle+")
button(name="HPSL App_8",label="HPSL App",x=90,y=293,action="Active Event List (AEL)",url="",target="main",entity="APP_SSZ_SRM",datasource="NCOMS",flash="true",w=30,h=18,type="rounded",arc diameter=10,legend=Count,font="Helvetica",size=10,font color="black",style="+_fontStyle+")
button(name="HPSL App_7",label="HPSL App",x=90,y=265,action="Active Event List (AEL)",url="",target="main",entity="APP_SSZ_Rex_Zur",datasource="NCOMS",flash="true",w=30,h=18,type="rounded",arc diameter=10,legend=Count,font="Helvetica",size=10,font color="black",style="+_fontStyle+")
text(name="CMIS",label="CMIS",x=10,y=476,action="Open URL",url="",target="_self",entity="",datasource="NCOMS",flash="true",font="Helvetica",size=12,justify="center",style="",color="white")
text(name="ZCAL",label="ZCAL",x=10,y=448,action="Open URL",url="",target="_self",entity="",datasource="NCOMS",flash="true",font="Helvetica",size=12,justify="center",style="",color="white")
text(name="DOX - Swiss",label="DOX - Swiss",x=10,y=420,action="Open URL",url="",target="_self",entity="",datasource="NCOMS",flash="true",font="Helvetica",size=12,justify="center",style="",color="white")
text(name="AOL Swiss",label="AOL Swiss",x=10,y=392,action="Open URL",url="",target="_self",entity="",datasource="NCOMS",flash="true",font="Helvetica",size=12,justify="center",style="",color="white")
text(name="Risk Online",label="Risk Online",x=10,y=364,action="Open URL",url="",target="_self",entity="",datasource="NCOMS",flash="true",font="Helvetica",size=12,justify="center",style="",color="white")
text(name="CReW",label="CReW",x=10,y=336,action="Open URL",url="",target="_self",entity="",datasource="NCOMS",flash="true",font="Helvetica",size=12,justify="center",style="",color="white")
text(name="SRM",label="SRM",x=10,y=308,action="Open URL",url="",target="_self",entity="",datasource="NCOMS",flash="true",font="Helvetica",size=12,justify="center",style="",color="white")
text(name="Rex-ZUR",label="Rex",x=10,y=280,action="Open URL",url="",target="_self",entity="",datasource="NCOMS",flash="true",font="Helvetica",size=12,justify="center",style="",color="white")
text(name="DMG(Data Amangement)_1",label="DMG",x=0,y=0,action="Open URL",url="",target="_self",entity="",datasource="NCOMS",flash="true",font="Helvetica",size=12,justify="center",style="b",color="white")
button(name="HPSL App_3",label="HPSL App",x=90,y=237,action="Active Event List (AEL)",url="",target="main",entity="APP_SSZ_DMG",datasource="NCOMS",flash="true",w=30,h=18,type="rounded",arc diameter=10,legend=Count,font="Helvetica",size=10,font color="black",style="+_fontStyle+")
text(name="DMG(Data Amangement)",label="DMG",x=9,y=252,action="Open URL",url="",target="_self",entity="",datasource="NCOMS",flash="true",font="Helvetica",size=12,justify="center",style="",color="white")
button(name="HPSL App_6",label="SRM",x=122,y=821,action="Active Event List (AEL)",url="",target="main",entity="SRM_Checks",datasource="NCOMS",flash="true",w=30,h=18,type="rounded",arc diameter=10,legend=Count,font="Helvetica",size=10,font color="black",style="+_fontStyle+")
button(name="HPSL App_5",label="FCD",x=121,y=790,action="Active Event List (AEL)",url="",target="main",entity="FCD_Checks",datasource="NCOMS",flash="true",w=30,h=18,type="rounded",arc diameter=10,legend=Count,font="Helvetica",size=10,font color="black",style="+_fontStyle+")
button(name="HPSL App_2",label="REX",x=121,y=760,action="Active Event List (AEL)",url="",target="main",entity="Rex_Checks",datasource="NCOMS",flash="true",w=30,h=18,type="rounded",arc diameter=10,legend=Count,font="Helvetica",size=10,font color="black",style="+_fontStyle+")
button(name="HPSL App_1",label="DMG",x=121,y=731,action="Active Event List (AEL)",url="",target="main",entity="DMG_Checks",datasource="NCOMS",flash="true",w=30,h=18,type="rounded",arc diameter=10,legend=Count,font="Helvetica",size=10,font color="black",style="+_fontStyle+")
text(name="Check4",label="SRM",x=11,y=832,action="Open URL",url="",target="main",entity="",datasource="NCOMS",flash="true",font="Helvetica",size=12,justify="center",style="",color="white")
text(name="Check3",label="FCD",x=10,y=803,action="Open URL",url="",target="main",entity="",datasource="NCOMS",flash="true",font="Helvetica",size=12,justify="center",style="",color="white")
text(name="Check2",label="REX",x=11,y=774,action="Open URL",url="",target="main",entity="",datasource="NCOMS",flash="true",font="Helvetica",size=12,justify="center",style="",color="white")
text(name="Check1",label="DMG",x=8,y=748,action="Open URL",url="",target="main",entity="",datasource="NCOMS",flash="true",font="Helvetica",size=12,justify="center",style="",color="white")
button(name="FCD Applications _2",label="System Health Checks            ",x=5,y=672,action="Open URL",url="",target="main",w=161,h=20,color="#ccccff",type="rectangle",arc diameter=20,transparent=false,legend=Label,font="Helvetica",size=12,font color="#330000")
text(name="Infra_Label",label="Infra",x=136,y=195,action="Open URL",url="",target="",entity="",datasource="NCOMS",flash="true",font="Helvetica",size=12,justify="center",style="p",color="white")
text(name="App_Label",label="App",x=94,y=195,action="Open URL",url="",target="",entity="",datasource="NCOMS",flash="true",font="Helvetica",size=12,justify="center",style="p",color="white")
text(name="APP_GSD_RISK_App_Mgmt_AllEvents_Label2",label="Events",x=1,y=155,action="Open URL",url="",target="main",entity="",datasource="NCOMS",flash="true",font="Helvetica",size=12,justify="center",style="p",color="white")
text(name="APP_GSD_RISK_App_Mgmt_AllEvents_Label1",label="All",x=10,y=140,action="Open URL",url="",target="main",entity="",datasource="NCOMS",flash="true",font="Helvetica",size=12,justify="center",style="p",color="white")
text(name="APP_GSD_RISK_App_Mgmt_UnAck",label="UnAck",x=1,y=90,action="Open URL",url="",target="main",entity="",datasource="NCOMS",flash="true",font="Helvetica",size=12,justify="center",style="p",color="white")
monitor(name="UnAck",label="UnAck",x=56,y=53,action="Active Event List (AEL)",url="",target="main",entity="APP_GSD_FCD_unacked",datasource="NCOMS",flash="true",w=121,h=56,w=121,h=56,type="lavalamp",show label=false,show total=true,show highest=false,show lowest=false,show metric=false,foreground color=black,background color=lightGray,font=Helvetica,size=10,style=p,show highest severity as border=true)
monitor(name="All Events",label="All Events",x=56,y=118,action="Active Event List (AEL)",url="",target="main",entity="APP_GSD_FCD_allevents",datasource="NCOMS",flash="true",w=121,h=56,w=121,h=56,type="lavalamp",show label=false,show total=true,show highest=false,show lowest=false,show metric=false,foreground color=black,background color=lightGray,font=Helvetica,size=10,style=p,show highest severity as border=true)
text(name="HPSL2r",label="HPSL2r",x=10,y=504,action="Open URL",url="http://www.yetisports.net/yetisports3/",target="main",entity="",datasource="NCOMS",flash="true",font="Helvetica",size=12,justify="center",style="",color="white")
text(name="APP_GSD_RISK_Label2",label="Application Management",x=3,y=39,action="Open URL",url="$(SERVER)/usequities/useq_main.html?USEQ_Detox",target="main",entity="",datasource="NCOMS",flash="true",font="Helvetica",size=14,justify="center",style="b",color="#9999ff")
text(name="APP_GSD_SSZ",label="SSZ GSD",x=55,y=19,action="Open URL",url="$(SERVER)/usequities/useq_main.html?USEQ_Detox",target="main",entity="",datasource="NCOMS",flash="true",font="Helvetica",size=14,justify="center",style="b",color="#9999ff")
button(name="HPSL Infra",label="HPSL Infra",x=135,y=489,action="Lightweight Event List (LEL)",url="",target="main",entity="APP_GSD_FCD_HPSL_infra",datasource="NCOMS",flash="true",w=30,h=18,type="rounded",arc diameter=10,legend=Count,font="Helvetica",size=10,font color="black",style="+_fontStyle+")
button(name="FCD Applications_1",label="SSZ Applications             ",x=6,y=208,action="Open URL",url="",target="main",w=162,h=20,color="#ccccff",type="rectangle",arc diameter=20,transparent=false,legend=Label,font="Helvetica",size=12,font color="#330000")
button(name="HPSL App",label="HPSL2r",x=90,y=489,action="Active Event List (AEL)",url="",target="main",entity="App_SSZ_HPSL2r",datasource="NCOMS",flash="true",w=30,h=18,type="rounded",arc diameter=10,legend=Count,font="Helvetica",size=10,font color="black",style="+_fontStyle+")
