map(name="USEQPTMap_Lego",bgImage="Qlego_mm.gif",bgColor="white",w=500,h=500,acl="*")
monitor(name="LEGO DB Server",label="LEGO DB Server",x=348,y=424,action="ael",url="$(SERVER)/Template/ael.html?System_Filter=USEQPT_LEGODBserver",target="",entity="USEQPT_LEGODBserver",w=134,h=55,w=134,h=55,type="lavalamp",show label=true,show total=false,show highest=false,show lowest=false,show metric=false,foreground color=black,background color=lightGray,font=Helvetica,size=10,style=p,show highest severity as border=false)
monitor(name="Lego Overview",label="Lego Overview",x=352,y=13,action="ael",url="$(SERVER)/Template/ael.html?System_Filter=USEQPT_LEGOAppServer",target="",entity="USEQPT_LEGOOverview",w=124,h=50,w=124,h=50,type="lavalamp",show label=true,show total=false,show highest=false,show lowest=false,show metric=false,foreground color=black,background color=lightGray,font=Helvetica,size=10,style=p,show highest severity as border=true)
monitor(name="Market Links Overview",label="Market Links Overview",x=354,y=298,action="ael",url="$(SERVER)/Template/ael.html?System_Filter=USEQPT_LEGOMrkAppServer",target="",entity="USEQPT_LEGOMrkAppServer",w=124,h=50,w=124,h=50,type="lavalamp",show label=true,show total=false,show highest=false,show lowest=false,show metric=false,foreground color=black,background color=lightGray,font=Helvetica,size=10,style=p,show highest severity as border=true)
button(name="NYFIX links",label="NyFIX links",x=186,y=429,action="ael",url="$(SERVER)/Template/ael.html?System_Filter=USEQPT_LEGOmktlnxNYFIX",target="",entity="USEQPT_LEGOmktlnxNYFIX",w=72,h=51,type="rectangle",arc diameter=20,legend=Label,font="Helvetica",size=10,font color="black",style="+_fontStyle+")
button(name="ARCA links",label="ARCA links",x=102,y=429,action="ael",url="$(SERVER)/Template/ael.html?System_Filter=USEQPT_LEGOmktlnxARCA",target="",entity="USEQPT_LEGOmktlnxARCA",w=72,h=51,type="rectangle",arc diameter=20,legend=Label,font="Helvetica",size=10,font color="black",style="+_fontStyle+")
button(name="AMEX links",label="AMEX links",x=268,y=369,action="ael",url="$(SERVER)/Template/ael.html?System_Filter=USEQPT_LEGOmktlnxAMX1",target="",entity="USEQPT_LEGOmktlnxAMX1",w=72,h=51,type="rectangle",arc diameter=20,legend=Label,font="Helvetica",size=10,font color="black",style="+_fontStyle+")
button(name="Schwab links",label="Schwab links",x=186,y=369,action="ael",url="$(SERVER)/Template/ael.html?System_Filter=USEQPT_LEGOmktlnxSCHB",target="",entity="USEQPT_LEGOmktlnxSCHB",w=72,h=51,type="rectangle",arc diameter=20,legend=Label,font="Helvetica",size=10,font color="black",style="+_fontStyle+")
button(name="NITE links",label="NITE links",x=102,y=368,action="ael",url="$(SERVER)/Template/ael.html?System_Filter=USEQPT_LEGOmktlnxNITE",target="",entity="USEQPT_LEGOmktlnxNITE",w=72,h=51,type="rectangle",arc diameter=20,legend=Label,font="Helvetica",size=10,font color="black",style="+_fontStyle+")
button(name="NYSE links",label="NYSE links",x=269,y=309,action="ael",url="$(SERVER)/Template/ael.html?System_Filter=USEQPT_LEGOmktlnxNYS",target="",entity="USEQPT_LEGOmktlnxNYS",w=72,h=51,type="rectangle",arc diameter=20,legend=Label,font="Helvetica",size=10,font color="black",style="+_fontStyle+")
button(name="Island links",label="Island links",x=186,y=309,action="ael",url="$(SERVER)/Template/ael.html?System_Filter=USEQPT_LEGOmktlnxISLD",target="",entity="USEQPT_LEGOmktlnxISLD",w=72,h=51,type="rectangle",arc diameter=20,legend=Label,font="Helvetica",size=10,font color="black",style="+_fontStyle+")
button(name="SLK links",label="SLK links",x=102,y=308,action="ael",url="$(SERVER)/Template/ael.html?System_Filter=USEQPT_LEGOmktlnxSLK",target="",entity="USEQPT_LEGOmktlnxSLK",w=72,h=51,type="rectangle",arc diameter=20,legend=Label,font="Helvetica",size=10,font color="black",style="+_fontStyle+")
button(name="Trade Publisher",label="Trade Publisher",x=269,y=241,action="ael",url="$(SERVER)/Template/ael.html?System_Filter=USEQPT_TETRIStradepublisher",target="",entity="USEQPT_LEGOpubtrade",w=72,h=35,type="ellipse",arc diameter=20,legend=Label,font="Helvetica",size=9,font color="black",style="+_fontStyle+")
button(name="Opera OESs",label="Opera OESs",x=271,y=178,action="ael",url="$(SERVER)/Template/ael.html?System_Filter=USEQPT_OPERAoes",target="",entity="USEQPT_OPERAoes",w=71,h=50,type="rectangle",arc diameter=20,legend=Label,font="Helvetica",size=10,font color="black",style="+_fontStyle+")
button(name="LEGO OESs",label="LEGO OESs",x=139,y=178,action="ael",url="$(SERVER)/Template/ael.html?System_Filter=USEQPT_LEGOoes",target="",entity="USEQPT_LEGOoes",w=71,h=51,type="rectangle",arc diameter=20,legend=Label,font="Helvetica",size=10,font color="black",style="+_fontStyle+")
button(name="RDS",label="RDS",x=274,y=117,action="ael",url="$(SERVER)/Template/ael.html?System_Filter=USEQPT_LEGOrds",target="",entity="USEQPT_LEGOrds",w=54,h=28,type="ellipse",arc diameter=20,legend=Label,font="Helvetica",size=10,font color="black",style="+_fontStyle+")
button(name="MDSs",label="MDSs",x=280,y=80,action="ael",url="$(SERVER)/Template/ael.html?System_Filter=USEQPT_LEGOmds",target="",entity="USEQPT_LEGOmds",w=50,h=32,type="rectangle",arc diameter=20,legend=Label,font="Helvetica",size=10,font color="black",style="+_fontStyle+")
button(name="RAs",label="RAs",x=272,y=30,action="ael",url="$(SERVER)/Template/ael.html?System_Filter=USEQPT_LEGOra",target="",entity="USEQPT_LEGOra",w=64,h=38,type="rectangle",arc diameter=20,legend=Label,font="Helvetica",size=10,font color="black",style="+_fontStyle+")
button(name="Controller",label="Controller",x=184,y=67,action="ael",url="$(SERVER)/Template/ael.html?System_Filter=USEQPT_LEGOcontroller",target="",entity="USEQPT_LEGOcontroller",w=69,h=35,type="ellipse",arc diameter=20,legend=Label,font="Helvetica",size=10,font color="black",style="+_fontStyle+")
button(name="GUIs",label="GUIs",x=188,y=2,action="go",url="$(SERVER)/Template/ael.html?System_Filter=USEQPT_LEGOdesktop",target="_self",entity="USEQPT_LEGOdesktop",w=67,h=33,type="rectangle",arc diameter=20,legend=Label,font="Helvetica",size=10,font color="black",style="+_fontStyle+")
button(name="Strategy Engines",label="Strategy Engines",x=183,y=106,action="ael",url="$(SERVER)/Template/ael.html?System_Filter=USEQPT_LEGOstrategyengines",target="",entity="USEQPT_LEGOstrategyengines",w=74,h=54,type="rectangle",arc diameter=20,legend=Label,font="Helvetica",size=9,font color="black",style="+_fontStyle+")
button(name="Manual Engines",label="Manual Engines",x=101,y=108,action="ael",url="$(SERVER)/Template/ael.html?System_Filter=USEQPT_LEGOmanualengines",target="",entity="USEQPT_LEGOmanualengines",w=72,h=51,type="rectangle",arc diameter=20,legend=Label,font="Helvetica",size=9,font color="black",style="+_fontStyle+")
