map(name="WMSB_AIX",bgImage="",bgColor="#003366",w="230",h="519",acl="*")
text(datasource="NCOMS",action="Open URL",flash="true",target="main",entity="",justify="center",font="Helvetica",color="white",label="UAT",style="p",y="309",url="",size="14",name="WMSB_AIX_name_UAT",x="100")
text(datasource="NCOMS",action="Open URL",flash="true",target="main",entity="",justify="center",font="Helvetica",color="white",label="DEV",style="p",y="194",url="",size="14",name="WMSB_AIX_name_DEV",x="100")
text(datasource="NCOMS",action="Open URL",flash="true",target="main",entity="",justify="center",font="Helvetica",color="white",label="ITS",style="p",y="159",url="",size="14",name="WMSB_AIX_name_ITS",x="100")
text(datasource="NCOMS",action="Open URL",flash="true",target="main",entity="",justify="center",font="Helvetica",color="white",label="PROD",style="p",y="124",url="",size="14",name="WMSB_AIX_name_PROD",x="100")
text(datasource="NCOMS",action="Open URL",flash="true",target="main",entity="",justify="center",font="Helvetica",color="white",label="total",style="p",y="66",url="",size="14",name="WMSB_AIX_name_total",x="67")
button(legend="Count",arc diameter="10",type="rounded",url="",datasource="NCOMS",label="untitled",font color="blue",y="293",x="160",w="31",entity="WMSB_AIX_asagent",font="Helvetica",size="10",flash="true",action="Active Event List (AEL)",h="20",style="p",target="main",name="WMSB_AIX_asagent")
button(legend="Count",arc diameter="10",type="rounded",url="",datasource="NCOMS",label="untitled",font color="blue",y="179",x="160",w="31",entity="WMSB_AIX_DEV",font="Helvetica",size="10",flash="true",action="Active Event List (AEL)",h="20",style="p",target="main",name="WMSB_AIX_DEV")
button(legend="Count",arc diameter="10",type="rounded",url="",datasource="NCOMS",label="untitled",font color="blue",y="141",x="160",w="31",entity="WMSB_AIX_ITS",font="Helvetica",size="10",flash="true",action="Active Event List (AEL)",h="20",style="p",target="main",name="WMSB_AIX_ITS")
button(legend="Count",arc diameter="10",type="rounded",url="",datasource="NCOMS",label="untitled",font color="blue",y="106",x="160",w="31",entity="WMSB_AIX_PROD",font="Helvetica",size="10",flash="true",action="Active Event List (AEL)",h="20",style="p",target="main",name="WMSB_AIX_PROD")
monitor(show highest="false",type="lavalamp",url="",show lowest="false",show highest severity as border="false",datasource="NCOMS",label="total",show total="true",y="38",x="115",w="88",entity="WMSB_AIX_total",font="Helvetica",size="10",flash="true",action="Active Event List (AEL)",style="p",show label="false",h="50",foreground color="black",background color="lightGray",show metric="false",target="main",name="total")
line(action="Open URL",datasource="NCOMS",flash="true",target="_self",y2="230",entity="",thickness="4",x2="216",label="untitled",y="230",url="",name="visual_5",x="7")
line(action="Open URL",datasource="NCOMS",flash="true",target="_self",y2="266",entity="",thickness="4",x2="217",label="untitled",y="266",url="",name="visual_4",x="6")
line(action="Open URL",datasource="NCOMS",flash="true",target="_self",y2="26",entity="",thickness="4",x2="203",label="untitled",y="26",url="",name="visual_3",x="17")
line(action="Open URL",datasource="NCOMS",flash="true",target="_self",y2="4",entity="",thickness="4",x2="223",label="untitled",y="4",url="",name="visual_1",x="10")
text(datasource="NCOMS",action="Open URL",flash="true",target="main",entity="",justify="center",font="Helvetica",color="white",label="asagent test",y="253",style="p",url="",size="14",name="WMSB_AIX_name_block2",x="66")
text(datasource="NCOMS",action="Open URL",flash="true",target="main",entity="",justify="center",font="Helvetica",color="white",label="DWH SAP",y="23",style="p",url="",size="14",name="WMSB_AIX_name_block1",x="64")
